Component: ARM Compiler 5.06 update 6 (build 750) Tool: armlink [4d35ed]

==============================================================================

Section Cross References

    startup_stm32f407xx.o(RESET) refers to startup_stm32f407xx.o(STACK) for __initial_sp
    startup_stm32f407xx.o(RESET) refers to startup_stm32f407xx.o(.text) for Reset_Handler
    startup_stm32f407xx.o(RESET) refers to stm32f4xx_it.o(i.NMI_Handler) for NMI_Handler
    startup_stm32f407xx.o(RESET) refers to stm32f4xx_it.o(i.HardFault_Handler) for HardFault_Handler
    startup_stm32f407xx.o(RESET) refers to stm32f4xx_it.o(i.MemManage_Handler) for MemManage_Handler
    startup_stm32f407xx.o(RESET) refers to stm32f4xx_it.o(i.BusFault_Handler) for BusFault_Handler
    startup_stm32f407xx.o(RESET) refers to stm32f4xx_it.o(i.UsageFault_Handler) for UsageFault_Handler
    startup_stm32f407xx.o(RESET) refers to port.o(.emb_text) for SVC_Handler
    startup_stm32f407xx.o(RESET) refers to stm32f4xx_it.o(i.DebugMon_Handler) for DebugMon_Handler
    startup_stm32f407xx.o(RESET) refers to stm32f4xx_it.o(i.SysTick_Handler) for SysTick_Handler
    startup_stm32f407xx.o(RESET) refers to can.o(i.CAN1_RX0_IRQHandler) for CAN1_RX0_IRQHandler
    startup_stm32f407xx.o(RESET) refers to usart.o(i.USART2_IRQHandler) for USART2_IRQHandler
    startup_stm32f407xx.o(RESET) refers to usart.o(i.USART3_IRQHandler) for USART3_IRQHandler
    startup_stm32f407xx.o(RESET) refers to tim.o(i.TIM5_IRQHandler) for TIM5_IRQHandler
    startup_stm32f407xx.o(RESET) refers to usart.o(i.UART4_IRQHandler) for UART4_IRQHandler
    startup_stm32f407xx.o(RESET) refers to can.o(i.CAN2_RX0_IRQHandler) for CAN2_RX0_IRQHandler
    startup_stm32f407xx.o(RESET) refers to stm32f4xx_it.o(i.OTG_FS_IRQHandler) for OTG_FS_IRQHandler
    startup_stm32f407xx.o(RESET) refers to usart.o(i.USART6_IRQHandler) for USART6_IRQHandler
    startup_stm32f407xx.o(.text) refers to system_stm32f4xx.o(i.SystemInit) for SystemInit
    startup_stm32f407xx.o(.text) refers to entry.o(.ARM.Collect$$$$00000000) for __main
    usbd_cdc_if.o(i.CDC_Init_FS) refers to usbd_cdc.o(i.USBD_CDC_SetTxBuffer) for USBD_CDC_SetTxBuffer
    usbd_cdc_if.o(i.CDC_Init_FS) refers to usbd_cdc.o(i.USBD_CDC_SetRxBuffer) for USBD_CDC_SetRxBuffer
    usbd_cdc_if.o(i.CDC_Init_FS) refers to usbd_cdc_if.o(.data) for .data
    usbd_cdc_if.o(i.CDC_Init_FS) refers to usb_device.o(.bss) for hUsbDeviceFS
    usbd_cdc_if.o(i.CDC_Receive_FS) refers to usbd_cdc.o(i.USBD_CDC_SetRxBuffer) for USBD_CDC_SetRxBuffer
    usbd_cdc_if.o(i.CDC_Receive_FS) refers to usbd_cdc.o(i.USBD_CDC_ReceivePacket) for USBD_CDC_ReceivePacket
    usbd_cdc_if.o(i.CDC_Receive_FS) refers to usb_device.o(.bss) for hUsbDeviceFS
    usbd_cdc_if.o(i.CDC_Transmit_FS) refers to usbd_cdc.o(i.USBD_CDC_SetTxBuffer) for USBD_CDC_SetTxBuffer
    usbd_cdc_if.o(i.CDC_Transmit_FS) refers to usbd_cdc.o(i.USBD_CDC_TransmitPacket) for USBD_CDC_TransmitPacket
    usbd_cdc_if.o(i.CDC_Transmit_FS) refers to usb_device.o(.bss) for hUsbDeviceFS
    usbd_cdc_if.o(.data) refers to usbd_cdc_if.o(i.CDC_Init_FS) for CDC_Init_FS
    usbd_cdc_if.o(.data) refers to usbd_cdc_if.o(i.CDC_DeInit_FS) for CDC_DeInit_FS
    usbd_cdc_if.o(.data) refers to usbd_cdc_if.o(i.CDC_Control_FS) for CDC_Control_FS
    usbd_cdc_if.o(.data) refers to usbd_cdc_if.o(i.CDC_Receive_FS) for CDC_Receive_FS
    usb_device.o(i.MX_USB_DEVICE_Init) refers to usbd_core.o(i.USBD_Init) for USBD_Init
    usb_device.o(i.MX_USB_DEVICE_Init) refers to usbd_core.o(i.USBD_RegisterClass) for USBD_RegisterClass
    usb_device.o(i.MX_USB_DEVICE_Init) refers to usbd_cdc.o(i.USBD_CDC_RegisterInterface) for USBD_CDC_RegisterInterface
    usb_device.o(i.MX_USB_DEVICE_Init) refers to usbd_core.o(i.USBD_Start) for USBD_Start
    usb_device.o(i.MX_USB_DEVICE_Init) refers to usbd_desc.o(.data) for FS_Desc
    usb_device.o(i.MX_USB_DEVICE_Init) refers to usb_device.o(.bss) for .bss
    usb_device.o(i.MX_USB_DEVICE_Init) refers to usbd_cdc.o(.data) for USBD_CDC
    usb_device.o(i.MX_USB_DEVICE_Init) refers to usbd_cdc_if.o(.data) for USBD_Interface_fops_FS
    usbd_desc.o(i.USBD_FS_ConfigStrDescriptor) refers to usbd_ctlreq.o(i.USBD_GetString) for USBD_GetString
    usbd_desc.o(i.USBD_FS_ConfigStrDescriptor) refers to usbd_desc.o(.bss) for .bss
    usbd_desc.o(i.USBD_FS_DeviceDescriptor) refers to usbd_desc.o(.data) for .data
    usbd_desc.o(i.USBD_FS_InterfaceStrDescriptor) refers to usbd_ctlreq.o(i.USBD_GetString) for USBD_GetString
    usbd_desc.o(i.USBD_FS_InterfaceStrDescriptor) refers to usbd_desc.o(.bss) for .bss
    usbd_desc.o(i.USBD_FS_LangIDStrDescriptor) refers to usbd_desc.o(.data) for .data
    usbd_desc.o(i.USBD_FS_ManufacturerStrDescriptor) refers to usbd_ctlreq.o(i.USBD_GetString) for USBD_GetString
    usbd_desc.o(i.USBD_FS_ManufacturerStrDescriptor) refers to usbd_desc.o(.bss) for .bss
    usbd_desc.o(i.USBD_FS_ProductStrDescriptor) refers to usbd_ctlreq.o(i.USBD_GetString) for USBD_GetString
[...]
    _printf_g                                0x00000000   Number         0  stubs.o ABSOLUTE
    _printf_i                                0x00000000   Number         0  stubs.o ABSOLUTE
    _printf_int_dec                          0x00000000   Number         0  stubs.o ABSOLUTE
    _printf_l                                0x00000000   Number         0  stubs.o ABSOLUTE
    _printf_lc                               0x00000000   Number         0  stubs.o ABSOLUTE
    _printf_ll                               0x00000000   Number         0  stubs.o ABSOLUTE
    _printf_lld                              0x00000000   Number         0  stubs.o ABSOLUTE
    _printf_lli                              0x00000000   Number         0  stubs.o ABSOLUTE
    _printf_llo                              0x00000000   Number         0  stubs.o ABSOLUTE
    _printf_llu                              0x00000000   Number         0  stubs.o ABSOLUTE
    _printf_llx                              0x00000000   Number         0  stubs.o ABSOLUTE
    _printf_longlong_dec                     0x00000000   Number         0  stubs.o ABSOLUTE
    _printf_longlong_hex                     0x00000000   Number         0  stubs.o ABSOLUTE
    _printf_longlong_oct                     0x00000000   Number         0  stubs.o ABSOLUTE
    _printf_ls                               0x00000000   Number         0  stubs.o ABSOLUTE
    _printf_mbtowc                           0x00000000   Number         0  stubs.o ABSOLUTE
    _printf_n                                0x00000000   Number         0  stubs.o ABSOLUTE
    _printf_o                                0x00000000   Number         0  stubs.o ABSOLUTE
    _printf_p                                0x00000000   Number         0  stubs.o ABSOLUTE
    _printf_percent                          0x00000000   Number         0  stubs.o ABSOLUTE
    _printf_pre_padding                      0x00000000   Number         0  stubs.o ABSOLUTE
    _printf_return_value                     0x00000000   Number         0  stubs.o ABSOLUTE
    _printf_s                                0x00000000   Number         0  stubs.o ABSOLUTE
    _printf_sizespec                         0x00000000   Number         0  stubs.o ABSOLUTE
    _printf_str                              0x00000000   Number         0  stubs.o ABSOLUTE
    _printf_truncate_signed                  0x00000000   Number         0  stubs.o ABSOLUTE
    _printf_truncate_unsigned                0x00000000   Number         0  stubs.o ABSOLUTE
    _printf_u                                0x00000000   Number         0  stubs.o ABSOLUTE
    _printf_wc                               0x00000000   Number         0  stubs.o ABSOLUTE
    _printf_wctomb                           0x00000000   Number         0  stubs.o ABSOLUTE
    _printf_widthprec                        0x00000000   Number         0  stubs.o ABSOLUTE
    _printf_x                                0x00000000   Number         0  stubs.o ABSOLUTE
    __cpp_initialize__aeabi_                  - Undefined Weak Reference
    __cxa_finalize                            - Undefined Weak Reference
    __decompress                              - Undefined Weak Reference
    _clock_init                               - Undefined Weak Reference
    _microlib_exit                            - Undefined Weak Reference
    __Vectors_Size                           0x00000188   Number         0  startup_stm32f407xx.o ABSOLUTE
    __Vectors                                0x08000000   Data           4  startup_stm32f407xx.o(RESET)
    __Vectors_End                            0x08000188   Data           0  startup_stm32f407xx.o(RESET)
    __main                                   0x08000189   Thumb Code     0  entry.o(.ARM.Collect$$$$00000000)
    _main_stk                                0x08000189   Thumb Code     0  entry2.o(.ARM.Collect$$$$00000001)
    _main_scatterload                        0x0800018d   Thumb Code     0  entry5.o(.ARM.Collect$$$$00000004)
    __main_after_scatterload                 0x08000191   Thumb Code     0  entry5.o(.ARM.Collect$$$$00000004)
    _main_clock                              0x08000191   Thumb Code     0  entry7b.o(.ARM.Collect$$$$00000008)
    _main_cpp_init                           0x08000191   Thumb Code     0  entry8b.o(.ARM.Collect$$$$0000000A)
    _main_init                               0x08000191   Thumb Code     0  entry9a.o(.ARM.Collect$$$$0000000B)
    __rt_final_cpp                           0x08000199   Thumb Code     0  entry10a.o(.ARM.Collect$$$$0000000D)
    __rt_final_exit                          0x08000199   Thumb Code     0  entry11a.o(.ARM.Collect$$$$0000000F)
    SVC_Handler                              0x0800019d   Thumb Code    28  port.o(.emb_text)
    __asm___6_port_c_39a90d8d__prvStartFirstTask 0x080001bd   Thumb Code    28  port.o(.emb_text)
    __asm___6_port_c_39a90d8d__prvEnableVFP  0x080001dd   Thumb Code    16  port.o(.emb_text)
    PendSV_Handler                           0x080001f1   Thumb Code    92  port.o(.emb_text)
    vPortGetIPSR                             0x08000251   Thumb Code     6  port.o(.emb_text)
    Reset_Handler                            0x08000259   Thumb Code     8  startup_stm32f407xx.o(.text)
    ADC_IRQHandler                           0x08000273   Thumb Code     0  startup_stm32f407xx.o(.text)
    CAN1_RX1_IRQHandler                      0x08000273   Thumb Code     0  startup_stm32f407xx.o(.text)
    CAN1_SCE_IRQHandler                      0x08000273   Thumb Code     0  startup_stm32f407xx.o(.text)
    CAN1_TX_IRQHandler                       0x08000273   Thumb Code     0  startup_stm32f407xx.o(.text)
    CAN2_RX1_IRQHandler                      0x08000273   Thumb Code     0  startup_stm32f407xx.o(.text)
    CAN2_SCE_IRQHandler                      0x08000273   Thumb Code     0  startup_stm32f407xx.o(.text)
    CAN2_TX_IRQHandler                       0x08000273   Thumb Code     0  startup_stm32f407xx.o(.text)
    DCMI_IRQHandler                          0x08000273   Thumb Code     0  startup_stm32f407xx.o(.text)
    DMA1_Stream0_IRQHandler                  0x08000273   Thumb Code     0  startup_stm32f407xx.o(.text)
    DMA1_Stream1_IRQHandler                  0x08000273   Thumb Code     0  startup_stm32f407xx.o(.text)
    DMA1_Stream2_IRQHandler                  0x08000273   Thumb Code     0  startup_stm32f407xx.o(.text)
    DMA1_Stream3_IRQHandler                  0x08000273   Thumb Code     0  startup_stm32f407xx.o(.text)
    DMA1_Stream4_IRQHandler                  0x08000273   Thumb Code     0  startup_stm32f407xx.o(.text)
    DMA1_Stream5_IRQHandler                  0x08000273   Thumb Code     0  startup_stm32f407xx.o(.text)
    DMA1_Stream6_IRQHandler                  0x08000273   Thumb Code     0  startup_stm32f407xx.o(.text)
    DMA1_Stream7_IRQHandler                  0x08000273   Thumb Code     0  startup_stm32f407xx.o(.text)
    DMA2_Stream0_IRQHandler                  0x08000273   Thumb Code     0  startup_stm32f407xx.o(.text)
    DMA2_Stream1_IRQHandler                  0x08000273   Thumb Code     0  startup_stm32f407xx.o(.text)
    DMA2_Stream2_IRQHandler                  0x08000273   Thumb Code     0  startup_stm32f407xx.o(.text)
    DMA2_Stream3_IRQHandler                  0x08000273   Thumb Code     0  startup_stm32f407xx.o(.text)
    DMA2_Stream4_IRQHandler                  0x08000273   Thumb Code     0  startup_stm32f407xx.o(.text)
    DMA2_Stream5_IRQHandler                  0x08000273   Thumb Code     0  startup_stm32f407xx.o(.text)
    DMA2_Stream6_IRQHandler                  0x08000273   Thumb Code     0  startup_stm32f407xx.o(.text)
    DMA2_Stream7_IRQHandler                  0x08000273   Thumb Code     0  startup_stm32f407xx.o(.text)
    ETH_IRQHandler                           0x08000273   Thumb Code     0  startup_stm32f407xx.o(.text)
    ETH_WKUP_IRQHandler                      0x08000273   Thumb Code     0  startup_stm32f407xx.o(.text)
    EXTI0_IRQHandler                         0x08000273   Thumb Code     0  startup_stm32f407xx.o(.text)
    EXTI15_10_IRQHandler                     0x08000273   Thumb Code     0  startup_stm32f407xx.o(.text)
    EXTI1_IRQHandler                         0x08000273   Thumb Code     0  startup_stm32f407xx.o(.text)
    EXTI2_IRQHandler                         0x08000273   Thumb Code     0  startup_stm32f407xx.o(.text)
    EXTI3_IRQHandler                         0x08000273   Thumb Code     0  startup_stm32f407xx.o(.text)
    EXTI4_IRQHandler                         0x08000273   Thumb Code     0  startup_stm32f407xx.o(.text)
    EXTI9_5_IRQHandler                       0x08000273   Thumb Code     0  startup_stm32f407xx.o(.text)
    FLASH_IRQHandler                         0x08000273   Thumb Code     0  startup_stm32f407xx.o(.text)
    FMC_IRQHandler                           0x08000273   Thumb Code     0  startup_stm32f407xx.o(.text)
    FPU_IRQHandler                           0x08000273   Thumb Code     0  startup_stm32f407xx.o(.text)
    HASH_RNG_IRQHandler                      0x08000273   Thumb Code     0  startup_stm32f407xx.o(.text)
    I2C1_ER_IRQHandler                       0x08000273   Thumb Code     0  startup_stm32f407xx.o(.text)
    I2C1_EV_IRQHandler                       0x08000273   Thumb Code     0  startup_stm32f407xx.o(.text)
    I2C2_ER_IRQHandler                       0x08000273   Thumb Code     0  startup_stm32f407xx.o(.text)
    I2C2_EV_IRQHandler                       0x08000273   Thumb Code     0  startup_stm32f407xx.o(.text)
    I2C3_ER_IRQHandler                       0x08000273   Thumb Code     0  startup_stm32f407xx.o(.text)
    I2C3_EV_IRQHandler                       0x08000273   Thumb Code     0  startup_stm32f407xx.o(.text)
    OTG_FS_WKUP_IRQHandler                   0x08000273   Thumb Code     0  startup_stm32f407xx.o(.text)
    OTG_HS_EP1_IN_IRQHandler                 0x08000273   Thumb Code     0  startup_stm32f407xx.o(.text)
    OTG_HS_EP1_OUT_IRQHandler                0x08000273   Thumb Code     0  startup_stm32f407xx.o(.text)
    OTG_HS_IRQHandler                        0x08000273   Thumb Code     0  startup_stm32f407xx.o(.text)
    OTG_HS_WKUP_IRQHandler                   0x08000273   Thumb Code     0  startup_stm32f407xx.o(.text)
    PVD_IRQHandler                           0x08000273   Thumb Code     0  startup_stm32f407xx.o(.text)
    RCC_IRQHandler                           0x08000273   Thumb Code     0  startup_stm32f407xx.o(.text)
    RTC_Alarm_IRQHandler                     0x08000273   Thumb Code     0  startup_stm32f407xx.o(.text)
    RTC_WKUP_IRQHandler                      0x08000273   Thumb Code     0  startup_stm32f407xx.o(.text)
    SDIO_IRQHandler                          0x08000273   Thumb Code     0  startup_stm32f407xx.o(.text)
    SPI1_IRQHandler                          0x08000273   Thumb Code     0  startup_stm32f407xx.o(.text)
    SPI2_IRQHandler                          0x08000273   Thumb Code     0  startup_stm32f407xx.o(.text)
    SPI3_IRQHandler                          0x08000273   Thumb Code     0  startup_stm32f407xx.o(.text)
    TAMP_STAMP_IRQHandler                    0x08000273   Thumb Code     0  startup_stm32f407xx.o(.text)
    TIM1_BRK_TIM9_IRQHandler                 0x08000273   Thumb Code     0  startup_stm32f407xx.o(.text)
    TIM1_CC_IRQHandler                       0x08000273   Thumb Code     0  startup_stm32f407xx.o(.text)
    TIM1_TRG_COM_TIM11_IRQHandler            0x08000273   Thumb Code     0  startup_stm32f407xx.o(.text)
    TIM1_UP_TIM10_IRQHandler                 0x08000273   Thumb Code     0  startup_stm32f407xx.o(.text)
    TIM2_IRQHandler                          0x08000273   Thumb Code     0  startup_stm32f407xx.o(.text)
    TIM3_IRQHandler                          0x08000273   Thumb Code     0  startup_stm32f407xx.o(.text)
    TIM4_IRQHandler                          0x08000273   Thumb Code     0  startup_stm32f407xx.o(.text)
    TIM6_DAC_IRQHandler                      0x08000273   Thumb Code     0  startup_stm32f407xx.o(.text)
    TIM7_IRQHandler                          0x08000273   Thumb Code     0  startup_stm32f407xx.o(.text)
    TIM8_BRK_TIM12_IRQHandler                0x08000273   Thumb Code     0  startup_stm32f407xx.o(.text)
    TIM8_CC_IRQHandler                       0x08000273   Thumb Code     0  startup_stm32f407xx.o(.text)
    TIM8_TRG_COM_TIM14_IRQHandler            0x08000273   Thumb Code     0  startup_stm32f407xx.o(.text)
    TIM8_UP_TIM13_IRQHandler                 0x08000273   Thumb Code     0  startup_stm32f407xx.o(.text)
    UART5_IRQHandler                         0x08000273   Thumb Code     0  startup_stm32f407xx.o(.text)
    USART1_IRQHandler                        0x08000273   Thumb Code     0  startup_stm32f407xx.o(.text)
    WWDG_IRQHandler                          0x08000273   Thumb Code     0  startup_stm32f407xx.o(.text)
    __aeabi_memcpy                           0x0800027d   Thumb Code    36  memcpya.o(.text)
    __aeabi_memcpy4                          0x0800027d   Thumb Code     0  memcpya.o(.text)
    __aeabi_memcpy8                          0x0800027d   Thumb Code     0  memcpya.o(.text)
    __aeabi_memset                           0x080002a1   Thumb Code    14  memseta.o(.text)
    __aeabi_memset4                          0x080002a1   Thumb Code     0  memseta.o(.text)
    __aeabi_memset8                          0x080002a1   Thumb Code     0  memseta.o(.text)
    __aeabi_memclr                           0x080002af   Thumb Code     4  memseta.o(.text)
    __aeabi_memclr4                          0x080002af   Thumb Code     0  memseta.o(.text)
    __aeabi_memclr8                          0x080002af   Thumb Code     0  memseta.o(.text)
    _memset$wrapper                          0x080002b3   Thumb Code    18  memseta.o(.text)
    __aeabi_dadd                             0x080002c5   Thumb Code   322  dadd.o(.text)
    __aeabi_dsub                             0x08000407   Thumb Code     6  dadd.o(.text)
    __aeabi_drsub                            0x0800040d   Thumb Code     6  dadd.o(.text)
    __aeabi_dmul                             0x08000413   Thumb Code   228  dmul.o(.text)
    __aeabi_ddiv                             0x080004f7   Thumb Code   222  ddiv.o(.text)
    __aeabi_i2d                              0x080005d5   Thumb Code    34  dflti.o(.text)
    __aeabi_f2d                              0x080005f7   Thumb Code    38  f2d.o(.text)
    __aeabi_d2f                              0x0800061d   Thumb Code    56  d2f.o(.text)
    __aeabi_llsl                             0x08000655   Thumb Code    30  llshl.o(.text)
    _ll_shift_l                              0x08000655   Thumb Code     0  llshl.o(.text)
    __aeabi_lasr                             0x08000673   Thumb Code    36  llsshr.o(.text)
    _ll_sshift_r                             0x08000673   Thumb Code     0  llsshr.o(.text)
    __I$use$fp                               0x08000697   Thumb Code     0  iusefp.o(.text)
    _float_round                             0x08000697   Thumb Code    18  fepilogue.o(.text)
    _float_epilogue                          0x080006a9   Thumb Code    92  fepilogue.o(.text)
    _double_round                            0x08000705   Thumb Code    30  depilogue.o(.text)
    _double_epilogue                         0x08000723   Thumb Code   156  depilogue.o(.text)
    __scatterload                            0x080007c1   Thumb Code    28  init.o(.text)
    __scatterload_rt2                        0x080007c1   Thumb Code     0  init.o(.text)
    __aeabi_llsr                             0x080007e5   Thumb Code    32  llushr.o(.text)
    _ll_ushift_r                             0x080007e5   Thumb Code     0  llushr.o(.text)
    BusFault_Handler                         0x08000805   Thumb Code     2  stm32f4xx_it.o(i.BusFault_Handler)
    CAN1_RX0_IRQHandler                      0x08000809   Thumb Code     6  can.o(i.CAN1_RX0_IRQHandler)
    CAN2_RX0_IRQHandler                      0x08000815   Thumb Code     6  can.o(i.CAN2_RX0_IRQHandler)
    DebugMon_Handler                         0x08000a51   Thumb Code     2  stm32f4xx_it.o(i.DebugMon_Handler)
    Error_Handler                            0x08000a53   Thumb Code     2  main.o(i.Error_Handler)
    Get_CRC16_Check_Sum_1                    0x08000a55   Thumb Code    38  judg_info.o(i.Get_CRC16_Check_Sum_1)
    Get_Remote_info                          0x08000a81   Thumb Code   162  usart.o(i.Get_Remote_info)
    HAL_CAN_ConfigFilter                     0x08000b29   Thumb Code   218  stm32f4xx_hal_can.o(i.HAL_CAN_ConfigFilter)
    HAL_CAN_ErrorCallback                    0x08000c0d   Thumb Code     2  stm32f4xx_hal_can.o(i.HAL_CAN_ErrorCallback)
    HAL_CAN_IRQHandler                       0x08000c11   Thumb Code   370  stm32f4xx_hal_can.o(i.HAL_CAN_IRQHandler)
    HAL_CAN_Init                             0x08000d91   Thumb Code   328  stm32f4xx_hal_can.o(i.HAL_CAN_Init)
    HAL_CAN_MspInit                          0x08000ed9   Thumb Code   202  can.o(i.HAL_CAN_MspInit)
    HAL_CAN_Receive_IT                       0x08000fb9   Thumb Code   134  stm32f4xx_hal_can.o(i.HAL_CAN_Receive_IT)
    HAL_CAN_RxCpltCallback                   0x08001041   Thumb Code   122  bsp_can.o(i.HAL_CAN_RxCpltCallback)
    HAL_CAN_Transmit                         0x080010d5   Thumb Code   390  stm32f4xx_hal_can.o(i.HAL_CAN_Transmit)
    HAL_CAN_TxCpltCallback                   0x08001269   Thumb Code     2  stm32f4xx_hal_can.o(i.HAL_CAN_TxCpltCallback)
    HAL_DMA_Init                             0x0800126d   Thumb Code   202  stm32f4xx_hal_dma.o(i.HAL_DMA_Init)
    HAL_DMA_Start_IT                         0x0800133d   Thumb Code   120  stm32f4xx_hal_dma.o(i.HAL_DMA_Start_IT)
    HAL_Delay                                0x080013b5   Thumb Code    22  stm32f4xx_hal.o(i.HAL_Delay)
    HAL_GPIO_Init                            0x080013cd   Thumb Code   388  stm32f4xx_hal_gpio.o(i.HAL_GPIO_Init)
    HAL_GPIO_WritePin                        0x0800157d   Thumb Code    10  stm32f4xx_hal_gpio.o(i.HAL_GPIO_WritePin)
    HAL_GetTick                              0x08001589   Thumb Code     6  stm32f4xx_hal.o(i.HAL_GetTick)
    HAL_IncTick                              0x08001595   Thumb Code    10  stm32f4xx_hal.o(i.HAL_IncTick)
    HAL_Init                                 0x080015a5   Thumb Code    48  stm32f4xx_hal.o(i.HAL_Init)
    HAL_InitTick                             0x080015d9   Thumb Code    34  stm32f4xx_hal.o(i.HAL_InitTick)
    HAL_MspInit                              0x08001601   Thumb Code     2  stm32f4xx_hal.o(i.HAL_MspInit)
    HAL_NVIC_EnableIRQ                       0x08001603   Thumb Code    22  stm32f4xx_hal_cortex.o(i.HAL_NVIC_EnableIRQ)
    HAL_NVIC_SetPriority                     0x08001619   Thumb Code    60  stm32f4xx_hal_cortex.o(i.HAL_NVIC_SetPriority)
    HAL_NVIC_SetPriorityGrouping             0x08001659   Thumb Code    26  stm32f4xx_hal_cortex.o(i.HAL_NVIC_SetPriorityGrouping)
    HAL_PCD_ConnectCallback                  0x0800167d   Thumb Code     8  usbd_conf.o(i.HAL_PCD_ConnectCallback)
    HAL_PCD_DataInStageCallback              0x08001685   Thumb Code    18  usbd_conf.o(i.HAL_PCD_DataInStageCallback)
    HAL_PCD_DataOutStageCallback             0x08001697   Thumb Code    20  usbd_conf.o(i.HAL_PCD_DataOutStageCallback)
    HAL_PCD_DisconnectCallback               0x080016ab   Thumb Code     8  usbd_conf.o(i.HAL_PCD_DisconnectCallback)
    HAL_PCD_EP_ClrStall                      0x080016b3   Thumb Code    80  stm32f4xx_hal_pcd.o(i.HAL_PCD_EP_ClrStall)
    HAL_PCD_EP_Open                          0x08001703   Thumb Code    84  stm32f4xx_hal_pcd.o(i.HAL_PCD_EP_Open)
    HAL_PCD_EP_Receive                       0x08001759   Thumb Code    94  stm32f4xx_hal_pcd.o(i.HAL_PCD_EP_Receive)
    HAL_PCD_EP_SetStall                      0x080017b7   Thumb Code    96  stm32f4xx_hal_pcd.o(i.HAL_PCD_EP_SetStall)
    HAL_PCD_EP_Transmit                      0x08001817   Thumb Code    86  stm32f4xx_hal_pcd.o(i.HAL_PCD_EP_Transmit)
    HAL_PCD_IRQHandler                       0x0800186d   Thumb Code  1196  stm32f4xx_hal_pcd.o(i.HAL_PCD_IRQHandler)
    HAL_PCD_ISOINIncompleteCallback          0x08001d61   Thumb Code     8  usbd_conf.o(i.HAL_PCD_ISOINIncompleteCallback)
    HAL_PCD_ISOOUTIncompleteCallback         0x08001d69   Thumb Code     8  usbd_conf.o(i.HAL_PCD_ISOOUTIncompleteCallback)
    HAL_PCD_ResetCallback                    0x08001d71   Thumb Code    32  usbd_conf.o(i.HAL_PCD_ResetCallback)
    HAL_PCD_ResumeCallback                   0x08001d91   Thumb Code     8  usbd_conf.o(i.HAL_PCD_ResumeCallback)
    HAL_PCD_SOFCallback                      0x08001d99   Thumb Code     8  usbd_conf.o(i.HAL_PCD_SOFCallback)
    HAL_PCD_SetAddress                       0x08001da1   Thumb Code    36  stm32f4xx_hal_pcd.o(i.HAL_PCD_SetAddress)
    HAL_PCD_SetupStageCallback               0x08001dc5   Thumb Code    14  usbd_conf.o(i.HAL_PCD_SetupStageCallback)
    HAL_PCD_SuspendCallback                  0x08001dd5   Thumb Code    44  usbd_conf.o(i.HAL_PCD_SuspendCallback)
    HAL_RCC_ClockConfig                      0x08001e05   Thumb Code   364  stm32f4xx_hal_rcc.o(i.HAL_RCC_ClockConfig)
    HAL_RCC_GetHCLKFreq                      0x08001f81   Thumb Code     6  stm32f4xx_hal_rcc.o(i.HAL_RCC_GetHCLKFreq)
    HAL_RCC_GetPCLK1Freq                     0x08001f8d   Thumb Code    34  stm32f4xx_hal_rcc.o(i.HAL_RCC_GetPCLK1Freq)
    HAL_RCC_GetPCLK2Freq                     0x08001fbd   Thumb Code    34  stm32f4xx_hal_rcc.o(i.HAL_RCC_GetPCLK2Freq)
    HAL_RCC_GetSysClockFreq                  0x08001fed   Thumb Code   104  stm32f4xx_hal_rcc.o(i.HAL_RCC_GetSysClockFreq)
    HAL_RCC_OscConfig                        0x0800205d   Thumb Code   722  stm32f4xx_hal_rcc.o(i.HAL_RCC_OscConfig)
    HAL_SYSTICK_CLKSourceConfig              0x08002341   Thumb Code    24  stm32f4xx_hal_cortex.o(i.HAL_SYSTICK_CLKSourceConfig)
    HAL_SYSTICK_Config                       0x08002359   Thumb Code    40  stm32f4xx_hal_cortex.o(i.HAL_SYSTICK_Config)
    HAL_TIMEx_BreakCallback                  0x08002381   Thumb Code     2  stm32f4xx_hal_tim_ex.o(i.HAL_TIMEx_BreakCallback)
    HAL_TIMEx_CommutationCallback            0x08002383   Thumb Code     2  stm32f4xx_hal_tim_ex.o(i.HAL_TIMEx_CommutationCallback)
    HAL_TIM_IC_CaptureCallback               0x08002385   Thumb Code     2  stm32f4xx_hal_tim.o(i.HAL_TIM_IC_CaptureCallback)
    HAL_TIM_IRQHandler                       0x08002387   Thumb Code   358  stm32f4xx_hal_tim.o(i.HAL_TIM_IRQHandler)
    HAL_TIM_MspPostInit                      0x080024ed   Thumb Code   126  tim.o(i.HAL_TIM_MspPostInit)
    HAL_TIM_OC_DelayElapsedCallback          0x08002585   Thumb Code     2  stm32f4xx_hal_tim.o(i.HAL_TIM_OC_DelayElapsedCallback)
    HAL_TIM_PWM_ConfigChannel                0x08002587   Thumb Code   208  stm32f4xx_hal_tim.o(i.HAL_TIM_PWM_ConfigChannel)
    HAL_TIM_PWM_Init                         0x08002657   Thumb Code    54  stm32f4xx_hal_tim.o(i.HAL_TIM_PWM_Init)
    HAL_TIM_PWM_MspInit                      0x0800268d   Thumb Code    78  tim.o(i.HAL_TIM_PWM_MspInit)
    HAL_TIM_PWM_PulseFinishedCallback        0x080026ed   Thumb Code     2  stm32f4xx_hal_tim.o(i.HAL_TIM_PWM_PulseFinishedCallback)
    HAL_TIM_PWM_Start                        0x080026f1   Thumb Code    48  stm32f4xx_hal_tim.o(i.HAL_TIM_PWM_Start)
    HAL_TIM_PeriodElapsedCallback            0x08002729   Thumb Code     2  tim.o(i.HAL_TIM_PeriodElapsedCallback)
    HAL_TIM_TriggerCallback                  0x0800272b   Thumb Code     2  stm32f4xx_hal_tim.o(i.HAL_TIM_TriggerCallback)
    HAL_UART_ErrorCallback                   0x0800272d   Thumb Code     2  stm32f4xx_hal_uart.o(i.HAL_UART_ErrorCallback)
    HAL_UART_Init                            0x0800272f   Thumb Code    98  stm32f4xx_hal_uart.o(i.HAL_UART_Init)
    HAL_UART_MspInit                         0x08002791   Thumb Code   724  usart.o(i.HAL_UART_MspInit)
    HAL_UART_Receive_DMA                     0x08002a99   Thumb Code   132  stm32f4xx_hal_uart.o(i.HAL_UART_Receive_DMA)
    HAL_UART_RxCpltCallback                  0x08002b29   Thumb Code     2  stm32f4xx_hal_uart.o(i.HAL_UART_RxCpltCallback)
    HAL_UART_RxHalfCpltCallback              0x08002b2b   Thumb Code     2  stm32f4xx_hal_uart.o(i.HAL_UART_RxHalfCpltCallback)
    HardFault_Handler                        0x08002b2d   Thumb Code     2  stm32f4xx_it.o(i.HardFault_Handler)
    Judge_Receive                            0x08002b31   Thumb Code   338  judg_info.o(i.Judge_Receive)
    MX_CAN1_Init                             0x08002c8d   Thumb Code    94  can.o(i.MX_CAN1_Init)
    MX_CAN2_Init                             0x08002cf5   Thumb Code    94  can.o(i.MX_CAN2_Init)
    MX_FREERTOS_Init                         0x08002d5d   Thumb Code   140  freertos.o(i.MX_FREERTOS_Init)
    MX_GPIO_Init                             0x08002df1   Thumb Code   272  gpio.o(i.MX_GPIO_Init)
    MX_TIM4_Init                             0x08002f19   Thumb Code    94  tim.o(i.MX_TIM4_Init)
    MX_TIM9_Init                             0x08002f81   Thumb Code    86  tim.o(i.MX_TIM9_Init)
    MX_USART1_UART_Init                      0x08002fe1   Thumb Code    46  usart.o(i.MX_USART1_UART_Init)
    MX_USART2_UART_Init                      0x08003019   Thumb Code    84  usart.o(i.MX_USART2_UART_Init)
    MX_USART3_UART_Init                      0x08003079   Thumb Code    62  usart.o(i.MX_USART3_UART_Init)
    MX_USART4_UART_Init                      0x080030c5   Thumb Code    48  usart.o(i.MX_USART4_UART_Init)
    MX_USART6_UART_Init                      0x080030fd   Thumb Code    66  usart.o(i.MX_USART6_UART_Init)
    MemManage_Handler                        0x0800314d   Thumb Code     2  stm32f4xx_it.o(i.MemManage_Handler)
    NMI_Handler                              0x0800314f   Thumb Code     2  stm32f4xx_it.o(i.NMI_Handler)
    OTG_FS_IRQHandler                        0x08003171   Thumb Code     6  stm32f4xx_it.o(i.OTG_FS_IRQHandler)
    PID_struct_init                          0x08003205   Thumb Code    60  pid.o(i.PID_struct_init)
    StartDefaultTask                         0x08003249   Thumb Code     8  freertos.o(i.StartDefaultTask)
    SysTick_Handler                          0x08003251   Thumb Code    14  stm32f4xx_it.o(i.SysTick_Handler)
    SystemClock_Config                       0x08003261   Thumb Code   150  main.o(i.SystemClock_Config)
    SystemInit                               0x08003301   Thumb Code    66  system_stm32f4xx.o(i.SystemInit)
    TIM5_IRQHandler                          0x08003355   Thumb Code     6  tim.o(i.TIM5_IRQHandler)
    TIM_Base_SetConfig                       0x08003361   Thumb Code   148  stm32f4xx_hal_tim.o(i.TIM_Base_SetConfig)
    TIM_CCxChannelCmd                        0x08003421   Thumb Code    22  stm32f4xx_hal_tim.o(i.TIM_CCxChannelCmd)
    TIM_OC2_SetConfig                        0x08003491   Thumb Code    90  stm32f4xx_hal_tim.o(i.TIM_OC2_SetConfig)
    UART4_IRQHandler                         0x080035a5   Thumb Code    86  usart.o(i.UART4_IRQHandler)
    USART2_IRQHandler                        0x08003975   Thumb Code   120  usart.o(i.USART2_IRQHandler)
    USART3_IRQHandler                        0x080039fd   Thumb Code   106  usart.o(i.USART3_IRQHandler)
    USART6_IRQHandler                        0x08003a79   Thumb Code    78  usart.o(i.USART6_IRQHandler)
    USBD_ClrClassConfig                      0x08003ad5   Thumb Code    14  usbd_core.o(i.USBD_ClrClassConfig)
    USBD_CtlContinueRx                       0x08003ae3   Thumb Code    16  usbd_ioreq.o(i.USBD_CtlContinueRx)
    USBD_CtlContinueSendData                 0x08003af3   Thumb Code    16  usbd_ioreq.o(i.USBD_CtlContinueSendData)
    USBD_CtlError                            0x08003b03   Thumb Code    22  usbd_ctlreq.o(i.USBD_CtlError)
    USBD_CtlReceiveStatus                    0x08003b19   Thumb Code    22  usbd_ioreq.o(i.USBD_CtlReceiveStatus)
    USBD_CtlSendData                         0x08003b2f   Thumb Code    26  usbd_ioreq.o(i.USBD_CtlSendData)
    USBD_CtlSendStatus                       0x08003b49   Thumb Code    22  usbd_ioreq.o(i.USBD_CtlSendStatus)
    USBD_LL_ClearStallEP                     0x08003c3f   Thumb Code    14  usbd_conf.o(i.USBD_LL_ClearStallEP)
    USBD_LL_DataInStage                      0x08003c4d   Thumb Code   170  usbd_core.o(i.USBD_LL_DataInStage)
    USBD_LL_DataOutStage                     0x08003cf7   Thumb Code   106  usbd_core.o(i.USBD_LL_DataOutStage)
    USBD_LL_DevConnected                     0x08003d61   Thumb Code     4  usbd_core.o(i.USBD_LL_DevConnected)
    USBD_LL_DevDisconnected                  0x08003d65   Thumb Code    22  usbd_core.o(i.USBD_LL_DevDisconnected)
    USBD_LL_IsStallEP                        0x08003d7b   Thumb Code    32  usbd_conf.o(i.USBD_LL_IsStallEP)
    USBD_LL_IsoINIncomplete                  0x08003d9b   Thumb Code     4  usbd_core.o(i.USBD_LL_IsoINIncomplete)
    USBD_LL_IsoOUTIncomplete                 0x08003d9f   Thumb Code     4  usbd_core.o(i.USBD_LL_IsoOUTIncomplete)
    USBD_LL_OpenEP                           0x08003da3   Thumb Code    20  usbd_conf.o(i.USBD_LL_OpenEP)
    USBD_LL_PrepareReceive                   0x08003db7   Thumb Code    14  usbd_conf.o(i.USBD_LL_PrepareReceive)
    USBD_LL_Reset                            0x08003dc5   Thumb Code    62  usbd_core.o(i.USBD_LL_Reset)
    USBD_LL_Resume                           0x08003e03   Thumb Code    12  usbd_core.o(i.USBD_LL_Resume)
    USBD_LL_SOF                              0x08003e0f   Thumb Code    24  usbd_core.o(i.USBD_LL_SOF)
    USBD_LL_SetSpeed                         0x08003e27   Thumb Code     6  usbd_core.o(i.USBD_LL_SetSpeed)
    USBD_LL_SetUSBAddress                    0x08003e2d   Thumb Code    14  usbd_conf.o(i.USBD_LL_SetUSBAddress)
    USBD_LL_SetupStage                       0x08003e3b   Thumb Code    90  usbd_core.o(i.USBD_LL_SetupStage)
    USBD_LL_StallEP                          0x08003e95   Thumb Code    14  usbd_conf.o(i.USBD_LL_StallEP)
    USBD_LL_Suspend                          0x08003ea3   Thumb Code    18  usbd_core.o(i.USBD_LL_Suspend)
    USBD_LL_Transmit                         0x08003eb5   Thumb Code    14  usbd_conf.o(i.USBD_LL_Transmit)
    USBD_ParseSetupRequest                   0x08003ec3   Thumb Code    40  usbd_ctlreq.o(i.USBD_ParseSetupRequest)
    USBD_SetClassConfig                      0x08003eeb   Thumb Code    22  usbd_core.o(i.USBD_SetClassConfig)
    USBD_StdDevReq                           0x08003f75   Thumb Code   242  usbd_ctlreq.o(i.USBD_StdDevReq)
    USBD_StdEPReq                            0x08004067   Thumb Code   220  usbd_ctlreq.o(i.USBD_StdEPReq)
    USBD_StdItfReq                           0x08004143   Thumb Code    52  usbd_ctlreq.o(i.USBD_StdItfReq)
    USB_ActivateEndpoint                     0x08004179   Thumb Code   122  stm32f4xx_ll_usb.o(i.USB_ActivateEndpoint)
    USB_ActivateSetup                        0x080041f9   Thumb Code    52  stm32f4xx_ll_usb.o(i.USB_ActivateSetup)
    USB_EP0StartXfer                         0x0800422d   Thumb Code   316  stm32f4xx_ll_usb.o(i.USB_EP0StartXfer)
    USB_EP0_OutStart                         0x0800436d   Thumb Code    62  stm32f4xx_ll_usb.o(i.USB_EP0_OutStart)
    USB_EPClearStall                         0x080043ab   Thumb Code   100  stm32f4xx_ll_usb.o(i.USB_EPClearStall)
    USB_EPSetStall                           0x0800440f   Thumb Code    94  stm32f4xx_ll_usb.o(i.USB_EPSetStall)
    USB_EPStartXfer                          0x0800446d   Thumb Code   534  stm32f4xx_ll_usb.o(i.USB_EPStartXfer)
    USB_FlushTxFifo                          0x08004689   Thumb Code    32  stm32f4xx_ll_usb.o(i.USB_FlushTxFifo)
    USB_GetDevSpeed                          0x080046ad   Thumb Code    60  stm32f4xx_ll_usb.o(i.USB_GetDevSpeed)
    USB_GetMode                              0x080046e9   Thumb Code     8  stm32f4xx_ll_usb.o(i.USB_GetMode)
    USB_ReadDevAllInEpInterrupt              0x080046f1   Thumb Code    14  stm32f4xx_ll_usb.o(i.USB_ReadDevAllInEpInterrupt)
    USB_ReadDevAllOutEpInterrupt             0x080046ff   Thumb Code    14  stm32f4xx_ll_usb.o(i.USB_ReadDevAllOutEpInterrupt)
    USB_ReadDevInEPInterrupt                 0x0800470d   Thumb Code    30  stm32f4xx_ll_usb.o(i.USB_ReadDevInEPInterrupt)
    USB_ReadDevOutEPInterrupt                0x0800472b   Thumb Code    16  stm32f4xx_ll_usb.o(i.USB_ReadDevOutEPInterrupt)
    USB_ReadInterrupts                       0x0800473b   Thumb Code     8  stm32f4xx_ll_usb.o(i.USB_ReadInterrupts)
    USB_ReadPacket                           0x08004743   Thumb Code    32  stm32f4xx_ll_usb.o(i.USB_ReadPacket)
    USB_SetDevAddress                        0x08004763   Thumb Code    34  stm32f4xx_ll_usb.o(i.USB_SetDevAddress)
    USB_WritePacket                          0x08004785   Thumb Code    40  stm32f4xx_ll_usb.o(i.USB_WritePacket)
    UsageFault_Handler                       0x080047ad   Thumb Code     2  stm32f4xx_it.o(i.UsageFault_Handler)
    Verify_CRC16_Check_Sum_1                 0x080047b1   Thumb Code    54  judg_info.o(i.Verify_CRC16_Check_Sum_1)
    __scatterload_copy                       0x080047ed   Thumb Code    14  handlers.o(i.__scatterload_copy)
    __scatterload_null                       0x080047fb   Thumb Code     2  handlers.o(i.__scatterload_null)
    __scatterload_zeroinit                   0x080047fd   Thumb Code    14  handlers.o(i.__scatterload_zeroinit)
    abs_limit                                0x0800480b   Thumb Code    42  pid.o(i.abs_limit)
    can_msg_send_task                        0x08004835   Thumb Code    52  comm_task.o(i.can_msg_send_task)
    can_receive_start                        0x08004871   Thumb Code    22  bsp_can.o(i.can_receive_start)
    chassis_param_init                       0x08004891   Thumb Code   122  chassis_task.o(i.chassis_param_init)
    chassis_pid_calc                         0x0800492d   Thumb Code   252  pid.o(i.chassis_pid_calc)
    chassis_task                             0x08004a2d   Thumb Code   406  chassis_task.o(i.chassis_task)
    encoder_data_handler                     0x08004bf5   Thumb Code   180  bsp_can.o(i.encoder_data_handler)
    get_chassis_info                         0x08004cb1   Thumb Code   112  info_interactive.o(i.get_chassis_info)
    get_gimbal_info                          0x08004d31   Thumb Code    32  info_interactive.o(i.get_gimbal_info)
    get_main_ctrl_mode                       0x08004d5d   Thumb Code    96  modeswitch_task.o(i.get_main_ctrl_mode)
    get_moto_offset                          0x08004dc9   Thumb Code    12  bsp_can.o(i.get_moto_offset)
    gimbal_param_init                        0x08004dd5   Thumb Code    20  gimbal_task.o(i.gimbal_param_init)
    gimbal_task                              0x08004ded   Thumb Code    58  gimbal_task.o(i.gimbal_task)
    info_get_task                            0x08004e45   Thumb Code    88  info_get_task.o(i.info_get_task)
    keyboard_chassis_hook                    0x08004ea1   Thumb Code   272  info_interactive.o(i.keyboard_chassis_hook)
    led_flicker                              0x08004fd9   Thumb Code    66  modeswitch_task.o(i.led_flicker)
    main                                     0x08005025   Thumb Code    78  main.o(i.main)
    mode_swtich_task                         0x08005081   Thumb Code    92  modeswitch_task.o(i.mode_swtich_task)
    osDelay                                  0x080050ed   Thumb Code    14  cmsis_os.o(i.osDelay)
    osDelayUntil                             0x080050fb   Thumb Code    14  cmsis_os.o(i.osDelayUntil)
    osKernelStart                            0x08005109   Thumb Code    10  cmsis_os.o(i.osKernelStart)
    osKernelSysTick                          0x08005113   Thumb Code    24  cmsis_os.o(i.osKernelSysTick)
    osSignalSet                              0x0800512d   Thumb Code    82  cmsis_os.o(i.osSignalSet)
    osSignalWait                             0x08005185   Thumb Code    86  cmsis_os.o(i.osSignalWait)
    osSystickHandler                         0x080051db   Thumb Code    20  cmsis_os.o(i.osSystickHandler)
    osThreadCreate                           0x080051ef   Thumb Code    56  cmsis_os.o(i.osThreadCreate)
    osTimerCreate                            0x08005229   Thumb Code    30  cmsis_os.o(i.osTimerCreate)
    osTimerStart                             0x0800524d   Thumb Code    88  cmsis_os.o(i.osTimerStart)
    pvPortMalloc                             0x08005839   Thumb Code   210  heap_4.o(i.pvPortMalloc)
    pvTaskIncrementMutexHeldCount            0x08005911   Thumb Code    18  tasks.o(i.pvTaskIncrementMutexHeldCount)
    pxPortInitialiseStack                    0x08005929   Thumb Code    36  port.o(i.pxPortInitialiseStack)
    ramp_calc                                0x08005951   Thumb Code    50  ramp.o(i.ramp_calc)
    ramp_init                                0x08005989   Thumb Code     8  ramp.o(i.ramp_init)
    remote_ctrl_chassis_hook                 0x08005991   Thumb Code   192  info_interactive.o(i.remote_ctrl_chassis_hook)
    send_chassis_cur                         0x08005a7d   Thumb Code    78  bsp_can.o(i.send_chassis_cur)
    send_chassis_motor_ctrl_message          0x08005ad1   Thumb Code    20  info_interactive.o(i.send_chassis_motor_ctrl_message)
    send_front_chaais_cur                    0x08005ae5   Thumb Code    74  bsp_can.o(i.send_front_chaais_cur)
    send_front_chassis_motor_ctrl_message    0x08005b35   Thumb Code    12  info_interactive.o(i.send_front_chassis_motor_ctrl_message)
    uxListRemove                             0x08005b41   Thumb Code    36  list.o(i.uxListRemove)
    uxTaskGetStackHighWaterMark              0x08005b65   Thumb Code    12  tasks.o(i.uxTaskGetStackHighWaterMark)
    vListInitialise                          0x08005b75   Thumb Code    22  list.o(i.vListInitialise)
    vListInitialiseItem                      0x08005b8b   Thumb Code     6  list.o(i.vListInitialiseItem)
    vListInsert                              0x08005b91   Thumb Code    48  list.o(i.vListInsert)
    vListInsertEnd                           0x08005bc1   Thumb Code    24  list.o(i.vListInsertEnd)
    vPortEnterCritical                       0x08005bd9   Thumb Code    54  port.o(i.vPortEnterCritical)
    vPortExitCritical                        0x08005c19   Thumb Code    34  port.o(i.vPortExitCritical)
    vPortFree                                0x08005c41   Thumb Code    88  heap_4.o(i.vPortFree)
    vPortSetupTimerInterrupt                 0x08005c9d   Thumb Code    26  port.o(i.vPortSetupTimerInterrupt)
    vPortValidateInterruptPriority           0x08005cbd   Thumb Code    74  port.o(i.vPortValidateInterruptPriority)
    vQueueAddToRegistry                      0x08005d11   Thumb Code    34  queue.o(i.vQueueAddToRegistry)
    vQueueWaitForMessageRestricted           0x08005d39   Thumb Code    60  queue.o(i.vQueueWaitForMessageRestricted)
    vTaskDelay                               0x08005d75   Thumb Code    94  tasks.o(i.vTaskDelay)
    vTaskDelayUntil                          0x08005ddd   Thumb Code   158  tasks.o(i.vTaskDelayUntil)
    vTaskMissedYield                         0x08005e85   Thumb Code     8  tasks.o(i.vTaskMissedYield)
    vTaskPlaceOnEventList                    0x08005e91   Thumb Code    90  tasks.o(i.vTaskPlaceOnEventList)
    vTaskPlaceOnEventListRestricted          0x08005ef5   Thumb Code    92  tasks.o(i.vTaskPlaceOnEventListRestricted)
    vTaskPriorityInherit                     0x08005f59   Thumb Code   124  tasks.o(i.vTaskPriorityInherit)
    vTaskSetTimeOutState                     0x08005fdd   Thumb Code    30  tasks.o(i.vTaskSetTimeOutState)
    vTaskStartScheduler                      0x08006001   Thumb Code    94  tasks.o(i.vTaskStartScheduler)
    vTaskSuspendAll                          0x08006071   Thumb Code    10  tasks.o(i.vTaskSuspendAll)
    vTaskSwitchContext                       0x08006081   Thumb Code    82  tasks.o(i.vTaskSwitchContext)
    xPortStartScheduler                      0x080060dd   Thumb Code   202  port.o(i.xPortStartScheduler)
    xPortSysTickHandler                      0x080061bd   Thumb Code    38  port.o(i.xPortSysTickHandler)
    xQueueGenericCreate                      0x080061e9   Thumb Code   100  queue.o(i.xQueueGenericCreate)
    xQueueGenericReceive                     0x0800624d   Thumb Code   358  queue.o(i.xQueueGenericReceive)
    xQueueGenericReset                       0x080063b9   Thumb Code   126  queue.o(i.xQueueGenericReset)
    xQueueGenericSend                        0x0800643d   Thumb Code   348  queue.o(i.xQueueGenericSend)
    xQueueGenericSendFromISR                 0x0800659d   Thumb Code   182  queue.o(i.xQueueGenericSendFromISR)
    xTaskCheckForTimeOut                     0x08006655   Thumb Code   102  tasks.o(i.xTaskCheckForTimeOut)
    xTaskGenericCreate                       0x080066c1   Thumb Code   430  tasks.o(i.xTaskGenericCreate)
    xTaskGenericNotify                       0x0800687d   Thumb Code   190  tasks.o(i.xTaskGenericNotify)
    xTaskGenericNotifyFromISR                0x08006949   Thumb Code   228  tasks.o(i.xTaskGenericNotifyFromISR)
    xTaskGetSchedulerState                   0x08006a35   Thumb Code    22  tasks.o(i.xTaskGetSchedulerState)
    xTaskGetTickCount                        0x08006a51   Thumb Code     6  tasks.o(i.xTaskGetTickCount)
    xTaskGetTickCountFromISR                 0x08006a5d   Thumb Code    12  tasks.o(i.xTaskGetTickCountFromISR)
    xTaskIncrementTick                       0x08006a6d   Thumb Code   194  tasks.o(i.xTaskIncrementTick)
    xTaskNotifyWait                          0x08006b39   Thumb Code   172  tasks.o(i.xTaskNotifyWait)
    xTaskPriorityDisinherit                  0x08006bf1   Thumb Code   144  tasks.o(i.xTaskPriorityDisinherit)
    xTaskRemoveFromEventList                 0x08006c89   Thumb Code   108  tasks.o(i.xTaskRemoveFromEventList)
    xTaskResumeAll                           0x08006cfd   Thumb Code   182  tasks.o(i.xTaskResumeAll)
    xTimerCreate                             0x08006dc1   Thumb Code    72  timers.o(i.xTimerCreate)
    xTimerCreateTimerTask                    0x08006e09   Thumb Code    60  timers.o(i.xTimerCreateTimerTask)
    xTimerGenericCommand                     0x08006e55   Thumb Code    92  timers.o(i.xTimerGenericCommand)
    zitai_data_receive                       0x08006eb5   Thumb Code   292  bsp_can.o(i.zitai_data_receive)
    CRC8_TAB_1                               0x0800704c   Data         256  judg_info.o(.constdata)
    wCRC_Table_1                             0x0800714c   Data         512  judg_info.o(.constdata)
    APBAHBPrescTable                         0x0800734c   Data          16  stm32f4xx_hal_rcc.o(.constdata)
    Region$$Table$$Base                      0x08007390   Number         0  anon$$obj.o(Region$$Table)
    Region$$Table$$Limit                     0x080073b0   Number         0  anon$$obj.o(Region$$Table)
    defaultTaskHandle                        0x20000000   Data           4  freertos.o(.data)
    can_msg_seng_task_t                      0x20000004   Data           4  freertos.o(.data)
    mode_sw_task_t                           0x20000008   Data           4  freertos.o(.data)
    info_get_task_t                          0x2000000c   Data           4  freertos.o(.data)
    chassis_timer_id                         0x20000010   Data           4  freertos.o(.data)
    gimbal_timer_id                          0x20000014   Data           4  freertos.o(.data)
    temp                                     0x20000018   Data           2  usart.o(.data)
    chassis_stack_surplus                    0x2000001c   Data           4  chassis_task.o(.data)
    chassis_time_last                        0x20000020   Data           4  chassis_task.o(.data)
    chassis_time_ms                          0x20000024   Data           4  chassis_task.o(.data)
    handler_run_time                         0x20000028   Data           4  gimbal_task.o(.data)
    gimbal_stack_surplus                     0x2000002c   Data           4  gimbal_task.o(.data)
    Robot_angle_ref                          0x20000030   Data           4  gimbal_task.o(.data)
    info_stack_surplus                       0x20000034   Data           4  info_get_task.o(.data)
    info_time_last                           0x20000038   Data           4  info_get_task.o(.data)
    info_time_ms                             0x2000003c   Data           4  info_get_task.o(.data)
    can_send_surplus                         0x20000040   Data           4  comm_task.o(.data)
    CRC_INIT_1                               0x20000044   Data           2  judg_info.o(.data)
    JudgeFrameCounter                        0x20000048   Data           4  judg_info.o(.data)
    JudgeFrameRate                           0x2000004c   Data           4  judg_info.o(.data)
    GameRobotState                           0x20000050   Data           8  judg_info.o(.data)
    FBSpeedRamp                              0x20000064   Data          20  info_interactive.o(.data)
    LRSpeedRamp                              0x20000078   Data          20  info_interactive.o(.data)
    ctrl_mode                                0x2000008c   Data           1  modeswitch_task.o(.data)
    Reset                                    0x20000090   Data           4  modeswitch_task.o(.data)
    mode_stack_surplus                       0x20000098   Data           4  modeswitch_task.o(.data)
    mode_switch_times                        0x2000009c   Data           4  modeswitch_task.o(.data)
    SystemCoreClock                          0x200000a8   Data           4  system_stm32f4xx.o(.data)
    uwTick                                   0x200000ac   Data           4  stm32f4xx_hal.o(.data)
    pxCurrentTCB                             0x200000e4   Data           4  tasks.o(.data)
    hpcd_USB_OTG_FS                          0x20000120   Data         952  usbd_conf.o(.bss)
    hcan1                                    0x200004d8   Data          64  can.o(.bss)
    hcan2                                    0x20000518   Data          64  can.o(.bss)
    htim4                                    0x200005d8   Data          60  tim.o(.bss)
    htim5                                    0x20000614   Data          60  tim.o(.bss)
    htim9                                    0x20000650   Data          60  tim.o(.bss)
    RC_CtrlData                              0x2000068c   Data          22  usart.o(.bss)
    huart1                                   0x200006a4   Data          64  usart.o(.bss)
    huart2                                   0x200006e4   Data          64  usart.o(.bss)
    huart3                                   0x20000724   Data          64  usart.o(.bss)
    huart4                                   0x20000764   Data          64  usart.o(.bss)
    huart6                                   0x200007a4   Data          64  usart.o(.bss)
    UART1TxDMA_Handler                       0x200007e4   Data          96  usart.o(.bss)
    UART2RxDMA_Handler                       0x20000844   Data          96  usart.o(.bss)
    UART3RxDMA_Handler                       0x200008a4   Data          96  usart.o(.bss)
    UART4RxDMA_Handler                       0x20000904   Data          96  usart.o(.bss)
    UART6RxDMA_Handler                       0x20000964   Data          96  usart.o(.bss)
    rc_RxBuffer                              0x200009c4   Data         128  usart.o(.bss)
    Rx_data                                  0x20000a44   Data          14  usart.o(.bss)
    chassis                                  0x20000a54   Data         168  chassis_task.o(.bss)
    gim                                      0x20000afc   Data         104  gimbal_task.o(.bss)
    glb_cur                                  0x20000b64   Data          12  comm_task.o(.bss)
    JudgeDataBuffer                          0x20000b70   Data         150  judg_info.o(.bss)
    InfantryJudge                            0x20000c08   Data          32  judg_info.o(.bss)
    bullet_data                              0x20000c28   Data          10  judg_info.o(.bss)
    GameRobotPos                             0x20000c32   Data          16  judg_info.o(.bss)
    moto_chassis                             0x20000c44   Data         408  bsp_can.o(.bss)
    gyro_data                                0x20000ddc   Data          56  bsp_can.o(.bss)
    xQueueRegistry                           0x20000e14   Data          64  queue.o(.bss)
    pid_rotate                               0x20004b6c   Data          68  pid.o(.bss)
    pid_spd                                  0x20004bb0   Data         408  pid.o(.bss)
    __initial_sp                             0x20005148   Data           0  startup_stm32f407xx.o(STACK)



==============================================================================

Memory Map of the image

  Image Entry point : 0x08000189

  Load Region LR_IROM1 (Base: 0x08000000, Size: 0x000074d0, Max: 0x00080000, ABSOLUTE)

    Execution Region ER_IROM1 (Exec base: 0x08000000, Load base: 0x08000000, Size: 0x000073b0, Max: 0x00080000, ABSOLUTE)

    Exec Addr    Load Addr    Size         Type   Attr      Idx    E Section Name        Object

    0x08000000   0x08000000   0x00000188   Data   RO            3    RESET               startup_stm32f407xx.o
    0x08000188   0x08000188   0x00000000   Code   RO         8301  * .ARM.Collect$$$$00000000  mc_w.l(entry.o)
    0x08000188   0x08000188   0x00000004   Code   RO         8611    .ARM.Collect$$$$00000001  mc_w.l(entry2.o)
    0x0800018c   0x0800018c   0x00000004   Code   RO         8614    .ARM.Collect$$$$00000004  mc_w.l(entry5.o)
    0x08000190   0x08000190   0x00000000   Code   RO         8616    .ARM.Collect$$$$00000008  mc_w.l(entry7b.o)
    0x08000190   0x08000190   0x00000000   Code   RO         8618    .ARM.Collect$$$$0000000A  mc_w.l(entry8b.o)
    0x08000190   0x08000190   0x00000008   Code   RO         8619    .ARM.Collect$$$$0000000B  mc_w.l(entry9a.o)
    0x08000198   0x08000198   0x00000000   Code   RO         8621    .ARM.Collect$$$$0000000D  mc_w.l(entry10a.o)
    0x08000198   0x08000198   0x00000000   Code   RO         8623    .ARM.Collect$$$$0000000F  mc_w.l(entry11a.o)
    0x08000198   0x08000198   0x00000004   Code   RO         8612    .ARM.Collect$$$$00002712  mc_w.l(entry2.o)
    0x0800019c   0x0800019c   0x000000ba   Code   RO         7014    .emb_text           port.o
    0x08000256   0x08000256   0x00000002   PAD
    0x08000258   0x08000258   0x00000024   Code   RO            4    .text               startup_stm32f407xx.o
    0x0800027c   0x0800027c   0x00000024   Code   RO         8304    .text               mc_w.l(memcpya.o)
    0x080002a0   0x080002a0   0x00000024   Code   RO         8306    .text               mc_w.l(memseta.o)
    0x080002c4   0x080002c4   0x0000014e   Code   RO         8599    .text               mf_w.l(dadd.o)
    0x08000412   0x08000412   0x000000e4   Code   RO         8601    .text               mf_w.l(dmul.o)
    0x080004f6   0x080004f6   0x000000de   Code   RO         8603    .text               mf_w.l(ddiv.o)
    0x080005d4   0x080005d4   0x00000022   Code   RO         8605    .text               mf_w.l(dflti.o)
    0x080005f6   0x080005f6   0x00000026   Code   RO         8607    .text               mf_w.l(f2d.o)
    0x0800061c   0x0800061c   0x00000038   Code   RO         8609    .text               mf_w.l(d2f.o)
    0x08000654   0x08000654   0x0000001e   Code   RO         8629    .text               mc_w.l(llshl.o)
    0x08000672   0x08000672   0x00000024   Code   RO         8631    .text               mc_w.l(llsshr.o)
    0x08000696   0x08000696   0x00000000   Code   RO         8635    .text               mc_w.l(iusefp.o)
    0x08000696   0x08000696   0x0000006e   Code   RO         8636    .text               mf_w.l(fepilogue.o)
    0x08000704   0x08000704   0x000000ba   Code   RO         8638    .text               mf_w.l(depilogue.o)
    0x080007be   0x080007be   0x00000002   PAD
    0x080007c0   0x080007c0   0x00000024   Code   RO         8644    .text               mc_w.l(init.o)
    0x080007e4   0x080007e4   0x00000020   Code   RO         8646    .text               mc_w.l(llushr.o)
    0x08000804   0x08000804   0x00000002   Code   RO          326    i.BusFault_Handler  stm32f4xx_it.o
    0x08000806   0x08000806   0x00000002   PAD
    0x08000808   0x08000808   0x0000000c   Code   RO         1029    i.CAN1_RX0_IRQHandler  can.o
    0x08000814   0x08000814   0x0000000c   Code   RO         1030    i.CAN2_RX0_IRQHandler  can.o
    0x08000820   0x08000820   0x0000012c   Code   RO         4764    i.CAN_Receive_IT    stm32f4xx_hal_can.o
    0x0800094c   0x0800094c   0x00000060   Code   RO         4765    i.CAN_Transmit_IT   stm32f4xx_hal_can.o
    0x080009ac   0x080009ac   0x00000028   Code   RO         2343    i.DMA_CalcBaseAndBitshift  stm32f4xx_hal_dma.o
    0x080009d4   0x080009d4   0x00000054   Code   RO         2344    i.DMA_CheckFifoParam  stm32f4xx_hal_dma.o
    0x08000a28   0x08000a28   0x00000028   Code   RO         2345    i.DMA_SetConfig     stm32f4xx_hal_dma.o
    0x08000a50   0x08000a50   0x00000002   Code   RO          327    i.DebugMon_Handler  stm32f4xx_it.o
    0x08000a52   0x08000a52   0x00000002   Code   RO          688    i.Error_Handler     main.o
    0x08000a54   0x08000a54   0x0000002c   Code   RO         1675    i.Get_CRC16_Check_Sum_1  judg_info.o
    0x08000a80   0x08000a80   0x000000a8   Code   RO         1156    i.Get_Remote_info   usart.o
    0x08000b28   0x08000b28   0x000000e4   Code   RO         4766    i.HAL_CAN_ConfigFilter  stm32f4xx_hal_can.o
    0x08000c0c   0x08000c0c   0x00000002   Code   RO         4768    i.HAL_CAN_ErrorCallback  stm32f4xx_hal_can.o
    0x08000c0e   0x08000c0e   0x00000002   PAD
    0x08000c10   0x08000c10   0x00000180   Code   RO         4771    i.HAL_CAN_IRQHandler  stm32f4xx_hal_can.o
    0x08000d90   0x08000d90   0x00000148   Code   RO         4772    i.HAL_CAN_Init      stm32f4xx_hal_can.o
    0x08000ed8   0x08000ed8   0x000000e0   Code   RO         1031    i.HAL_CAN_MspInit   can.o
    0x08000fb8   0x08000fb8   0x00000086   Code   RO         4776    i.HAL_CAN_Receive_IT  stm32f4xx_hal_can.o
    0x0800103e   0x0800103e   0x00000002   PAD
    0x08001040   0x08001040   0x00000094   Code   RO         1877    i.HAL_CAN_RxCpltCallback  bsp_can.o
    0x080010d4   0x080010d4   0x00000194   Code   RO         4779    i.HAL_CAN_Transmit  stm32f4xx_hal_can.o
    0x08001268   0x08001268   0x00000002   Code   RO         4781    i.HAL_CAN_TxCpltCallback  stm32f4xx_hal_can.o
    0x0800126a   0x0800126a   0x00000002   PAD
    0x0800126c   0x0800126c   0x000000d0   Code   RO         2352    i.HAL_DMA_Init      stm32f4xx_hal_dma.o
    0x0800133c   0x0800133c   0x00000078   Code   RO         2356    i.HAL_DMA_Start_IT  stm32f4xx_hal_dma.o
    0x080013b4   0x080013b4   0x00000016   Code   RO         2020    i.HAL_Delay         stm32f4xx_hal.o
    0x080013ca   0x080013ca   0x00000002   PAD
    0x080013cc   0x080013cc   0x000001b0   Code   RO         3681    i.HAL_GPIO_Init     stm32f4xx_hal_gpio.o
    0x0800157c   0x0800157c   0x0000000a   Code   RO         3685    i.HAL_GPIO_WritePin  stm32f4xx_hal_gpio.o
    0x08001586   0x08001586   0x00000002   PAD
    0x08001588   0x08001588   0x0000000c   Code   RO         2026    i.HAL_GetTick       stm32f4xx_hal.o
    0x08001594   0x08001594   0x00000010   Code   RO         2027    i.HAL_IncTick       stm32f4xx_hal.o
    0x080015a4   0x080015a4   0x00000034   Code   RO         2028    i.HAL_Init          stm32f4xx_hal.o
    0x080015d8   0x080015d8   0x00000028   Code   RO         2029    i.HAL_InitTick      stm32f4xx_hal.o
    0x08001600   0x08001600   0x00000002   Code   RO         2031    i.HAL_MspInit       stm32f4xx_hal.o
    0x08001602   0x08001602   0x00000016   Code   RO         4474    i.HAL_NVIC_EnableIRQ  stm32f4xx_hal_cortex.o
    0x08001618   0x08001618   0x00000040   Code   RO         4480    i.HAL_NVIC_SetPriority  stm32f4xx_hal_cortex.o
    0x08001658   0x08001658   0x00000024   Code   RO         4481    i.HAL_NVIC_SetPriorityGrouping  stm32f4xx_hal_cortex.o
    0x0800167c   0x0800167c   0x00000008   Code   RO          441    i.HAL_PCD_ConnectCallback  usbd_conf.o
    0x08001684   0x08001684   0x00000012   Code   RO          442    i.HAL_PCD_DataInStageCallback  usbd_conf.o
    0x08001696   0x08001696   0x00000014   Code   RO          443    i.HAL_PCD_DataOutStageCallback  usbd_conf.o
    0x080016aa   0x080016aa   0x00000008   Code   RO          444    i.HAL_PCD_DisconnectCallback  usbd_conf.o
    0x080016b2   0x080016b2   0x00000050   Code   RO         2459    i.HAL_PCD_EP_ClrStall  stm32f4xx_hal_pcd.o
    0x08001702   0x08001702   0x00000054   Code   RO         2462    i.HAL_PCD_EP_Open   stm32f4xx_hal_pcd.o
    0x08001756   0x08001756   0x00000002   PAD
    0x08001758   0x08001758   0x0000005e   Code   RO         2463    i.HAL_PCD_EP_Receive  stm32f4xx_hal_pcd.o
    0x080017b6   0x080017b6   0x00000060   Code   RO         2464    i.HAL_PCD_EP_SetStall  stm32f4xx_hal_pcd.o
    0x08001816   0x08001816   0x00000056   Code   RO         2465    i.HAL_PCD_EP_Transmit  stm32f4xx_hal_pcd.o
    0x0800186c   0x0800186c   0x000004f4   Code   RO         2467    i.HAL_PCD_IRQHandler  stm32f4xx_hal_pcd.o
    0x08001d60   0x08001d60   0x00000008   Code   RO          445    i.HAL_PCD_ISOINIncompleteCallback  usbd_conf.o
    0x08001d68   0x08001d68   0x00000008   Code   RO          446    i.HAL_PCD_ISOOUTIncompleteCallback  usbd_conf.o
    0x08001d70   0x08001d70   0x00000020   Code   RO          449    i.HAL_PCD_ResetCallback  usbd_conf.o
    0x08001d90   0x08001d90   0x00000008   Code   RO          450    i.HAL_PCD_ResumeCallback  usbd_conf.o
    0x08001d98   0x08001d98   0x00000008   Code   RO          451    i.HAL_PCD_SOFCallback  usbd_conf.o
    0x08001da0   0x08001da0   0x00000024   Code   RO         2476    i.HAL_PCD_SetAddress  stm32f4xx_hal_pcd.o
    0x08001dc4   0x08001dc4   0x0000000e   Code   RO          452    i.HAL_PCD_SetupStageCallback  usbd_conf.o
    0x08001dd2   0x08001dd2   0x00000002   PAD
    0x08001dd4   0x08001dd4   0x00000030   Code   RO          453    i.HAL_PCD_SuspendCallback  usbd_conf.o
    0x08001e04   0x08001e04   0x0000017c   Code   RO         2221    i.HAL_RCC_ClockConfig  stm32f4xx_hal_rcc.o
    0x08001f80   0x08001f80   0x0000000c   Code   RO         2226    i.HAL_RCC_GetHCLKFreq  stm32f4xx_hal_rcc.o
    0x08001f8c   0x08001f8c   0x00000030   Code   RO         2228    i.HAL_RCC_GetPCLK1Freq  stm32f4xx_hal_rcc.o
    0x08001fbc   0x08001fbc   0x00000030   Code   RO         2229    i.HAL_RCC_GetPCLK2Freq  stm32f4xx_hal_rcc.o
    0x08001fec   0x08001fec   0x00000070   Code   RO         2230    i.HAL_RCC_GetSysClockFreq  stm32f4xx_hal_rcc.o
    0x0800205c   0x0800205c   0x000002e4   Code   RO         2233    i.HAL_RCC_OscConfig  stm32f4xx_hal_rcc.o
    0x08002340   0x08002340   0x00000018   Code   RO         4483    i.HAL_SYSTICK_CLKSourceConfig  stm32f4xx_hal_cortex.o
    0x08002358   0x08002358   0x00000028   Code   RO         4485    i.HAL_SYSTICK_Config  stm32f4xx_hal_cortex.o
    0x08002380   0x08002380   0x00000002   Code   RO         3160    i.HAL_TIMEx_BreakCallback  stm32f4xx_hal_tim_ex.o
    0x08002382   0x08002382   0x00000002   Code   RO         3161    i.HAL_TIMEx_CommutationCallback  stm32f4xx_hal_tim_ex.o
    0x08002384   0x08002384   0x00000002   Code   RO         3775    i.HAL_TIM_IC_CaptureCallback  stm32f4xx_hal_tim.o
    0x08002386   0x08002386   0x00000166   Code   RO         3788    i.HAL_TIM_IRQHandler  stm32f4xx_hal_tim.o
    0x080024ec   0x080024ec   0x00000098   Code   RO         1084    i.HAL_TIM_MspPostInit  tim.o
    0x08002584   0x08002584   0x00000002   Code   RO         3791    i.HAL_TIM_OC_DelayElapsedCallback  stm32f4xx_hal_tim.o
    0x08002586   0x08002586   0x000000d0   Code   RO         3812    i.HAL_TIM_PWM_ConfigChannel  stm32f4xx_hal_tim.o
    0x08002656   0x08002656   0x00000036   Code   RO         3815    i.HAL_TIM_PWM_Init  stm32f4xx_hal_tim.o
    0x0800268c   0x0800268c   0x00000060   Code   RO         1085    i.HAL_TIM_PWM_MspInit  tim.o
    0x080026ec   0x080026ec   0x00000002   Code   RO         3818    i.HAL_TIM_PWM_PulseFinishedCallback  stm32f4xx_hal_tim.o
    0x080026ee   0x080026ee   0x00000002   PAD
    0x080026f0   0x080026f0   0x00000038   Code   RO         3819    i.HAL_TIM_PWM_Start  stm32f4xx_hal_tim.o
    0x08002728   0x08002728   0x00000002   Code   RO         1086    i.HAL_TIM_PeriodElapsedCallback  tim.o
    0x0800272a   0x0800272a   0x00000002   Code   RO         3829    i.HAL_TIM_TriggerCallback  stm32f4xx_hal_tim.o
    0x0800272c   0x0800272c   0x00000002   Code   RO         5692    i.HAL_UART_ErrorCallback  stm32f4xx_hal_uart.o
    0x0800272e   0x0800272e   0x00000062   Code   RO         5696    i.HAL_UART_Init     stm32f4xx_hal_uart.o
    0x08002790   0x08002790   0x00000308   Code   RO         1158    i.HAL_UART_MspInit  usart.o
    0x08002a98   0x08002a98   0x00000090   Code   RO         5700    i.HAL_UART_Receive_DMA  stm32f4xx_hal_uart.o
    0x08002b28   0x08002b28   0x00000002   Code   RO         5702    i.HAL_UART_RxCpltCallback  stm32f4xx_hal_uart.o
    0x08002b2a   0x08002b2a   0x00000002   Code   RO         5703    i.HAL_UART_RxHalfCpltCallback  stm32f4xx_hal_uart.o
    0x08002b2c   0x08002b2c   0x00000002   Code   RO          328    i.HardFault_Handler  stm32f4xx_it.o
    0x08002b2e   0x08002b2e   0x00000002   PAD
    0x08002b30   0x08002b30   0x0000015c   Code   RO         1678    i.Judge_Receive     judg_info.o
    0x08002c8c   0x08002c8c   0x00000068   Code   RO         1032    i.MX_CAN1_Init      can.o
    0x08002cf4   0x08002cf4   0x00000068   Code   RO         1033    i.MX_CAN2_Init      can.o
    0x08002d5c   0x08002d5c   0x00000094   Code   RO          993    i.MX_FREERTOS_Init  freertos.o
    0x08002df0   0x08002df0   0x00000128   Code   RO         1282    i.MX_GPIO_Init      gpio.o
    0x08002f18   0x08002f18   0x00000068   Code   RO         1087    i.MX_TIM4_Init      tim.o
    0x08002f80   0x08002f80   0x00000060   Code   RO         1089    i.MX_TIM9_Init      tim.o
    0x08002fe0   0x08002fe0   0x00000038   Code   RO         1159    i.MX_USART1_UART_Init  usart.o
    0x08003018   0x08003018   0x00000060   Code   RO         1160    i.MX_USART2_UART_Init  usart.o
    0x08003078   0x08003078   0x0000004c   Code   RO         1161    i.MX_USART3_UART_Init  usart.o
    0x080030c4   0x080030c4   0x00000038   Code   RO         1162    i.MX_USART4_UART_Init  usart.o
    0x080030fc   0x080030fc   0x00000050   Code   RO         1163    i.MX_USART6_UART_Init  usart.o
    0x0800314c   0x0800314c   0x00000002   Code   RO          329    i.MemManage_Handler  stm32f4xx_it.o
    0x0800314e   0x0800314e   0x00000002   Code   RO          330    i.NMI_Handler       stm32f4xx_it.o
    0x08003150   0x08003150   0x00000020   Code   RO         4487    i.NVIC_SetPriority  stm32f4xx_hal_cortex.o
    0x08003170   0x08003170   0x0000000c   Code   RO          331    i.OTG_FS_IRQHandler  stm32f4xx_it.o
    0x0800317c   0x0800317c   0x00000088   Code   RO         2481    i.PCD_WriteEmptyTxFifo  stm32f4xx_hal_pcd.o
    0x08003204   0x08003204   0x00000044   Code   RO         8234    i.PID_struct_init   pid.o
    0x08003248   0x08003248   0x00000008   Code   RO          994    i.StartDefaultTask  freertos.o
    0x08003250   0x08003250   0x0000000e   Code   RO          332    i.SysTick_Handler   stm32f4xx_it.o
    0x0800325e   0x0800325e   0x00000002   PAD
    0x08003260   0x08003260   0x000000a0   Code   RO          689    i.SystemClock_Config  main.o
    0x08003300   0x08003300   0x00000054   Code   RO         1977    i.SystemInit        system_stm32f4xx.o
    0x08003354   0x08003354   0x0000000c   Code   RO         1090    i.TIM5_IRQHandler   tim.o
    0x08003360   0x08003360   0x000000c0   Code   RO         3830    i.TIM_Base_SetConfig  stm32f4xx_hal_tim.o
    0x08003420   0x08003420   0x00000016   Code   RO         3831    i.TIM_CCxChannelCmd  stm32f4xx_hal_tim.o
    0x08003436   0x08003436   0x00000002   PAD
    0x08003438   0x08003438   0x00000058   Code   RO         3839    i.TIM_OC1_SetConfig  stm32f4xx_hal_tim.o
    0x08003490   0x08003490   0x00000064   Code   RO         3840    i.TIM_OC2_SetConfig  stm32f4xx_hal_tim.o
    0x080034f4   0x080034f4   0x00000060   Code   RO         3841    i.TIM_OC3_SetConfig  stm32f4xx_hal_tim.o
    0x08003554   0x08003554   0x00000050   Code   RO         3842    i.TIM_OC4_SetConfig  stm32f4xx_hal_tim.o
    0x080035a4   0x080035a4   0x00000064   Code   RO         1164    i.UART4_IRQHandler  usart.o
    0x08003608   0x08003608   0x0000004a   Code   RO         5710    i.UART_DMAError     stm32f4xx_hal_uart.o
    0x08003652   0x08003652   0x0000003c   Code   RO         5711    i.UART_DMAReceiveCplt  stm32f4xx_hal_uart.o
    0x0800368e   0x0800368e   0x0000000a   Code   RO         5712    i.UART_DMARxHalfCplt  stm32f4xx_hal_uart.o
    0x08003698   0x08003698   0x0000001c   Code   RO         5715    i.UART_EndRxTransfer  stm32f4xx_hal_uart.o
    0x080036b4   0x080036b4   0x00000012   Code   RO         5716    i.UART_EndTxTransfer  stm32f4xx_hal_uart.o
    0x080036c6   0x080036c6   0x00000002   PAD
    0x080036c8   0x080036c8   0x000002ac   Code   RO         5718    i.UART_SetConfig    stm32f4xx_hal_uart.o
    0x08003974   0x08003974   0x00000088   Code   RO         1165    i.USART2_IRQHandler  usart.o
    0x080039fc   0x080039fc   0x0000007c   Code   RO         1166    i.USART3_IRQHandler  usart.o
    0x08003a78   0x08003a78   0x0000005c   Code   RO         1167    i.USART6_IRQHandler  usart.o
    0x08003ad4   0x08003ad4   0x0000000e   Code   RO         8063    i.USBD_ClrClassConfig  usbd_core.o
    0x08003ae2   0x08003ae2   0x00000010   Code   RO         8003    i.USBD_CtlContinueRx  usbd_ioreq.o
    0x08003af2   0x08003af2   0x00000010   Code   RO         8004    i.USBD_CtlContinueSendData  usbd_ioreq.o
    0x08003b02   0x08003b02   0x00000016   Code   RO         7832    i.USBD_CtlError     usbd_ctlreq.o
    0x08003b18   0x08003b18   0x00000016   Code   RO         8006    i.USBD_CtlReceiveStatus  usbd_ioreq.o
    0x08003b2e   0x08003b2e   0x0000001a   Code   RO         8007    i.USBD_CtlSendData  usbd_ioreq.o
    0x08003b48   0x08003b48   0x00000016   Code   RO         8008    i.USBD_CtlSendStatus  usbd_ioreq.o
    0x08003b5e   0x08003b5e   0x000000e0   Code   RO         7833    i.USBD_GetDescriptor  usbd_ctlreq.o
    0x08003c3e   0x08003c3e   0x0000000e   Code   RO          454    i.USBD_LL_ClearStallEP  usbd_conf.o
    0x08003c4c   0x08003c4c   0x000000aa   Code   RO         8066    i.USBD_LL_DataInStage  usbd_core.o
    0x08003cf6   0x08003cf6   0x0000006a   Code   RO         8067    i.USBD_LL_DataOutStage  usbd_core.o
    0x08003d60   0x08003d60   0x00000004   Code   RO         8068    i.USBD_LL_DevConnected  usbd_core.o
    0x08003d64   0x08003d64   0x00000016   Code   RO         8069    i.USBD_LL_DevDisconnected  usbd_core.o
    0x08003d7a   0x08003d7a   0x00000020   Code   RO          461    i.USBD_LL_IsStallEP  usbd_conf.o
    0x08003d9a   0x08003d9a   0x00000004   Code   RO         8070    i.USBD_LL_IsoINIncomplete  usbd_core.o
    0x08003d9e   0x08003d9e   0x00000004   Code   RO         8071    i.USBD_LL_IsoOUTIncomplete  usbd_core.o
    0x08003da2   0x08003da2   0x00000014   Code   RO          462    i.USBD_LL_OpenEP    usbd_conf.o
    0x08003db6   0x08003db6   0x0000000e   Code   RO          463    i.USBD_LL_PrepareReceive  usbd_conf.o
    0x08003dc4   0x08003dc4   0x0000003e   Code   RO         8072    i.USBD_LL_Reset     usbd_core.o
    0x08003e02   0x08003e02   0x0000000c   Code   RO         8073    i.USBD_LL_Resume    usbd_core.o
    0x08003e0e   0x08003e0e   0x00000018   Code   RO         8074    i.USBD_LL_SOF       usbd_core.o
    0x08003e26   0x08003e26   0x00000006   Code   RO         8075    i.USBD_LL_SetSpeed  usbd_core.o
    0x08003e2c   0x08003e2c   0x0000000e   Code   RO          464    i.USBD_LL_SetUSBAddress  usbd_conf.o
    0x08003e3a   0x08003e3a   0x0000005a   Code   RO         8076    i.USBD_LL_SetupStage  usbd_core.o
    0x08003e94   0x08003e94   0x0000000e   Code   RO          465    i.USBD_LL_StallEP   usbd_conf.o
    0x08003ea2   0x08003ea2   0x00000012   Code   RO         8077    i.USBD_LL_Suspend   usbd_core.o
    0x08003eb4   0x08003eb4   0x0000000e   Code   RO          468    i.USBD_LL_Transmit  usbd_conf.o
    0x08003ec2   0x08003ec2   0x00000028   Code   RO         7835    i.USBD_ParseSetupRequest  usbd_ctlreq.o
    0x08003eea   0x08003eea   0x00000016   Code   RO         8080    i.USBD_SetClassConfig  usbd_core.o
    0x08003f00   0x08003f00   0x00000074   Code   RO         7836    i.USBD_SetConfig    usbd_ctlreq.o
    0x08003f74   0x08003f74   0x000000f2   Code   RO         7837    i.USBD_StdDevReq    usbd_ctlreq.o
    0x08004066   0x08004066   0x000000dc   Code   RO         7838    i.USBD_StdEPReq     usbd_ctlreq.o
    0x08004142   0x08004142   0x00000034   Code   RO         7839    i.USBD_StdItfReq    usbd_ctlreq.o
    0x08004176   0x08004176   0x00000002   PAD
    0x08004178   0x08004178   0x00000080   Code   RO         2665    i.USB_ActivateEndpoint  stm32f4xx_ll_usb.o
    0x080041f8   0x080041f8   0x00000034   Code   RO         2666    i.USB_ActivateSetup  stm32f4xx_ll_usb.o
    0x0800422c   0x0800422c   0x00000140   Code   RO         2678    i.USB_EP0StartXfer  stm32f4xx_ll_usb.o
    0x0800436c   0x0800436c   0x0000003e   Code   RO         2679    i.USB_EP0_OutStart  stm32f4xx_ll_usb.o
    0x080043aa   0x080043aa   0x00000064   Code   RO         2680    i.USB_EPClearStall  stm32f4xx_ll_usb.o
    0x0800440e   0x0800440e   0x0000005e   Code   RO         2681    i.USB_EPSetStall    stm32f4xx_ll_usb.o
    0x0800446c   0x0800446c   0x0000021c   Code   RO         2682    i.USB_EPStartXfer   stm32f4xx_ll_usb.o
    0x08004688   0x08004688   0x00000024   Code   RO         2685    i.USB_FlushTxFifo   stm32f4xx_ll_usb.o
    0x080046ac   0x080046ac   0x0000003c   Code   RO         2687    i.USB_GetDevSpeed   stm32f4xx_ll_usb.o
    0x080046e8   0x080046e8   0x00000008   Code   RO         2689    i.USB_GetMode       stm32f4xx_ll_usb.o
    0x080046f0   0x080046f0   0x0000000e   Code   RO         2696    i.USB_ReadDevAllInEpInterrupt  stm32f4xx_ll_usb.o
    0x080046fe   0x080046fe   0x0000000e   Code   RO         2697    i.USB_ReadDevAllOutEpInterrupt  stm32f4xx_ll_usb.o
    0x0800470c   0x0800470c   0x0000001e   Code   RO         2698    i.USB_ReadDevInEPInterrupt  stm32f4xx_ll_usb.o
    0x0800472a   0x0800472a   0x00000010   Code   RO         2699    i.USB_ReadDevOutEPInterrupt  stm32f4xx_ll_usb.o
    0x0800473a   0x0800473a   0x00000008   Code   RO         2700    i.USB_ReadInterrupts  stm32f4xx_ll_usb.o
    0x08004742   0x08004742   0x00000020   Code   RO         2701    i.USB_ReadPacket    stm32f4xx_ll_usb.o
    0x08004762   0x08004762   0x00000022   Code   RO         2704    i.USB_SetDevAddress  stm32f4xx_ll_usb.o
    0x08004784   0x08004784   0x00000028   Code   RO         2708    i.USB_WritePacket   stm32f4xx_ll_usb.o
    0x080047ac   0x080047ac   0x00000002   Code   RO          333    i.UsageFault_Handler  stm32f4xx_it.o
    0x080047ae   0x080047ae   0x00000002   PAD
    0x080047b0   0x080047b0   0x0000003c   Code   RO         1679    i.Verify_CRC16_Check_Sum_1  judg_info.o
    0x080047ec   0x080047ec   0x0000000e   Code   RO         8650    i.__scatterload_copy  mc_w.l(handlers.o)
    0x080047fa   0x080047fa   0x00000002   Code   RO         8651    i.__scatterload_null  mc_w.l(handlers.o)
    0x080047fc   0x080047fc   0x0000000e   Code   RO         8652    i.__scatterload_zeroinit  mc_w.l(handlers.o)
    0x0800480a   0x0800480a   0x0000002a   Code   RO         8235    i.abs_limit         pid.o
    0x08004834   0x08004834   0x0000003c   Code   RO         1642    i.can_msg_send_task  comm_task.o
    0x08004870   0x08004870   0x00000020   Code   RO         1879    i.can_receive_start  bsp_can.o
    0x08004890   0x08004890   0x0000009c   Code   RO         1531    i.chassis_param_init  chassis_task.o
    0x0800492c   0x0800492c   0x00000100   Code   RO         8236    i.chassis_pid_calc  pid.o
    0x08004a2c   0x08004a2c   0x000001c8   Code   RO         1532    i.chassis_task      chassis_task.o
    0x08004bf4   0x08004bf4   0x000000bc   Code   RO         1880    i.encoder_data_handler  bsp_can.o
    0x08004cb0   0x08004cb0   0x00000080   Code   RO         1774    i.get_chassis_info  info_interactive.o
    0x08004d30   0x08004d30   0x0000002c   Code   RO         1775    i.get_gimbal_info   info_interactive.o
    0x08004d5c   0x08004d5c   0x0000006c   Code   RO         1833    i.get_main_ctrl_mode  modeswitch_task.o
    0x08004dc8   0x08004dc8   0x0000000c   Code   RO         1883    i.get_moto_offset   bsp_can.o
    0x08004dd4   0x08004dd4   0x00000018   Code   RO         1570    i.gimbal_param_init  gimbal_task.o
    0x08004dec   0x08004dec   0x0000004c   Code   RO         1571    i.gimbal_task       gimbal_task.o
    0x08004e38   0x08004e38   0x0000000c   Code   RO         7155    i.inHandlerMode     cmsis_os.o
    0x08004e44   0x08004e44   0x0000005c   Code   RO         1614    i.info_get_task     info_get_task.o
    0x08004ea0   0x08004ea0   0x00000138   Code   RO         1776    i.keyboard_chassis_hook  info_interactive.o
    0x08004fd8   0x08004fd8   0x0000004c   Code   RO         1834    i.led_flicker       modeswitch_task.o
    0x08005024   0x08005024   0x0000004e   Code   RO          690    i.main              main.o
    0x08005072   0x08005072   0x0000000c   Code   RO         7157    i.makeFreeRtosPriority  cmsis_os.o
    0x0800507e   0x0800507e   0x00000002   PAD
    0x08005080   0x08005080   0x0000006c   Code   RO         1835    i.mode_swtich_task  modeswitch_task.o
    0x080050ec   0x080050ec   0x0000000e   Code   RO         7158    i.osDelay           cmsis_os.o
    0x080050fa   0x080050fa   0x0000000e   Code   RO         7159    i.osDelayUntil      cmsis_os.o
    0x08005108   0x08005108   0x0000000a   Code   RO         7161    i.osKernelStart     cmsis_os.o
    0x08005112   0x08005112   0x00000018   Code   RO         7162    i.osKernelSysTick   cmsis_os.o
    0x0800512a   0x0800512a   0x00000002   PAD
    0x0800512c   0x0800512c   0x00000058   Code   RO         7188    i.osSignalSet       cmsis_os.o
    0x08005184   0x08005184   0x00000056   Code   RO         7189    i.osSignalWait      cmsis_os.o
    0x080051da   0x080051da   0x00000014   Code   RO         7190    i.osSystickHandler  cmsis_os.o
    0x080051ee   0x080051ee   0x00000038   Code   RO         7191    i.osThreadCreate    cmsis_os.o
    0x08005226   0x08005226   0x00000002   PAD
    0x08005228   0x08005228   0x00000024   Code   RO         7202    i.osTimerCreate     cmsis_os.o
    0x0800524c   0x0800524c   0x0000005c   Code   RO         7204    i.osTimerStart      cmsis_os.o
    0x080052a8   0x080052a8   0x0000000e   Code   RO         8238    i.pid_param_init    pid.o
    0x080052b6   0x080052b6   0x00000002   PAD
    0x080052b8   0x080052b8   0x00000020   Code   RO         8239    i.pid_reset         pid.o
    0x080052d8   0x080052d8   0x00000034   Code   RO         7488    i.prvAddCurrentTaskToDelayedList  tasks.o
    0x0800530c   0x0800530c   0x00000060   Code   RO         6856    i.prvCheckForValidListAndQueue  timers.o
    0x0800536c   0x0800536c   0x00000054   Code   RO         7489    i.prvCheckTasksWaitingTermination  tasks.o
    0x080053c0   0x080053c0   0x00000026   Code   RO         6689    i.prvCopyDataFromQueue  queue.o
    0x080053e6   0x080053e6   0x0000006e   Code   RO         6690    i.prvCopyDataToQueue  queue.o
    0x08005454   0x08005454   0x0000004c   Code   RO         6965    i.prvHeapInit       heap_4.o
    0x080054a0   0x080054a0   0x00000028   Code   RO         7490    i.prvIdleTask       tasks.o
    0x080054c8   0x080054c8   0x0000004c   Code   RO         6966    i.prvInsertBlockIntoFreeList  heap_4.o
    0x08005514   0x08005514   0x00000038   Code   RO         6857    i.prvInsertTimerInActiveList  timers.o
    0x0800554c   0x0800554c   0x000000bc   Code   RO         6858    i.prvProcessReceivedCommands  timers.o
    0x08005608   0x08005608   0x000000b8   Code   RO         6859    i.prvProcessTimerOrBlockTask  timers.o
    0x080056c0   0x080056c0   0x00000020   Code   RO         7492    i.prvResetNextTaskUnblockTime  tasks.o
    0x080056e0   0x080056e0   0x00000028   Code   RO         6860    i.prvSampleTimeNow  timers.o
    0x08005708   0x08005708   0x0000006c   Code   RO         6861    i.prvSwitchTimerLists  timers.o
    0x08005774   0x08005774   0x00000014   Code   RO         7493    i.prvTaskCheckFreeStackSpace  tasks.o
    0x08005788   0x08005788   0x00000028   Code   RO         7015    i.prvTaskExitError  port.o
    0x080057b0   0x080057b0   0x00000024   Code   RO         6862    i.prvTimerTask      timers.o
    0x080057d4   0x080057d4   0x00000064   Code   RO         6691    i.prvUnlockQueue    queue.o
    0x08005838   0x08005838   0x000000d8   Code   RO         6967    i.pvPortMalloc      heap_4.o
    0x08005910   0x08005910   0x00000018   Code   RO         7495    i.pvTaskIncrementMutexHeldCount  tasks.o
    0x08005928   0x08005928   0x00000028   Code   RO         7016    i.pxPortInitialiseStack  port.o
    0x08005950   0x08005950   0x00000038   Code   RO         8201    i.ramp_calc         ramp.o
    0x08005988   0x08005988   0x00000008   Code   RO         8202    i.ramp_init         ramp.o
    0x08005990   0x08005990   0x000000ec   Code   RO         1777    i.remote_ctrl_chassis_hook  info_interactive.o
    0x08005a7c   0x08005a7c   0x00000054   Code   RO         1886    i.send_chassis_cur  bsp_can.o
    0x08005ad0   0x08005ad0   0x00000014   Code   RO         1778    i.send_chassis_motor_ctrl_message  info_interactive.o
    0x08005ae4   0x08005ae4   0x00000050   Code   RO         1887    i.send_front_chaais_cur  bsp_can.o
    0x08005b34   0x08005b34   0x0000000c   Code   RO         1779    i.send_front_chassis_motor_ctrl_message  info_interactive.o
    0x08005b40   0x08005b40   0x00000024   Code   RO         7793    i.uxListRemove      list.o
    0x08005b64   0x08005b64   0x00000010   Code   RO         7498    i.uxTaskGetStackHighWaterMark  tasks.o
    0x08005b74   0x08005b74   0x00000016   Code   RO         7794    i.vListInitialise   list.o
    0x08005b8a   0x08005b8a   0x00000006   Code   RO         7795    i.vListInitialiseItem  list.o
    0x08005b90   0x08005b90   0x00000030   Code   RO         7796    i.vListInsert       list.o
    0x08005bc0   0x08005bc0   0x00000018   Code   RO         7797    i.vListInsertEnd    list.o
    0x08005bd8   0x08005bd8   0x00000040   Code   RO         7018    i.vPortEnterCritical  port.o
    0x08005c18   0x08005c18   0x00000028   Code   RO         7019    i.vPortExitCritical  port.o
    0x08005c40   0x08005c40   0x0000005c   Code   RO         6968    i.vPortFree         heap_4.o
    0x08005c9c   0x08005c9c   0x00000020   Code   RO         7020    i.vPortSetupTimerInterrupt  port.o
    0x08005cbc   0x08005cbc   0x00000054   Code   RO         7021    i.vPortValidateInterruptPriority  port.o
    0x08005d10   0x08005d10   0x00000028   Code   RO         6697    i.vQueueAddToRegistry  queue.o
    0x08005d38   0x08005d38   0x0000003c   Code   RO         6701    i.vQueueWaitForMessageRestricted  queue.o
    0x08005d74   0x08005d74   0x00000068   Code   RO         7504    i.vTaskDelay        tasks.o
    0x08005ddc   0x08005ddc   0x000000a8   Code   RO         7505    i.vTaskDelayUntil   tasks.o
    0x08005e84   0x08005e84   0x0000000c   Code   RO         7508    i.vTaskMissedYield  tasks.o
    0x08005e90   0x08005e90   0x00000064   Code   RO         7510    i.vTaskPlaceOnEventList  tasks.o
    0x08005ef4   0x08005ef4   0x00000064   Code   RO         7511    i.vTaskPlaceOnEventListRestricted  tasks.o
    0x08005f58   0x08005f58   0x00000084   Code   RO         7513    i.vTaskPriorityInherit  tasks.o
    0x08005fdc   0x08005fdc   0x00000024   Code   RO         7517    i.vTaskSetTimeOutState  tasks.o
    0x08006000   0x08006000   0x00000070   Code   RO         7518    i.vTaskStartScheduler  tasks.o
    0x08006070   0x08006070   0x00000010   Code   RO         7520    i.vTaskSuspendAll   tasks.o
    0x08006080   0x08006080   0x0000005c   Code   RO         7521    i.vTaskSwitchContext  tasks.o
    0x080060dc   0x080060dc   0x000000e0   Code   RO         7022    i.xPortStartScheduler  port.o
    0x080061bc   0x080061bc   0x0000002c   Code   RO         7023    i.xPortSysTickHandler  port.o
    0x080061e8   0x080061e8   0x00000064   Code   RO         6703    i.xQueueGenericCreate  queue.o
    0x0800624c   0x0800624c   0x0000016c   Code   RO         6704    i.xQueueGenericReceive  queue.o
    0x080063b8   0x080063b8   0x00000084   Code   RO         6705    i.xQueueGenericReset  queue.o
    0x0800643c   0x0800643c   0x00000160   Code   RO         6706    i.xQueueGenericSend  queue.o
    0x0800659c   0x0800659c   0x000000b6   Code   RO         6707    i.xQueueGenericSendFromISR  queue.o
    0x08006652   0x08006652   0x00000002   PAD
    0x08006654   0x08006654   0x0000006c   Code   RO         7522    i.xTaskCheckForTimeOut  tasks.o
    0x080066c0   0x080066c0   0x000001bc   Code   RO         7523    i.xTaskGenericCreate  tasks.o
    0x0800687c   0x0800687c   0x000000cc   Code   RO         7524    i.xTaskGenericNotify  tasks.o
    0x08006948   0x08006948   0x000000ec   Code   RO         7525    i.xTaskGenericNotifyFromISR  tasks.o
    0x08006a34   0x08006a34   0x0000001c   Code   RO         7527    i.xTaskGetSchedulerState  tasks.o
    0x08006a50   0x08006a50   0x0000000c   Code   RO         7528    i.xTaskGetTickCount  tasks.o
    0x08006a5c   0x08006a5c   0x00000010   Code   RO         7529    i.xTaskGetTickCountFromISR  tasks.o
    0x08006a6c   0x08006a6c   0x000000cc   Code   RO         7530    i.xTaskIncrementTick  tasks.o
    0x08006b38   0x08006b38   0x000000b8   Code   RO         7532    i.xTaskNotifyWait   tasks.o
    0x08006bf0   0x08006bf0   0x00000098   Code   RO         7533    i.xTaskPriorityDisinherit  tasks.o
    0x08006c88   0x08006c88   0x00000074   Code   RO         7534    i.xTaskRemoveFromEventList  tasks.o
    0x08006cfc   0x08006cfc   0x000000c4   Code   RO         7536    i.xTaskResumeAll    tasks.o
    0x08006dc0   0x08006dc0   0x00000048   Code   RO         6865    i.xTimerCreate      timers.o
    0x08006e08   0x08006e08   0x0000004c   Code   RO         6866    i.xTimerCreateTimerTask  timers.o
    0x08006e54   0x08006e54   0x00000060   Code   RO         6867    i.xTimerGenericCommand  timers.o
    0x08006eb4   0x08006eb4   0x00000140   Code   RO         1888    i.zitai_data_receive  bsp_can.o
    0x08006ff4   0x08006ff4   0x00000058   Data   RO          995    .constdata          freertos.o
    0x0800704c   0x0800704c   0x00000300   Data   RO         1683    .constdata          judg_info.o
    0x0800734c   0x0800734c   0x00000010   Data   RO         2234    .constdata          stm32f4xx_hal_rcc.o
    0x0800735c   0x0800735c   0x00000008   Data   RO         2358    .constdata          stm32f4xx_hal_dma.o
    0x08007364   0x08007364   0x0000002c   Data   RO          996    .conststring        freertos.o
    0x08007390   0x08007390   0x00000020   Data   RO         8648    Region$$Table       anon$$obj.o


    Execution Region RW_IRAM1 (Exec base: 0x20000000, Load base: 0x080073b0, Size: 0x00005148, Max: 0x00020000, ABSOLUTE)

    Exec Addr    Load Addr    Size         Type   Attr      Idx    E Section Name        Object

    0x20000000   0x080073b0   0x00000018   Data   RW          997    .data               freertos.o
    0x20000018   0x080073c8   0x00000002   Data   RW         1175    .data               usart.o
    0x2000001a   0x080073ca   0x00000002   PAD
    0x2000001c   0x080073cc   0x0000000c   Data   RW         1534    .data               chassis_task.o
    0x20000028   0x080073d8   0x0000000c   Data   RW         1573    .data               gimbal_task.o
    0x20000034   0x080073e4   0x0000000c   Data   RW         1615    .data               info_get_task.o
    0x20000040   0x080073f0   0x00000004   Data   RW         1644    .data               comm_task.o
    0x20000044   0x080073f4   0x00000014   Data   RW         1684    .data               judg_info.o
    0x20000058   0x08007408   0x00000034   Data   RW         1782    .data               info_interactive.o
    0x2000008c   0x0800743c   0x00000014   Data   RW         1836    .data               modeswitch_task.o
    0x200000a0   0x08007450   0x00000006   Data   RW         1891    .data               bsp_can.o
    0x200000a6   0x08007456   0x00000002   PAD
    0x200000a8   0x08007458   0x00000004   Data   RW         1979    .data               system_stm32f4xx.o
    0x200000ac   0x0800745c   0x00000004   Data   RW         2034    .data               stm32f4xx_hal.o
    0x200000b0   0x08007460   0x00000010   Data   RW         6870    .data               timers.o
    0x200000c0   0x08007470   0x00000018   Data   RW         6973    .data               heap_4.o
    0x200000d8   0x08007488   0x0000000c   Data   RW         7024    .data               port.o
    0x200000e4   0x08007494   0x00000038   Data   RW         7539    .data               tasks.o
    0x2000011c   0x080074cc   0x00000001   Data   RW         7840    .data               usbd_ctlreq.o
    0x2000011d   0x080074cd   0x00000003   PAD
    0x20000120        -       0x000003b8   Zero   RW          469    .bss                usbd_conf.o
    0x200004d8        -       0x00000100   Zero   RW         1034    .bss                can.o
    0x200005d8        -       0x000000b4   Zero   RW         1091    .bss                tim.o
    0x2000068c        -       0x000003c6   Zero   RW         1170    .bss                usart.o
    0x20000a52   0x080074cd   0x00000002   PAD
    0x20000a54        -       0x000000a8   Zero   RW         1533    .bss                chassis_task.o
    0x20000afc        -       0x00000068   Zero   RW         1572    .bss                gimbal_task.o
    0x20000b64        -       0x0000000c   Zero   RW         1643    .bss                comm_task.o
    0x20000b70        -       0x000000d2   Zero   RW         1681    .bss                judg_info.o
    0x20000c42   0x080074cd   0x00000002   PAD
    0x20000c44        -       0x000001d0   Zero   RW         1889    .bss                bsp_can.o
    0x20000e14        -       0x00000040   Zero   RW         6713    .bss                queue.o
    0x20000e54        -       0x00000028   Zero   RW         6869    .bss                timers.o
    0x20000e7c        -       0x00003c00   Zero   RW         6972    .bss                heap_4.o
    0x20004a7c        -       0x000000f0   Zero   RW         7538    .bss                tasks.o
    0x20004b6c        -       0x00000044   Zero   RW         8246    .bss                pid.o
    0x20004bb0        -       0x00000198   Zero   RW         8248    .bss                pid.o
    0x20004d48        -       0x00000400   Zero   RW            1    STACK               startup_stm32f407xx.o


==============================================================================

Image component sizes


      Code (inc. data)   RO Data    RW Data    ZI Data      Debug   Object Name

       864         84          0          6        464       6794   bsp_can.o
       456         54          0          0        256       3498   can.o
       612         84          0         12        168       2792   chassis_task.o
       464         16          0          0          0      20441   cmsis_os.o
        60          8          0          4         12       1383   comm_task.o
       156          8        132         24          0       2075   freertos.o
       100         22          0         12        104       2742   gimbal_task.o
       296         24          0          0          0       1095   gpio.o
       460         24          0         24      15360       4779   heap_4.o
        92          4          0         12          0        953   info_get_task.o
       752        112          0         52          0       4366   info_interactive.o
       452         22        768         20        210       4444   judg_info.o
       136          0          0          0          0       3546   list.o
       240         10          0          0          0     337904   main.o
       292         38          0         20          0       2563   modeswitch_task.o
       412         18          0          0        476       5134   pid.o
       754         84          0         12          0       9297   port.o
      1478         22          0          0         64      21421   queue.o
        64          6          0          0          0       1836   ramp.o
        36          8        392          0       1024        828   startup_stm32f407xx.o
       144         22          0          4          0       4709   stm32f4xx_hal.o
      1878         38          0          0          0       7804   stm32f4xx_hal_can.o
       218         14          0          0          0      31041   stm32f4xx_hal_cortex.o
       492         12          8          0          0       4654   stm32f4xx_hal_dma.o
       442         44          0          0          0       2520   stm32f4xx_hal_gpio.o
      1880         72          0          0          0       8507   stm32f4xx_hal_pcd.o
      1340         76         16          0          0       5911   stm32f4xx_hal_rcc.o
      1262         88          0          0          0      11098   stm32f4xx_hal_tim.o
         4          0          0          0          0       1610   stm32f4xx_hal_tim_ex.o
      1122         20          0          0          0       7452   stm32f4xx_hal_uart.o
        38          6          0          0          0      18743   stm32f4xx_it.o
      1588         20          0          0          0      13544   stm32f4xx_ll_usb.o
         0          0          0          0          0       1472   syscall.o
        84         18          0          4          0       1345   system_stm32f4xx.o
      3040        250          0         56        240      29368   tasks.o
       462         70          0          0        180       4032   tim.o
       952         82          0         16         40      15906   timers.o
      1760        178          0          2        966      11016   usart.o
         0          0          0          0          0     334748   usbd_cdc_if.o
       302          4          0          0        952      10859   usbd_conf.o
       558          0          0          0          0       9896   usbd_core.o
       916         30          0          1          0       7123   usbd_ctlreq.o
       102          0          0          0          0       3808   usbd_ioreq.o

    ----------------------------------------------------------------------
     26802       1692       1348        288      20520     985057   Object Totals
         0          0         32          0          0          0   (incl. Generated)
        42          0          0          7          4          0   (incl. Padding)

    ----------------------------------------------------------------------

      Code (inc. data)   RO Data    RW Data    ZI Data      Debug   Library Member Name

         0          0          0          0          0          0   entry.o
         0          0          0          0          0          0   entry10a.o
         0          0          0          0          0          0   entry11a.o
         8          4          0          0          0          0   entry2.o
         4          0          0          0          0          0   entry5.o
         0          0          0          0          0          0   entry7b.o
         0          0          0          0          0          0   entry8b.o
         8          4          0          0          0          0   entry9a.o
        30          0          0          0          0          0   handlers.o
        36          8          0          0          0         68   init.o
         0          0          0          0          0          0   iusefp.o
        30          0          0          0          0         68   llshl.o
        36          0          0          0          0         68   llsshr.o
        32          0          0          0          0         68   llushr.o
        36          0          0          0          0         68   memcpya.o
        36          0          0          0          0        108   memseta.o
        56          0          0          0          0         88   d2f.o
       334          0          0          0          0        148   dadd.o
       222          0          0          0          0        100   ddiv.o
       186          0          0          0          0        176   depilogue.o
        34          0          0          0          0         76   dflti.o
       228          0          0          0          0         96   dmul.o
        38          0          0          0          0         68   f2d.o
       110          0          0          0          0        168   fepilogue.o

    ----------------------------------------------------------------------
      1466         16          0          0          0       1368   Library Totals
         2          0          0          0          0          0   (incl. Padding)

    ----------------------------------------------------------------------

      Code (inc. data)   RO Data    RW Data    ZI Data      Debug   Library Name

       256         16          0          0          0        448   mc_w.l
      1208          0          0          0          0        920   mf_w.l

    ----------------------------------------------------------------------
      1466         16          0          0          0       1368   Library Totals

    ----------------------------------------------------------------------

==============================================================================


      Code (inc. data)   RO Data    RW Data    ZI Data      Debug   

     28268       1708       1348        288      20520     959357   Grand Totals
     28268       1708       1348        288      20520     959357   ELF Image Totals
     28268       1708       1348        288          0          0   ROM Totals

==============================================================================

    Total RO  Size (Code + RO Data)                29616 (  28.92kB)
    Total RW  Size (RW Data + ZI Data)             20808 (  20.32kB)
    Total ROM Size (Code + RO Data + RW Data)      29904 (  29.20kB)

==============================================================================

