Component: ARM Compiler 5.06 update 6 (build 750) Tool: armlink [4d35ed]

==============================================================================

Section Cross References

    startup_stm32f407xx.o(RESET) refers to startup_stm32f407xx.o(STACK) for __initial_sp
    startup_stm32f407xx.o(RESET) refers to startup_stm32f407xx.o(.text) for Reset_Handler
    startup_stm32f407xx.o(RESET) refers to stm32f4xx_it.o(i.NMI_Handler) for NMI_Handler
    startup_stm32f407xx.o(RESET) refers to stm32f4xx_it.o(i.HardFault_Handler) for HardFault_Handler
    startup_stm32f407xx.o(RESET) refers to stm32f4xx_it.o(i.MemManage_Handler) for MemManage_Handler
    startup_stm32f407xx.o(RESET) refers to stm32f4xx_it.o(i.BusFault_Handler) for BusFault_Handler
    startup_stm32f407xx.o(RESET) refers to stm32f4xx_it.o(i.UsageFault_Handler) for UsageFault_Handler
    startup_stm32f407xx.o(RESET) refers to port.o(.emb_text) for SVC_Handler
    startup_stm32f407xx.o(RESET) refers to stm32f4xx_it.o(i.DebugMon_Handler) for DebugMon_Handler
    startup_stm32f407xx.o(RESET) refers to stm32f4xx_it.o(i.SysTick_Handler) for SysTick_Handler
    startup_stm32f407xx.o(RESET) refers to can.o(i.CAN1_RX0_IRQHandler) for CAN1_RX0_IRQHandler
    startup_stm32f407xx.o(RESET) refers to usart.o(i.USART2_IRQHandler) for USART2_IRQHandler
    startup_stm32f407xx.o(RESET) refers to usart.o(i.USART3_IRQHandler) for USART3_IRQHandler
    startup_stm32f407xx.o(RESET) refers to tim.o(i.TIM5_IRQHandler) for TIM5_IRQHandler
    startup_stm32f407xx.o(RESET) refers to usart.o(i.UART4_IRQHandler) for UART4_IRQHandler
    startup_stm32f407xx.o(RESET) refers to can.o(i.CAN2_RX0_IRQHandler) for CAN2_RX0_IRQHandler
    startup_stm32f407xx.o(RESET) refers to stm32f4xx_it.o(i.OTG_FS_IRQHandler) for OTG_FS_IRQHandler
    startup_stm32f407xx.o(RESET) refers to usart.o(i.USART6_IRQHandler) for USART6_IRQHandler
    startup_stm32f407xx.o(.text) refers to system_stm32f4xx.o(i.SystemInit) for SystemInit
    startup_stm32f407xx.o(.text) refers to entry.o(.ARM.Collect$$$$00000000) for __main
    usbd_cdc_if.o(i.CDC_Init_FS) refers to usbd_cdc.o(i.USBD_CDC_SetTxBuffer) for USBD_CDC_SetTxBuffer
    usbd_cdc_if.o(i.CDC_Init_FS) refers to usbd_cdc.o(i.USBD_CDC_SetRxBuffer) for USBD_CDC_SetRxBuffer
    usbd_cdc_if.o(i.CDC_Init_FS) refers to usbd_cdc_if.o(.data) for .data
    usbd_cdc_if.o(i.CDC_Init_FS) refers to usb_device.o(.bss) for hUsbDeviceFS
    usbd_cdc_if.o(i.CDC_Receive_FS) refers to usbd_cdc.o(i.USBD_CDC_SetRxBuffer) for USBD_CDC_SetRxBuffer
    usbd_cdc_if.o(i.CDC_Receive_FS) refers to usbd_cdc.o(i.USBD_CDC_ReceivePacket) for USBD_CDC_ReceivePacket
    usbd_cdc_if.o(i.CDC_Receive_FS) refers to usb_device.o(.bss) for hUsbDeviceFS
    usbd_cdc_if.o(i.CDC_Transmit_FS) refers to usbd_cdc.o(i.USBD_CDC_SetTxBuffer) for USBD_CDC_SetTxBuffer
    usbd_cdc_if.o(i.CDC_Transmit_FS) refers to usbd_cdc.o(i.USBD_CDC_TransmitPacket) for USBD_CDC_TransmitPacket
    usbd_cdc_if.o(i.CDC_Transmit_FS) refers to usb_device.o(.bss) for hUsbDeviceFS
    usbd_cdc_if.o(.data) refers to usbd_cdc_if.o(i.CDC_Init_FS) for CDC_Init_FS
    usbd_cdc_if.o(.data) refers to usbd_cdc_if.o(i.CDC_DeInit_FS) for CDC_DeInit_FS
    usbd_cdc_if.o(.data) refers to usbd_cdc_if.o(i.CDC_Control_FS) for CDC_Control_FS
    usbd_cdc_if.o(.data) refers to usbd_cdc_if.o(i.CDC_Receive_FS) for CDC_Receive_FS
    usb_device.o(i.MX_USB_DEVICE_Init) refers to usbd_core.o(i.USBD_Init) for USBD_Init
    usb_device.o(i.MX_USB_DEVICE_Init) refers to usbd_core.o(i.USBD_RegisterClass) for USBD_RegisterClass
    usb_device.o(i.MX_USB_DEVICE_Init) refers to usbd_cdc.o(i.USBD_CDC_RegisterInterface) for USBD_CDC_RegisterInterface
    usb_device.o(i.MX_USB_DEVICE_Init) refers to usbd_core.o(i.USBD_Start) for USBD_Start
    usb_device.o(i.MX_USB_DEVICE_Init) refers to usbd_desc.o(.data) for FS_Desc
    usb_device.o(i.MX_USB_DEVICE_Init) refers to usb_device.o(.bss) for .bss
    usb_device.o(i.MX_USB_DEVICE_Init) refers to usbd_cdc.o(.data) for USBD_CDC
    usb_device.o(i.MX_USB_DEVICE_Init) refers to usbd_cdc_if.o(.data) for USBD_Interface_fops_FS
    usbd_desc.o(i.USBD_FS_ConfigStrDescriptor) refers to usbd_ctlreq.o(i.USBD_GetString) for USBD_GetString
    usbd_desc.o(i.USBD_FS_ConfigStrDescriptor) refers to usbd_desc.o(.bss) for .bss
    usbd_desc.o(i.USBD_FS_DeviceDescriptor) refers to usbd_desc.o(.data) for .data
    usbd_desc.o(i.USBD_FS_InterfaceStrDescriptor) refers to usbd_ctlreq.o(i.USBD_GetString) for USBD_GetString
    usbd_desc.o(i.USBD_FS_InterfaceStrDescriptor) refers to usbd_desc.o(.bss) for .bss
    usbd_desc.o(i.USBD_FS_LangIDStrDescriptor) refers to usbd_desc.o(.data) for .data
    usbd_desc.o(i.USBD_FS_ManufacturerStrDescriptor) refers to usbd_ctlreq.o(i.USBD_GetString) for USBD_GetString
    usbd_desc.o(i.USBD_FS_ManufacturerStrDescriptor) refers to usbd_desc.o(.bss) for .bss
    usbd_desc.o(i.USBD_FS_ProductStrDescriptor) refers to usbd_ctlreq.o(i.USBD_GetString) for USBD_GetString
[...]
    DMA1_Stream2_IRQHandler                  0x08000273   Thumb Code     0  startup_stm32f407xx.o(.text)
    DMA1_Stream3_IRQHandler                  0x08000273   Thumb Code     0  startup_stm32f407xx.o(.text)
    DMA1_Stream4_IRQHandler                  0x08000273   Thumb Code     0  startup_stm32f407xx.o(.text)
    DMA1_Stream5_IRQHandler                  0x08000273   Thumb Code     0  startup_stm32f407xx.o(.text)
    DMA1_Stream6_IRQHandler                  0x08000273   Thumb Code     0  startup_stm32f407xx.o(.text)
    DMA1_Stream7_IRQHandler                  0x08000273   Thumb Code     0  startup_stm32f407xx.o(.text)
    DMA2_Stream0_IRQHandler                  0x08000273   Thumb Code     0  startup_stm32f407xx.o(.text)
    DMA2_Stream1_IRQHandler                  0x08000273   Thumb Code     0  startup_stm32f407xx.o(.text)
    DMA2_Stream2_IRQHandler                  0x08000273   Thumb Code     0  startup_stm32f407xx.o(.text)
    DMA2_Stream3_IRQHandler                  0x08000273   Thumb Code     0  startup_stm32f407xx.o(.text)
    DMA2_Stream4_IRQHandler                  0x08000273   Thumb Code     0  startup_stm32f407xx.o(.text)
    DMA2_Stream5_IRQHandler                  0x08000273   Thumb Code     0  startup_stm32f407xx.o(.text)
    DMA2_Stream6_IRQHandler                  0x08000273   Thumb Code     0  startup_stm32f407xx.o(.text)
    DMA2_Stream7_IRQHandler                  0x08000273   Thumb Code     0  startup_stm32f407xx.o(.text)
    ETH_IRQHandler                           0x08000273   Thumb Code     0  startup_stm32f407xx.o(.text)
    ETH_WKUP_IRQHandler                      0x08000273   Thumb Code     0  startup_stm32f407xx.o(.text)
    EXTI0_IRQHandler                         0x08000273   Thumb Code     0  startup_stm32f407xx.o(.text)
    EXTI15_10_IRQHandler                     0x08000273   Thumb Code     0  startup_stm32f407xx.o(.text)
    EXTI1_IRQHandler                         0x08000273   Thumb Code     0  startup_stm32f407xx.o(.text)
    EXTI2_IRQHandler                         0x08000273   Thumb Code     0  startup_stm32f407xx.o(.text)
    EXTI3_IRQHandler                         0x08000273   Thumb Code     0  startup_stm32f407xx.o(.text)
    EXTI4_IRQHandler                         0x08000273   Thumb Code     0  startup_stm32f407xx.o(.text)
    EXTI9_5_IRQHandler                       0x08000273   Thumb Code     0  startup_stm32f407xx.o(.text)
    FLASH_IRQHandler                         0x08000273   Thumb Code     0  startup_stm32f407xx.o(.text)
    FMC_IRQHandler                           0x08000273   Thumb Code     0  startup_stm32f407xx.o(.text)
    FPU_IRQHandler                           0x08000273   Thumb Code     0  startup_stm32f407xx.o(.text)
    HASH_RNG_IRQHandler                      0x08000273   Thumb Code     0  startup_stm32f407xx.o(.text)
    I2C1_ER_IRQHandler                       0x08000273   Thumb Code     0  startup_stm32f407xx.o(.text)
    I2C1_EV_IRQHandler                       0x08000273   Thumb Code     0  startup_stm32f407xx.o(.text)
    I2C2_ER_IRQHandler                       0x08000273   Thumb Code     0  startup_stm32f407xx.o(.text)
    I2C2_EV_IRQHandler                       0x08000273   Thumb Code     0  startup_stm32f407xx.o(.text)
    I2C3_ER_IRQHandler                       0x08000273   Thumb Code     0  startup_stm32f407xx.o(.text)
    I2C3_EV_IRQHandler                       0x08000273   Thumb Code     0  startup_stm32f407xx.o(.text)
    OTG_FS_WKUP_IRQHandler                   0x08000273   Thumb Code     0  startup_stm32f407xx.o(.text)
    OTG_HS_EP1_IN_IRQHandler                 0x08000273   Thumb Code     0  startup_stm32f407xx.o(.text)
    OTG_HS_EP1_OUT_IRQHandler                0x08000273   Thumb Code     0  startup_stm32f407xx.o(.text)
    OTG_HS_IRQHandler                        0x08000273   Thumb Code     0  startup_stm32f407xx.o(.text)
    OTG_HS_WKUP_IRQHandler                   0x08000273   Thumb Code     0  startup_stm32f407xx.o(.text)
    PVD_IRQHandler                           0x08000273   Thumb Code     0  startup_stm32f407xx.o(.text)
    RCC_IRQHandler                           0x08000273   Thumb Code     0  startup_stm32f407xx.o(.text)
    RTC_Alarm_IRQHandler                     0x08000273   Thumb Code     0  startup_stm32f407xx.o(.text)
    RTC_WKUP_IRQHandler                      0x08000273   Thumb Code     0  startup_stm32f407xx.o(.text)
    SDIO_IRQHandler                          0x08000273   Thumb Code     0  startup_stm32f407xx.o(.text)
    SPI1_IRQHandler                          0x08000273   Thumb Code     0  startup_stm32f407xx.o(.text)
    SPI2_IRQHandler                          0x08000273   Thumb Code     0  startup_stm32f407xx.o(.text)
    SPI3_IRQHandler                          0x08000273   Thumb Code     0  startup_stm32f407xx.o(.text)
    TAMP_STAMP_IRQHandler                    0x08000273   Thumb Code     0  startup_stm32f407xx.o(.text)
    TIM1_BRK_TIM9_IRQHandler                 0x08000273   Thumb Code     0  startup_stm32f407xx.o(.text)
    TIM1_CC_IRQHandler                       0x08000273   Thumb Code     0  startup_stm32f407xx.o(.text)
    TIM1_TRG_COM_TIM11_IRQHandler            0x08000273   Thumb Code     0  startup_stm32f407xx.o(.text)
    TIM1_UP_TIM10_IRQHandler                 0x08000273   Thumb Code     0  startup_stm32f407xx.o(.text)
    TIM2_IRQHandler                          0x08000273   Thumb Code     0  startup_stm32f407xx.o(.text)
    TIM3_IRQHandler                          0x08000273   Thumb Code     0  startup_stm32f407xx.o(.text)
    TIM4_IRQHandler                          0x08000273   Thumb Code     0  startup_stm32f407xx.o(.text)
    TIM6_DAC_IRQHandler                      0x08000273   Thumb Code     0  startup_stm32f407xx.o(.text)
    TIM7_IRQHandler                          0x08000273   Thumb Code     0  startup_stm32f407xx.o(.text)
    TIM8_BRK_TIM12_IRQHandler                0x08000273   Thumb Code     0  startup_stm32f407xx.o(.text)
    TIM8_CC_IRQHandler                       0x08000273   Thumb Code     0  startup_stm32f407xx.o(.text)
    TIM8_TRG_COM_TIM14_IRQHandler            0x08000273   Thumb Code     0  startup_stm32f407xx.o(.text)
    TIM8_UP_TIM13_IRQHandler                 0x08000273   Thumb Code     0  startup_stm32f407xx.o(.text)
    UART5_IRQHandler                         0x08000273   Thumb Code     0  startup_stm32f407xx.o(.text)
    USART1_IRQHandler                        0x08000273   Thumb Code     0  startup_stm32f407xx.o(.text)
    WWDG_IRQHandler                          0x08000273   Thumb Code     0  startup_stm32f407xx.o(.text)
    __aeabi_memcpy                           0x0800027d   Thumb Code    36  memcpya.o(.text)
    __aeabi_memcpy4                          0x0800027d   Thumb Code     0  memcpya.o(.text)
    __aeabi_memcpy8                          0x0800027d   Thumb Code     0  memcpya.o(.text)
    __aeabi_memset                           0x080002a1   Thumb Code    14  memseta.o(.text)
    __aeabi_memset4                          0x080002a1   Thumb Code     0  memseta.o(.text)
    __aeabi_memset8                          0x080002a1   Thumb Code     0  memseta.o(.text)
    __aeabi_memclr                           0x080002af   Thumb Code     4  memseta.o(.text)
    __aeabi_memclr4                          0x080002af   Thumb Code     0  memseta.o(.text)
    __aeabi_memclr8                          0x080002af   Thumb Code     0  memseta.o(.text)
    _memset$wrapper                          0x080002b3   Thumb Code    18  memseta.o(.text)
    __aeabi_dadd                             0x080002c5   Thumb Code   322  dadd.o(.text)
    __aeabi_dsub                             0x08000407   Thumb Code     6  dadd.o(.text)
    __aeabi_drsub                            0x0800040d   Thumb Code     6  dadd.o(.text)
    __aeabi_dmul                             0x08000413   Thumb Code   228  dmul.o(.text)
    __aeabi_ddiv                             0x080004f7   Thumb Code   222  ddiv.o(.text)
    __aeabi_i2d                              0x080005d5   Thumb Code    34  dflti.o(.text)
    __aeabi_f2d                              0x080005f7   Thumb Code    38  f2d.o(.text)
    __aeabi_d2f                              0x0800061d   Thumb Code    56  d2f.o(.text)
    __aeabi_llsl                             0x08000655   Thumb Code    30  llshl.o(.text)
    _ll_shift_l                              0x08000655   Thumb Code     0  llshl.o(.text)
    __aeabi_lasr                             0x08000673   Thumb Code    36  llsshr.o(.text)
    _ll_sshift_r                             0x08000673   Thumb Code     0  llsshr.o(.text)
    __I$use$fp                               0x08000697   Thumb Code     0  iusefp.o(.text)
    _float_round                             0x08000697   Thumb Code    18  fepilogue.o(.text)
    _float_epilogue                          0x080006a9   Thumb Code    92  fepilogue.o(.text)
    _double_round                            0x08000705   Thumb Code    30  depilogue.o(.text)
    _double_epilogue                         0x08000723   Thumb Code   156  depilogue.o(.text)
    __scatterload                            0x080007c1   Thumb Code    28  init.o(.text)
    __scatterload_rt2                        0x080007c1   Thumb Code     0  init.o(.text)
    __aeabi_llsr                             0x080007e5   Thumb Code    32  llushr.o(.text)
    _ll_ushift_r                             0x080007e5   Thumb Code     0  llushr.o(.text)
    __aeabi_ui2d                             0x08000805   Thumb Code    26  dfltui.o(.text)
    __aeabi_d2iz                             0x0800081f   Thumb Code    62  dfixi.o(.text)
    __decompress                             0x0800085d   Thumb Code     0  __dczerorl2.o(.text)
    __decompress1                            0x0800085d   Thumb Code    86  __dczerorl2.o(.text)
    BusFault_Handler                         0x080008b3   Thumb Code     2  stm32f4xx_it.o(i.BusFault_Handler)
    CAN1_RX0_IRQHandler                      0x080008b5   Thumb Code     6  can.o(i.CAN1_RX0_IRQHandler)
    CAN2_RX0_IRQHandler                      0x080008c1   Thumb Code     6  can.o(i.CAN2_RX0_IRQHandler)
    DebugMon_Handler                         0x08000afd   Thumb Code     2  stm32f4xx_it.o(i.DebugMon_Handler)
    Error_Handler                            0x08000aff   Thumb Code     2  main.o(i.Error_Handler)
    Get_CRC16_Check_Sum_1                    0x08000b01   Thumb Code    38  judg_info.o(i.Get_CRC16_Check_Sum_1)
    Get_Remote_info                          0x08000b2d   Thumb Code   162  usart.o(i.Get_Remote_info)
    HAL_CAN_ConfigFilter                     0x08000bd5   Thumb Code   218  stm32f4xx_hal_can.o(i.HAL_CAN_ConfigFilter)
    HAL_CAN_ErrorCallback                    0x08000cb9   Thumb Code     2  stm32f4xx_hal_can.o(i.HAL_CAN_ErrorCallback)
    HAL_CAN_IRQHandler                       0x08000cbd   Thumb Code   370  stm32f4xx_hal_can.o(i.HAL_CAN_IRQHandler)
    HAL_CAN_Init                             0x08000e3d   Thumb Code   328  stm32f4xx_hal_can.o(i.HAL_CAN_Init)
    HAL_CAN_MspInit                          0x08000f85   Thumb Code   202  can.o(i.HAL_CAN_MspInit)
    HAL_CAN_Receive_IT                       0x08001065   Thumb Code   134  stm32f4xx_hal_can.o(i.HAL_CAN_Receive_IT)
    HAL_CAN_RxCpltCallback                   0x080010ed   Thumb Code   240  bsp_can.o(i.HAL_CAN_RxCpltCallback)
    HAL_CAN_Transmit                         0x080011f9   Thumb Code   390  stm32f4xx_hal_can.o(i.HAL_CAN_Transmit)
    HAL_CAN_TxCpltCallback                   0x0800138d   Thumb Code     2  stm32f4xx_hal_can.o(i.HAL_CAN_TxCpltCallback)
    HAL_DMA_Init                             0x08001391   Thumb Code   202  stm32f4xx_hal_dma.o(i.HAL_DMA_Init)
    HAL_DMA_Start_IT                         0x08001461   Thumb Code   120  stm32f4xx_hal_dma.o(i.HAL_DMA_Start_IT)
    HAL_Delay                                0x080014d9   Thumb Code    22  stm32f4xx_hal.o(i.HAL_Delay)
    HAL_GPIO_Init                            0x080014f1   Thumb Code   388  stm32f4xx_hal_gpio.o(i.HAL_GPIO_Init)
    HAL_GPIO_WritePin                        0x080016a1   Thumb Code    10  stm32f4xx_hal_gpio.o(i.HAL_GPIO_WritePin)
    HAL_GetTick                              0x080016ad   Thumb Code     6  stm32f4xx_hal.o(i.HAL_GetTick)
    HAL_IncTick                              0x080016b9   Thumb Code    10  stm32f4xx_hal.o(i.HAL_IncTick)
    HAL_Init                                 0x080016c9   Thumb Code    48  stm32f4xx_hal.o(i.HAL_Init)
    HAL_InitTick                             0x080016fd   Thumb Code    34  stm32f4xx_hal.o(i.HAL_InitTick)
    HAL_MspInit                              0x08001725   Thumb Code     2  stm32f4xx_hal.o(i.HAL_MspInit)
    HAL_NVIC_EnableIRQ                       0x08001727   Thumb Code    22  stm32f4xx_hal_cortex.o(i.HAL_NVIC_EnableIRQ)
    HAL_NVIC_SetPriority                     0x0800173d   Thumb Code    60  stm32f4xx_hal_cortex.o(i.HAL_NVIC_SetPriority)
    HAL_NVIC_SetPriorityGrouping             0x0800177d   Thumb Code    26  stm32f4xx_hal_cortex.o(i.HAL_NVIC_SetPriorityGrouping)
    HAL_PCD_ConnectCallback                  0x080017a1   Thumb Code     8  usbd_conf.o(i.HAL_PCD_ConnectCallback)
    HAL_PCD_DataInStageCallback              0x080017a9   Thumb Code    18  usbd_conf.o(i.HAL_PCD_DataInStageCallback)
    HAL_PCD_DataOutStageCallback             0x080017bb   Thumb Code    20  usbd_conf.o(i.HAL_PCD_DataOutStageCallback)
    HAL_PCD_DisconnectCallback               0x080017cf   Thumb Code     8  usbd_conf.o(i.HAL_PCD_DisconnectCallback)
    HAL_PCD_EP_ClrStall                      0x080017d7   Thumb Code    80  stm32f4xx_hal_pcd.o(i.HAL_PCD_EP_ClrStall)
    HAL_PCD_EP_Open                          0x08001827   Thumb Code    84  stm32f4xx_hal_pcd.o(i.HAL_PCD_EP_Open)
    HAL_PCD_EP_Receive                       0x0800187d   Thumb Code    94  stm32f4xx_hal_pcd.o(i.HAL_PCD_EP_Receive)
    HAL_PCD_EP_SetStall                      0x080018db   Thumb Code    96  stm32f4xx_hal_pcd.o(i.HAL_PCD_EP_SetStall)
    HAL_PCD_EP_Transmit                      0x0800193b   Thumb Code    86  stm32f4xx_hal_pcd.o(i.HAL_PCD_EP_Transmit)
    HAL_PCD_IRQHandler                       0x08001991   Thumb Code  1196  stm32f4xx_hal_pcd.o(i.HAL_PCD_IRQHandler)
    HAL_PCD_ISOINIncompleteCallback          0x08001e85   Thumb Code     8  usbd_conf.o(i.HAL_PCD_ISOINIncompleteCallback)
    HAL_PCD_ISOOUTIncompleteCallback         0x08001e8d   Thumb Code     8  usbd_conf.o(i.HAL_PCD_ISOOUTIncompleteCallback)
    HAL_PCD_ResetCallback                    0x08001e95   Thumb Code    32  usbd_conf.o(i.HAL_PCD_ResetCallback)
    HAL_PCD_ResumeCallback                   0x08001eb5   Thumb Code     8  usbd_conf.o(i.HAL_PCD_ResumeCallback)
    HAL_PCD_SOFCallback                      0x08001ebd   Thumb Code     8  usbd_conf.o(i.HAL_PCD_SOFCallback)
    HAL_PCD_SetAddress                       0x08001ec5   Thumb Code    36  stm32f4xx_hal_pcd.o(i.HAL_PCD_SetAddress)
    HAL_PCD_SetupStageCallback               0x08001ee9   Thumb Code    14  usbd_conf.o(i.HAL_PCD_SetupStageCallback)
    HAL_PCD_SuspendCallback                  0x08001ef9   Thumb Code    44  usbd_conf.o(i.HAL_PCD_SuspendCallback)
    HAL_RCC_ClockConfig                      0x08001f29   Thumb Code   364  stm32f4xx_hal_rcc.o(i.HAL_RCC_ClockConfig)
    HAL_RCC_GetHCLKFreq                      0x080020a5   Thumb Code     6  stm32f4xx_hal_rcc.o(i.HAL_RCC_GetHCLKFreq)
    HAL_RCC_GetPCLK1Freq                     0x080020b1   Thumb Code    34  stm32f4xx_hal_rcc.o(i.HAL_RCC_GetPCLK1Freq)
    HAL_RCC_GetPCLK2Freq                     0x080020e1   Thumb Code    34  stm32f4xx_hal_rcc.o(i.HAL_RCC_GetPCLK2Freq)
    HAL_RCC_GetSysClockFreq                  0x08002111   Thumb Code   104  stm32f4xx_hal_rcc.o(i.HAL_RCC_GetSysClockFreq)
    HAL_RCC_OscConfig                        0x08002181   Thumb Code   722  stm32f4xx_hal_rcc.o(i.HAL_RCC_OscConfig)
    HAL_SYSTICK_CLKSourceConfig              0x08002465   Thumb Code    24  stm32f4xx_hal_cortex.o(i.HAL_SYSTICK_CLKSourceConfig)
    HAL_SYSTICK_Config                       0x0800247d   Thumb Code    40  stm32f4xx_hal_cortex.o(i.HAL_SYSTICK_Config)
    HAL_TIMEx_BreakCallback                  0x080024a5   Thumb Code     2  stm32f4xx_hal_tim_ex.o(i.HAL_TIMEx_BreakCallback)
    HAL_TIMEx_CommutationCallback            0x080024a7   Thumb Code     2  stm32f4xx_hal_tim_ex.o(i.HAL_TIMEx_CommutationCallback)
    HAL_TIM_IC_CaptureCallback               0x080024a9   Thumb Code     2  stm32f4xx_hal_tim.o(i.HAL_TIM_IC_CaptureCallback)
    HAL_TIM_IRQHandler                       0x080024ab   Thumb Code   358  stm32f4xx_hal_tim.o(i.HAL_TIM_IRQHandler)
    HAL_TIM_MspPostInit                      0x08002611   Thumb Code   122  tim.o(i.HAL_TIM_MspPostInit)
    HAL_TIM_OC_DelayElapsedCallback          0x080026a5   Thumb Code     2  stm32f4xx_hal_tim.o(i.HAL_TIM_OC_DelayElapsedCallback)
    HAL_TIM_PWM_ConfigChannel                0x080026a7   Thumb Code   208  stm32f4xx_hal_tim.o(i.HAL_TIM_PWM_ConfigChannel)
    HAL_TIM_PWM_Init                         0x08002777   Thumb Code    54  stm32f4xx_hal_tim.o(i.HAL_TIM_PWM_Init)
    HAL_TIM_PWM_MspInit                      0x080027ad   Thumb Code    78  tim.o(i.HAL_TIM_PWM_MspInit)
    HAL_TIM_PWM_PulseFinishedCallback        0x0800280d   Thumb Code     2  stm32f4xx_hal_tim.o(i.HAL_TIM_PWM_PulseFinishedCallback)
    HAL_TIM_PWM_Start                        0x08002811   Thumb Code    48  stm32f4xx_hal_tim.o(i.HAL_TIM_PWM_Start)
    HAL_TIM_PeriodElapsedCallback            0x08002849   Thumb Code     2  tim.o(i.HAL_TIM_PeriodElapsedCallback)
    HAL_TIM_TriggerCallback                  0x0800284b   Thumb Code     2  stm32f4xx_hal_tim.o(i.HAL_TIM_TriggerCallback)
    HAL_UART_ErrorCallback                   0x0800284d   Thumb Code     2  stm32f4xx_hal_uart.o(i.HAL_UART_ErrorCallback)
    HAL_UART_Init                            0x0800284f   Thumb Code    98  stm32f4xx_hal_uart.o(i.HAL_UART_Init)
    HAL_UART_MspInit                         0x080028b1   Thumb Code   724  usart.o(i.HAL_UART_MspInit)
    HAL_UART_Receive_DMA                     0x08002bb9   Thumb Code   132  stm32f4xx_hal_uart.o(i.HAL_UART_Receive_DMA)
    HAL_UART_RxCpltCallback                  0x08002c49   Thumb Code     2  stm32f4xx_hal_uart.o(i.HAL_UART_RxCpltCallback)
    HAL_UART_RxHalfCpltCallback              0x08002c4b   Thumb Code     2  stm32f4xx_hal_uart.o(i.HAL_UART_RxHalfCpltCallback)
    HardFault_Handler                        0x08002c4d   Thumb Code     2  stm32f4xx_it.o(i.HardFault_Handler)
    Judge_Receive                            0x08002c51   Thumb Code   338  judg_info.o(i.Judge_Receive)
    Kalman_Filter                            0x08002dad   Thumb Code   230  bsp_can.o(i.Kalman_Filter)
    MX_CAN1_Init                             0x08002ea1   Thumb Code    94  can.o(i.MX_CAN1_Init)
    MX_CAN2_Init                             0x08002f09   Thumb Code    94  can.o(i.MX_CAN2_Init)
    MX_FREERTOS_Init                         0x08002f71   Thumb Code   140  freertos.o(i.MX_FREERTOS_Init)
    MX_GPIO_Init                             0x08003005   Thumb Code   272  gpio.o(i.MX_GPIO_Init)
    MX_TIM4_Init                             0x0800312d   Thumb Code    70  tim.o(i.MX_TIM4_Init)
    MX_TIM9_Init                             0x0800317d   Thumb Code    86  tim.o(i.MX_TIM9_Init)
    MX_USART1_UART_Init                      0x080031dd   Thumb Code    46  usart.o(i.MX_USART1_UART_Init)
    MX_USART2_UART_Init                      0x08003215   Thumb Code    84  usart.o(i.MX_USART2_UART_Init)
    MX_USART3_UART_Init                      0x08003275   Thumb Code    62  usart.o(i.MX_USART3_UART_Init)
    MX_USART4_UART_Init                      0x080032c1   Thumb Code    48  usart.o(i.MX_USART4_UART_Init)
    MX_USART6_UART_Init                      0x080032f9   Thumb Code    66  usart.o(i.MX_USART6_UART_Init)
    MemManage_Handler                        0x08003349   Thumb Code     2  stm32f4xx_it.o(i.MemManage_Handler)
    NMI_Handler                              0x0800334b   Thumb Code     2  stm32f4xx_it.o(i.NMI_Handler)
    Ni_Ming                                  0x0800336d   Thumb Code   138  ni_ming.o(i.Ni_Ming)
    OTG_FS_IRQHandler                        0x08003405   Thumb Code     6  stm32f4xx_it.o(i.OTG_FS_IRQHandler)
    PID_struct_init                          0x08003499   Thumb Code    60  pid.o(i.PID_struct_init)
    StartDefaultTask                         0x080034dd   Thumb Code     8  freertos.o(i.StartDefaultTask)
    SysTick_Handler                          0x080034e5   Thumb Code    14  stm32f4xx_it.o(i.SysTick_Handler)
    SystemClock_Config                       0x080034f5   Thumb Code   150  main.o(i.SystemClock_Config)
    SystemInit                               0x08003595   Thumb Code    66  system_stm32f4xx.o(i.SystemInit)
    TIM5_IRQHandler                          0x080035e9   Thumb Code     6  tim.o(i.TIM5_IRQHandler)
    TIM_Base_SetConfig                       0x080035f5   Thumb Code   148  stm32f4xx_hal_tim.o(i.TIM_Base_SetConfig)
    TIM_CCxChannelCmd                        0x080036b5   Thumb Code    22  stm32f4xx_hal_tim.o(i.TIM_CCxChannelCmd)
    TIM_OC2_SetConfig                        0x08003725   Thumb Code    90  stm32f4xx_hal_tim.o(i.TIM_OC2_SetConfig)
    UART4_IRQHandler                         0x08003839   Thumb Code    86  usart.o(i.UART4_IRQHandler)
    USART2_IRQHandler                        0x08003c09   Thumb Code   120  usart.o(i.USART2_IRQHandler)
    USART3_IRQHandler                        0x08003c91   Thumb Code   106  usart.o(i.USART3_IRQHandler)
    USART6_IRQHandler                        0x08003d0d   Thumb Code    78  usart.o(i.USART6_IRQHandler)
    USBD_ClrClassConfig                      0x08003d69   Thumb Code    14  usbd_core.o(i.USBD_ClrClassConfig)
    USBD_CtlContinueRx                       0x08003d77   Thumb Code    16  usbd_ioreq.o(i.USBD_CtlContinueRx)
    USBD_CtlContinueSendData                 0x08003d87   Thumb Code    16  usbd_ioreq.o(i.USBD_CtlContinueSendData)
    USBD_CtlError                            0x08003d97   Thumb Code    22  usbd_ctlreq.o(i.USBD_CtlError)
    USBD_CtlReceiveStatus                    0x08003dad   Thumb Code    22  usbd_ioreq.o(i.USBD_CtlReceiveStatus)
    USBD_CtlSendData                         0x08003dc3   Thumb Code    26  usbd_ioreq.o(i.USBD_CtlSendData)
    USBD_CtlSendStatus                       0x08003ddd   Thumb Code    22  usbd_ioreq.o(i.USBD_CtlSendStatus)
    USBD_LL_ClearStallEP                     0x08003ed3   Thumb Code    14  usbd_conf.o(i.USBD_LL_ClearStallEP)
    USBD_LL_DataInStage                      0x08003ee1   Thumb Code   170  usbd_core.o(i.USBD_LL_DataInStage)
    USBD_LL_DataOutStage                     0x08003f8b   Thumb Code   106  usbd_core.o(i.USBD_LL_DataOutStage)
    USBD_LL_DevConnected                     0x08003ff5   Thumb Code     4  usbd_core.o(i.USBD_LL_DevConnected)
    USBD_LL_DevDisconnected                  0x08003ff9   Thumb Code    22  usbd_core.o(i.USBD_LL_DevDisconnected)
    USBD_LL_IsStallEP                        0x0800400f   Thumb Code    32  usbd_conf.o(i.USBD_LL_IsStallEP)
    USBD_LL_IsoINIncomplete                  0x0800402f   Thumb Code     4  usbd_core.o(i.USBD_LL_IsoINIncomplete)
    USBD_LL_IsoOUTIncomplete                 0x08004033   Thumb Code     4  usbd_core.o(i.USBD_LL_IsoOUTIncomplete)
    USBD_LL_OpenEP                           0x08004037   Thumb Code    20  usbd_conf.o(i.USBD_LL_OpenEP)
    USBD_LL_PrepareReceive                   0x0800404b   Thumb Code    14  usbd_conf.o(i.USBD_LL_PrepareReceive)
    USBD_LL_Reset                            0x08004059   Thumb Code    62  usbd_core.o(i.USBD_LL_Reset)
    USBD_LL_Resume                           0x08004097   Thumb Code    12  usbd_core.o(i.USBD_LL_Resume)
    USBD_LL_SOF                              0x080040a3   Thumb Code    24  usbd_core.o(i.USBD_LL_SOF)
    USBD_LL_SetSpeed                         0x080040bb   Thumb Code     6  usbd_core.o(i.USBD_LL_SetSpeed)
    USBD_LL_SetUSBAddress                    0x080040c1   Thumb Code    14  usbd_conf.o(i.USBD_LL_SetUSBAddress)
    USBD_LL_SetupStage                       0x080040cf   Thumb Code    90  usbd_core.o(i.USBD_LL_SetupStage)
    USBD_LL_StallEP                          0x08004129   Thumb Code    14  usbd_conf.o(i.USBD_LL_StallEP)
    USBD_LL_Suspend                          0x08004137   Thumb Code    18  usbd_core.o(i.USBD_LL_Suspend)
    USBD_LL_Transmit                         0x08004149   Thumb Code    14  usbd_conf.o(i.USBD_LL_Transmit)
    USBD_ParseSetupRequest                   0x08004157   Thumb Code    40  usbd_ctlreq.o(i.USBD_ParseSetupRequest)
    USBD_SetClassConfig                      0x0800417f   Thumb Code    22  usbd_core.o(i.USBD_SetClassConfig)
    USBD_StdDevReq                           0x08004209   Thumb Code   242  usbd_ctlreq.o(i.USBD_StdDevReq)
    USBD_StdEPReq                            0x080042fb   Thumb Code   220  usbd_ctlreq.o(i.USBD_StdEPReq)
    USBD_StdItfReq                           0x080043d7   Thumb Code    52  usbd_ctlreq.o(i.USBD_StdItfReq)
    USB_ActivateEndpoint                     0x0800440d   Thumb Code   122  stm32f4xx_ll_usb.o(i.USB_ActivateEndpoint)
    USB_ActivateSetup                        0x0800448d   Thumb Code    52  stm32f4xx_ll_usb.o(i.USB_ActivateSetup)
    USB_EP0StartXfer                         0x080044c1   Thumb Code   316  stm32f4xx_ll_usb.o(i.USB_EP0StartXfer)
    USB_EP0_OutStart                         0x08004601   Thumb Code    62  stm32f4xx_ll_usb.o(i.USB_EP0_OutStart)
    USB_EPClearStall                         0x0800463f   Thumb Code   100  stm32f4xx_ll_usb.o(i.USB_EPClearStall)
    USB_EPSetStall                           0x080046a3   Thumb Code    94  stm32f4xx_ll_usb.o(i.USB_EPSetStall)
    USB_EPStartXfer                          0x08004701   Thumb Code   534  stm32f4xx_ll_usb.o(i.USB_EPStartXfer)
    USB_FlushTxFifo                          0x0800491d   Thumb Code    32  stm32f4xx_ll_usb.o(i.USB_FlushTxFifo)
    USB_GetDevSpeed                          0x08004941   Thumb Code    60  stm32f4xx_ll_usb.o(i.USB_GetDevSpeed)
    USB_GetMode                              0x0800497d   Thumb Code     8  stm32f4xx_ll_usb.o(i.USB_GetMode)
    USB_ReadDevAllInEpInterrupt              0x08004985   Thumb Code    14  stm32f4xx_ll_usb.o(i.USB_ReadDevAllInEpInterrupt)
    USB_ReadDevAllOutEpInterrupt             0x08004993   Thumb Code    14  stm32f4xx_ll_usb.o(i.USB_ReadDevAllOutEpInterrupt)
    USB_ReadDevInEPInterrupt                 0x080049a1   Thumb Code    30  stm32f4xx_ll_usb.o(i.USB_ReadDevInEPInterrupt)
    USB_ReadDevOutEPInterrupt                0x080049bf   Thumb Code    16  stm32f4xx_ll_usb.o(i.USB_ReadDevOutEPInterrupt)
    USB_ReadInterrupts                       0x080049cf   Thumb Code     8  stm32f4xx_ll_usb.o(i.USB_ReadInterrupts)
    USB_ReadPacket                           0x080049d7   Thumb Code    32  stm32f4xx_ll_usb.o(i.USB_ReadPacket)
    USB_SetDevAddress                        0x080049f7   Thumb Code    34  stm32f4xx_ll_usb.o(i.USB_SetDevAddress)
    USB_WritePacket                          0x08004a19   Thumb Code    40  stm32f4xx_ll_usb.o(i.USB_WritePacket)
    UsageFault_Handler                       0x08004a41   Thumb Code     2  stm32f4xx_it.o(i.UsageFault_Handler)
    Verify_CRC16_Check_Sum_1                 0x08004a45   Thumb Code    54  judg_info.o(i.Verify_CRC16_Check_Sum_1)
    __ARM_fpclassify                         0x08004a81   Thumb Code    48  fpclassify.o(i.__ARM_fpclassify)
    __hardfp_cos                             0x08004ab1   Thumb Code   180  cos.o(i.__hardfp_cos)
    __hardfp_sin                             0x08004b79   Thumb Code   180  sin.o(i.__hardfp_sin)
    __ieee754_rem_pio2                       0x08004c41   Thumb Code   938  rred.o(i.__ieee754_rem_pio2)
    __kernel_cos                             0x08005079   Thumb Code   322  cos_i.o(i.__kernel_cos)
    __kernel_poly                            0x080051e9   Thumb Code   248  poly.o(i.__kernel_poly)
    __kernel_sin                             0x080052e1   Thumb Code   280  sin_i.o(i.__kernel_sin)
    __mathlib_dbl_infnan                     0x08005411   Thumb Code    20  dunder.o(i.__mathlib_dbl_infnan)
    __mathlib_dbl_invalid                    0x08005429   Thumb Code    24  dunder.o(i.__mathlib_dbl_invalid)
    __mathlib_dbl_underflow                  0x08005449   Thumb Code    24  dunder.o(i.__mathlib_dbl_underflow)
    __scatterload_copy                       0x08005469   Thumb Code    14  handlers.o(i.__scatterload_copy)
    __scatterload_null                       0x08005477   Thumb Code     2  handlers.o(i.__scatterload_null)
    __scatterload_zeroinit                   0x08005479   Thumb Code    14  handlers.o(i.__scatterload_zeroinit)
    __set_errno                              0x08005489   Thumb Code     6  errno.o(i.__set_errno)
    abs_limit                                0x08005495   Thumb Code    42  pid.o(i.abs_limit)
    can_msg_send_task                        0x080054c1   Thumb Code    64  comm_task.o(i.can_msg_send_task)
    can_receive_start                        0x08005509   Thumb Code    22  bsp_can.o(i.can_receive_start)
    chassis_param_init                       0x08005529   Thumb Code   122  chassis_task.o(i.chassis_param_init)
    chassis_pid_calc                         0x080055c5   Thumb Code   252  pid.o(i.chassis_pid_calc)
    chassis_task                             0x080056c5   Thumb Code   498  chassis_task.o(i.chassis_task)
    encoder_data_handler                     0x080058ed   Thumb Code   180  bsp_can.o(i.encoder_data_handler)
    encoder_data_handler1                    0x080059a9   Thumb Code   184  bsp_can.o(i.encoder_data_handler1)
    encoder_data_handler2                    0x08005a69   Thumb Code   120  bsp_can.o(i.encoder_data_handler2)
    fabs                                     0x08005ae1   Thumb Code    24  fabs.o(i.fabs)
    get_chassis_info                         0x08005af9   Thumb Code   124  info_interactive.o(i.get_chassis_info)
    get_gimbal_info                          0x08005b89   Thumb Code    22  info_interactive.o(i.get_gimbal_info)
    get_main_ctrl_mode                       0x08005ba9   Thumb Code    98  modeswitch_task.o(i.get_main_ctrl_mode)
    get_moto_offset                          0x08005c19   Thumb Code    12  bsp_can.o(i.get_moto_offset)
    gimbal_param_init                        0x08005c25   Thumb Code    20  gimbal_task.o(i.gimbal_param_init)
    gimbal_task                              0x08005c3d   Thumb Code    48  gimbal_task.o(i.gimbal_task)
    info_get_task                            0x08005c89   Thumb Code   114  info_get_task.o(i.info_get_task)
    keyboard_chassis_hook                    0x08005d0d   Thumb Code   254  info_interactive.o(i.keyboard_chassis_hook)
    led_flicker                              0x08005e35   Thumb Code    66  modeswitch_task.o(i.led_flicker)
    main                                     0x08005e81   Thumb Code    78  main.o(i.main)
    mode_swtich_task                         0x08005edd   Thumb Code    92  modeswitch_task.o(i.mode_swtich_task)
    osDelay                                  0x08005f49   Thumb Code    14  cmsis_os.o(i.osDelay)
    osDelayUntil                             0x08005f57   Thumb Code    14  cmsis_os.o(i.osDelayUntil)
    osKernelStart                            0x08005f65   Thumb Code    10  cmsis_os.o(i.osKernelStart)
    osKernelSysTick                          0x08005f6f   Thumb Code    24  cmsis_os.o(i.osKernelSysTick)
    osSignalSet                              0x08005f89   Thumb Code    82  cmsis_os.o(i.osSignalSet)
    osSignalWait                             0x08005fe1   Thumb Code    86  cmsis_os.o(i.osSignalWait)
    osSystickHandler                         0x08006037   Thumb Code    20  cmsis_os.o(i.osSystickHandler)
    osThreadCreate                           0x0800604b   Thumb Code    56  cmsis_os.o(i.osThreadCreate)
    osTimerCreate                            0x08006085   Thumb Code    30  cmsis_os.o(i.osTimerCreate)
    osTimerStart                             0x080060a9   Thumb Code    88  cmsis_os.o(i.osTimerStart)
    pid_calc                                 0x08006105   Thumb Code   230  pid.o(i.pid_calc)
    pvPortMalloc                             0x08006779   Thumb Code   210  heap_4.o(i.pvPortMalloc)
    pvTaskIncrementMutexHeldCount            0x08006851   Thumb Code    18  tasks.o(i.pvTaskIncrementMutexHeldCount)
    pxPortInitialiseStack                    0x08006869   Thumb Code    36  port.o(i.pxPortInitialiseStack)
    ramp_calc                                0x08006891   Thumb Code    50  ramp.o(i.ramp_calc)
    ramp_init                                0x080068c9   Thumb Code     8  ramp.o(i.ramp_init)
    remote_ctrl_chassis_hook                 0x080068d1   Thumb Code   160  info_interactive.o(i.remote_ctrl_chassis_hook)
    send_Gyro                                0x08006999   Thumb Code    50  bsp_can.o(i.send_Gyro)
    uxListRemove                             0x080069d1   Thumb Code    36  list.o(i.uxListRemove)
    uxTaskGetStackHighWaterMark              0x080069f5   Thumb Code    12  tasks.o(i.uxTaskGetStackHighWaterMark)
    vListInitialise                          0x08006a05   Thumb Code    22  list.o(i.vListInitialise)
    vListInitialiseItem                      0x08006a1b   Thumb Code     6  list.o(i.vListInitialiseItem)
    vListInsert                              0x08006a21   Thumb Code    48  list.o(i.vListInsert)
    vListInsertEnd                           0x08006a51   Thumb Code    24  list.o(i.vListInsertEnd)
    vPortEnterCritical                       0x08006a69   Thumb Code    54  port.o(i.vPortEnterCritical)
    vPortExitCritical                        0x08006aa9   Thumb Code    34  port.o(i.vPortExitCritical)
    vPortFree                                0x08006ad1   Thumb Code    88  heap_4.o(i.vPortFree)
    vPortSetupTimerInterrupt                 0x08006b2d   Thumb Code    26  port.o(i.vPortSetupTimerInterrupt)
    vPortValidateInterruptPriority           0x08006b4d   Thumb Code    74  port.o(i.vPortValidateInterruptPriority)
    vQueueAddToRegistry                      0x08006ba1   Thumb Code    34  queue.o(i.vQueueAddToRegistry)
    vQueueWaitForMessageRestricted           0x08006bc9   Thumb Code    60  queue.o(i.vQueueWaitForMessageRestricted)
    vTaskDelay                               0x08006c05   Thumb Code    94  tasks.o(i.vTaskDelay)
    vTaskDelayUntil                          0x08006c6d   Thumb Code   158  tasks.o(i.vTaskDelayUntil)
    vTaskMissedYield                         0x08006d15   Thumb Code     8  tasks.o(i.vTaskMissedYield)
    vTaskPlaceOnEventList                    0x08006d21   Thumb Code    90  tasks.o(i.vTaskPlaceOnEventList)
    vTaskPlaceOnEventListRestricted          0x08006d85   Thumb Code    92  tasks.o(i.vTaskPlaceOnEventListRestricted)
    vTaskPriorityInherit                     0x08006de9   Thumb Code   124  tasks.o(i.vTaskPriorityInherit)
    vTaskSetTimeOutState                     0x08006e6d   Thumb Code    30  tasks.o(i.vTaskSetTimeOutState)
    vTaskStartScheduler                      0x08006e91   Thumb Code    94  tasks.o(i.vTaskStartScheduler)
    vTaskSuspendAll                          0x08006f01   Thumb Code    10  tasks.o(i.vTaskSuspendAll)
    vTaskSwitchContext                       0x08006f11   Thumb Code    82  tasks.o(i.vTaskSwitchContext)
    xPortStartScheduler                      0x08006f6d   Thumb Code   202  port.o(i.xPortStartScheduler)
    xPortSysTickHandler                      0x0800704d   Thumb Code    38  port.o(i.xPortSysTickHandler)
    xQueueGenericCreate                      0x08007079   Thumb Code   100  queue.o(i.xQueueGenericCreate)
    xQueueGenericReceive                     0x080070dd   Thumb Code   358  queue.o(i.xQueueGenericReceive)
    xQueueGenericReset                       0x08007249   Thumb Code   126  queue.o(i.xQueueGenericReset)
    xQueueGenericSend                        0x080072cd   Thumb Code   348  queue.o(i.xQueueGenericSend)
    xQueueGenericSendFromISR                 0x0800742d   Thumb Code   182  queue.o(i.xQueueGenericSendFromISR)
    xTaskCheckForTimeOut                     0x080074e5   Thumb Code   102  tasks.o(i.xTaskCheckForTimeOut)
    xTaskGenericCreate                       0x08007551   Thumb Code   430  tasks.o(i.xTaskGenericCreate)
    xTaskGenericNotify                       0x0800770d   Thumb Code   190  tasks.o(i.xTaskGenericNotify)
    xTaskGenericNotifyFromISR                0x080077d9   Thumb Code   228  tasks.o(i.xTaskGenericNotifyFromISR)
    xTaskGetSchedulerState                   0x080078c5   Thumb Code    22  tasks.o(i.xTaskGetSchedulerState)
    xTaskGetTickCount                        0x080078e1   Thumb Code     6  tasks.o(i.xTaskGetTickCount)
    xTaskGetTickCountFromISR                 0x080078ed   Thumb Code    12  tasks.o(i.xTaskGetTickCountFromISR)
    xTaskIncrementTick                       0x080078fd   Thumb Code   194  tasks.o(i.xTaskIncrementTick)
    xTaskNotifyWait                          0x080079c9   Thumb Code   172  tasks.o(i.xTaskNotifyWait)
    xTaskPriorityDisinherit                  0x08007a81   Thumb Code   144  tasks.o(i.xTaskPriorityDisinherit)
    xTaskRemoveFromEventList                 0x08007b19   Thumb Code   108  tasks.o(i.xTaskRemoveFromEventList)
    xTaskResumeAll                           0x08007b8d   Thumb Code   182  tasks.o(i.xTaskResumeAll)
    xTimerCreate                             0x08007c51   Thumb Code    72  timers.o(i.xTimerCreate)
    xTimerCreateTimerTask                    0x08007c99   Thumb Code    60  timers.o(i.xTimerCreateTimerTask)
    xTimerGenericCommand                     0x08007ce5   Thumb Code    92  timers.o(i.xTimerGenericCommand)
    zitai_data_receive                       0x08007d45   Thumb Code   300  bsp_can.o(i.zitai_data_receive)
    CRC8_TAB_1                               0x08007ee4   Data         256  judg_info.o(.constdata)
    wCRC_Table_1                             0x08007fe4   Data         512  judg_info.o(.constdata)
    APBAHBPrescTable                         0x080081e4   Data          16  stm32f4xx_hal_rcc.o(.constdata)
    Region$$Table$$Base                      0x0800834c   Number         0  anon$$obj.o(Region$$Table)
    Region$$Table$$Limit                     0x0800836c   Number         0  anon$$obj.o(Region$$Table)
    defaultTaskHandle                        0x20000000   Data           4  freertos.o(.data)
    can_msg_seng_task_t                      0x20000004   Data           4  freertos.o(.data)
    mode_sw_task_t                           0x20000008   Data           4  freertos.o(.data)
    info_get_task_t                          0x2000000c   Data           4  freertos.o(.data)
    chassis_timer_id                         0x20000010   Data           4  freertos.o(.data)
    gimbal_timer_id                          0x20000014   Data           4  freertos.o(.data)
    shoot_task_t                             0x20000018   Data           4  freertos.o(.data)
    temp                                     0x2000001c   Data           2  usart.o(.data)
    chassis_stack_surplus                    0x20000024   Data           4  chassis_task.o(.data)
    chassis_time_last                        0x20000028   Data           4  chassis_task.o(.data)
    chassis_time_ms                          0x2000002c   Data           4  chassis_task.o(.data)
    handler_run_time                         0x20000030   Data           4  gimbal_task.o(.data)
    gimbal_stack_surplus                     0x20000034   Data           4  gimbal_task.o(.data)
    info_stack_surplus                       0x20000038   Data           4  info_get_task.o(.data)
    info_time_last                           0x2000003c   Data           4  info_get_task.o(.data)
    info_time_ms                             0x20000040   Data           4  info_get_task.o(.data)
    can_send_surplus                         0x20000044   Data           4  comm_task.o(.data)
    CRC_INIT_1                               0x20000048   Data           2  judg_info.o(.data)
    JudgeFrameCounter                        0x2000004c   Data           4  judg_info.o(.data)
    JudgeFrameRate                           0x20000050   Data           4  judg_info.o(.data)
    GameRobotState                           0x20000054   Data           8  judg_info.o(.data)
    FBSpeedRamp                              0x20000068   Data          20  info_interactive.o(.data)
    LRSpeedRamp                              0x2000007c   Data          20  info_interactive.o(.data)
    ctrl_mode                                0x20000090   Data           1  modeswitch_task.o(.data)
    Reset                                    0x20000094   Data           4  modeswitch_task.o(.data)
    mode_stack_surplus                       0x2000009c   Data           4  modeswitch_task.o(.data)
    mode_switch_times                        0x200000a0   Data           4  modeswitch_task.o(.data)
    ramp_mode                                0x200000a4   Data           1  modeswitch_task.o(.data)
    pc_i                                     0x200000c8   Data           4  bsp_can.o(.data)
    SystemCoreClock                          0x20000104   Data           4  system_stm32f4xx.o(.data)
    uwTick                                   0x20000108   Data           4  stm32f4xx_hal.o(.data)
    pxCurrentTCB                             0x20000140   Data           4  tasks.o(.data)
    hpcd_USB_OTG_FS                          0x20000180   Data         952  usbd_conf.o(.bss)
    hcan1                                    0x20000538   Data          64  can.o(.bss)
    hcan2                                    0x20000578   Data          64  can.o(.bss)
    htim4                                    0x20000638   Data          60  tim.o(.bss)
    htim5                                    0x20000674   Data          60  tim.o(.bss)
    htim9                                    0x200006b0   Data          60  tim.o(.bss)
    RC_CtrlData                              0x200006ec   Data          22  usart.o(.bss)
    huart1                                   0x20000704   Data          64  usart.o(.bss)
    huart2                                   0x20000744   Data          64  usart.o(.bss)
    huart3                                   0x20000784   Data          64  usart.o(.bss)
    huart4                                   0x200007c4   Data          64  usart.o(.bss)
    huart6                                   0x20000804   Data          64  usart.o(.bss)
    UART1TxDMA_Handler                       0x20000844   Data          96  usart.o(.bss)
    UART2RxDMA_Handler                       0x200008a4   Data          96  usart.o(.bss)
    UART3RxDMA_Handler                       0x20000904   Data          96  usart.o(.bss)
    UART4RxDMA_Handler                       0x20000964   Data          96  usart.o(.bss)
    UART6RxDMA_Handler                       0x200009c4   Data          96  usart.o(.bss)
    rc_RxBuffer                              0x20000a24   Data         128  usart.o(.bss)
    Rx_data                                  0x20000aa4   Data          14  usart.o(.bss)
    chassis                                  0x20000ab4   Data         108  chassis_task.o(.bss)
    gim                                      0x20000b20   Data         104  gimbal_task.o(.bss)
    glb_cur                                  0x20000b88   Data          20  comm_task.o(.bss)
    JudgeDataBuffer                          0x20000b9c   Data         150  judg_info.o(.bss)
    InfantryJudge                            0x20000c34   Data          32  judg_info.o(.bss)
    bullet_data                              0x20000c54   Data          10  judg_info.o(.bss)
    GameRobotPos                             0x20000c5e   Data          16  judg_info.o(.bss)
    send_buf                                 0x20000c6e   Data          21  ni_ming.o(.bss)
    moto_pit                                 0x20000c94   Data          68  bsp_can.o(.bss)
    moto_yaw                                 0x20000cd8   Data          68  bsp_can.o(.bss)
    moto_trigger                             0x20000d1c   Data          68  bsp_can.o(.bss)
    moto_chassis                             0x20000d60   Data         272  bsp_can.o(.bss)
    moto_friction                            0x20000e70   Data         296  bsp_can.o(.bss)
    gyro_data                                0x20000f98   Data          56  bsp_can.o(.bss)
    xQueueRegistry                           0x20000fd0   Data          64  queue.o(.bss)
    pid_rotate                               0x20004d28   Data          68  pid.o(.bss)
    pid_spd                                  0x20004d6c   Data         272  pid.o(.bss)
    __initial_sp                             0x20005280   Data           0  startup_stm32f407xx.o(STACK)



==============================================================================

Memory Map of the image

  Image Entry point : 0x08000189

  Load Region LR_IROM1 (Base: 0x08000000, Size: 0x000084ec, Max: 0x00080000, ABSOLUTE, COMPRESSED[0x000083a0])

    Execution Region ER_IROM1 (Exec base: 0x08000000, Load base: 0x08000000, Size: 0x0000836c, Max: 0x00080000, ABSOLUTE)

    Exec Addr    Load Addr    Size         Type   Attr      Idx    E Section Name        Object

    0x08000000   0x08000000   0x00000188   Data   RO            3    RESET               startup_stm32f407xx.o
    0x08000188   0x08000188   0x00000000   Code   RO         8425  * .ARM.Collect$$$$00000000  mc_w.l(entry.o)
    0x08000188   0x08000188   0x00000004   Code   RO         8763    .ARM.Collect$$$$00000001  mc_w.l(entry2.o)
    0x0800018c   0x0800018c   0x00000004   Code   RO         8766    .ARM.Collect$$$$00000004  mc_w.l(entry5.o)
    0x08000190   0x08000190   0x00000000   Code   RO         8768    .ARM.Collect$$$$00000008  mc_w.l(entry7b.o)
    0x08000190   0x08000190   0x00000000   Code   RO         8770    .ARM.Collect$$$$0000000A  mc_w.l(entry8b.o)
    0x08000190   0x08000190   0x00000008   Code   RO         8771    .ARM.Collect$$$$0000000B  mc_w.l(entry9a.o)
    0x08000198   0x08000198   0x00000000   Code   RO         8773    .ARM.Collect$$$$0000000D  mc_w.l(entry10a.o)
    0x08000198   0x08000198   0x00000000   Code   RO         8775    .ARM.Collect$$$$0000000F  mc_w.l(entry11a.o)
    0x08000198   0x08000198   0x00000004   Code   RO         8764    .ARM.Collect$$$$00002712  mc_w.l(entry2.o)
    0x0800019c   0x0800019c   0x000000ba   Code   RO         7114    .emb_text           port.o
    0x08000256   0x08000256   0x00000002   PAD
    0x08000258   0x08000258   0x00000024   Code   RO            4    .text               startup_stm32f407xx.o
    0x0800027c   0x0800027c   0x00000024   Code   RO         8428    .text               mc_w.l(memcpya.o)
    0x080002a0   0x080002a0   0x00000024   Code   RO         8430    .text               mc_w.l(memseta.o)
    0x080002c4   0x080002c4   0x0000014e   Code   RO         8723    .text               mf_w.l(dadd.o)
    0x08000412   0x08000412   0x000000e4   Code   RO         8725    .text               mf_w.l(dmul.o)
    0x080004f6   0x080004f6   0x000000de   Code   RO         8727    .text               mf_w.l(ddiv.o)
    0x080005d4   0x080005d4   0x00000022   Code   RO         8729    .text               mf_w.l(dflti.o)
    0x080005f6   0x080005f6   0x00000026   Code   RO         8731    .text               mf_w.l(f2d.o)
    0x0800061c   0x0800061c   0x00000038   Code   RO         8733    .text               mf_w.l(d2f.o)
    0x08000654   0x08000654   0x0000001e   Code   RO         8781    .text               mc_w.l(llshl.o)
    0x08000672   0x08000672   0x00000024   Code   RO         8783    .text               mc_w.l(llsshr.o)
    0x08000696   0x08000696   0x00000000   Code   RO         8794    .text               mc_w.l(iusefp.o)
    0x08000696   0x08000696   0x0000006e   Code   RO         8795    .text               mf_w.l(fepilogue.o)
    0x08000704   0x08000704   0x000000ba   Code   RO         8797    .text               mf_w.l(depilogue.o)
    0x080007be   0x080007be   0x00000002   PAD
    0x080007c0   0x080007c0   0x00000024   Code   RO         8815    .text               mc_w.l(init.o)
    0x080007e4   0x080007e4   0x00000020   Code   RO         8817    .text               mc_w.l(llushr.o)
    0x08000804   0x08000804   0x0000001a   Code   RO         8819    .text               mf_w.l(dfltui.o)
    0x0800081e   0x0800081e   0x0000003e   Code   RO         8821    .text               mf_w.l(dfixi.o)
    0x0800085c   0x0800085c   0x00000056   Code   RO         8831    .text               mc_w.l(__dczerorl2.o)
    0x080008b2   0x080008b2   0x00000002   Code   RO          326    i.BusFault_Handler  stm32f4xx_it.o
    0x080008b4   0x080008b4   0x0000000c   Code   RO         1029    i.CAN1_RX0_IRQHandler  can.o
    0x080008c0   0x080008c0   0x0000000c   Code   RO         1030    i.CAN2_RX0_IRQHandler  can.o
    0x080008cc   0x080008cc   0x0000012c   Code   RO         4864    i.CAN_Receive_IT    stm32f4xx_hal_can.o
    0x080009f8   0x080009f8   0x00000060   Code   RO         4865    i.CAN_Transmit_IT   stm32f4xx_hal_can.o
    0x08000a58   0x08000a58   0x00000028   Code   RO         2443    i.DMA_CalcBaseAndBitshift  stm32f4xx_hal_dma.o
    0x08000a80   0x08000a80   0x00000054   Code   RO         2444    i.DMA_CheckFifoParam  stm32f4xx_hal_dma.o
    0x08000ad4   0x08000ad4   0x00000028   Code   RO         2445    i.DMA_SetConfig     stm32f4xx_hal_dma.o
    0x08000afc   0x08000afc   0x00000002   Code   RO          327    i.DebugMon_Handler  stm32f4xx_it.o
    0x08000afe   0x08000afe   0x00000002   Code   RO          688    i.Error_Handler     main.o
    0x08000b00   0x08000b00   0x0000002c   Code   RO         1750    i.Get_CRC16_Check_Sum_1  judg_info.o
    0x08000b2c   0x08000b2c   0x000000a8   Code   RO         1236    i.Get_Remote_info   usart.o
    0x08000bd4   0x08000bd4   0x000000e4   Code   RO         4866    i.HAL_CAN_ConfigFilter  stm32f4xx_hal_can.o
    0x08000cb8   0x08000cb8   0x00000002   Code   RO         4868    i.HAL_CAN_ErrorCallback  stm32f4xx_hal_can.o
    0x08000cba   0x08000cba   0x00000002   PAD
    0x08000cbc   0x08000cbc   0x00000180   Code   RO         4871    i.HAL_CAN_IRQHandler  stm32f4xx_hal_can.o
    0x08000e3c   0x08000e3c   0x00000148   Code   RO         4872    i.HAL_CAN_Init      stm32f4xx_hal_can.o
    0x08000f84   0x08000f84   0x000000e0   Code   RO         1031    i.HAL_CAN_MspInit   can.o
    0x08001064   0x08001064   0x00000086   Code   RO         4876    i.HAL_CAN_Receive_IT  stm32f4xx_hal_can.o
    0x080010ea   0x080010ea   0x00000002   PAD
    0x080010ec   0x080010ec   0x0000010c   Code   RO         1964    i.HAL_CAN_RxCpltCallback  bsp_can.o
    0x080011f8   0x080011f8   0x00000194   Code   RO         4879    i.HAL_CAN_Transmit  stm32f4xx_hal_can.o
    0x0800138c   0x0800138c   0x00000002   Code   RO         4881    i.HAL_CAN_TxCpltCallback  stm32f4xx_hal_can.o
    0x0800138e   0x0800138e   0x00000002   PAD
    0x08001390   0x08001390   0x000000d0   Code   RO         2452    i.HAL_DMA_Init      stm32f4xx_hal_dma.o
    0x08001460   0x08001460   0x00000078   Code   RO         2456    i.HAL_DMA_Start_IT  stm32f4xx_hal_dma.o
    0x080014d8   0x080014d8   0x00000016   Code   RO         2120    i.HAL_Delay         stm32f4xx_hal.o
    0x080014ee   0x080014ee   0x00000002   PAD
    0x080014f0   0x080014f0   0x000001b0   Code   RO         3781    i.HAL_GPIO_Init     stm32f4xx_hal_gpio.o
    0x080016a0   0x080016a0   0x0000000a   Code   RO         3785    i.HAL_GPIO_WritePin  stm32f4xx_hal_gpio.o
    0x080016aa   0x080016aa   0x00000002   PAD
    0x080016ac   0x080016ac   0x0000000c   Code   RO         2126    i.HAL_GetTick       stm32f4xx_hal.o
    0x080016b8   0x080016b8   0x00000010   Code   RO         2127    i.HAL_IncTick       stm32f4xx_hal.o
    0x080016c8   0x080016c8   0x00000034   Code   RO         2128    i.HAL_Init          stm32f4xx_hal.o
    0x080016fc   0x080016fc   0x00000028   Code   RO         2129    i.HAL_InitTick      stm32f4xx_hal.o
    0x08001724   0x08001724   0x00000002   Code   RO         2131    i.HAL_MspInit       stm32f4xx_hal.o
    0x08001726   0x08001726   0x00000016   Code   RO         4574    i.HAL_NVIC_EnableIRQ  stm32f4xx_hal_cortex.o
    0x0800173c   0x0800173c   0x00000040   Code   RO         4580    i.HAL_NVIC_SetPriority  stm32f4xx_hal_cortex.o
    0x0800177c   0x0800177c   0x00000024   Code   RO         4581    i.HAL_NVIC_SetPriorityGrouping  stm32f4xx_hal_cortex.o
    0x080017a0   0x080017a0   0x00000008   Code   RO          441    i.HAL_PCD_ConnectCallback  usbd_conf.o
    0x080017a8   0x080017a8   0x00000012   Code   RO          442    i.HAL_PCD_DataInStageCallback  usbd_conf.o
    0x080017ba   0x080017ba   0x00000014   Code   RO          443    i.HAL_PCD_DataOutStageCallback  usbd_conf.o
    0x080017ce   0x080017ce   0x00000008   Code   RO          444    i.HAL_PCD_DisconnectCallback  usbd_conf.o
    0x080017d6   0x080017d6   0x00000050   Code   RO         2559    i.HAL_PCD_EP_ClrStall  stm32f4xx_hal_pcd.o
    0x08001826   0x08001826   0x00000054   Code   RO         2562    i.HAL_PCD_EP_Open   stm32f4xx_hal_pcd.o
    0x0800187a   0x0800187a   0x00000002   PAD
    0x0800187c   0x0800187c   0x0000005e   Code   RO         2563    i.HAL_PCD_EP_Receive  stm32f4xx_hal_pcd.o
    0x080018da   0x080018da   0x00000060   Code   RO         2564    i.HAL_PCD_EP_SetStall  stm32f4xx_hal_pcd.o
    0x0800193a   0x0800193a   0x00000056   Code   RO         2565    i.HAL_PCD_EP_Transmit  stm32f4xx_hal_pcd.o
    0x08001990   0x08001990   0x000004f4   Code   RO         2567    i.HAL_PCD_IRQHandler  stm32f4xx_hal_pcd.o
    0x08001e84   0x08001e84   0x00000008   Code   RO          445    i.HAL_PCD_ISOINIncompleteCallback  usbd_conf.o
    0x08001e8c   0x08001e8c   0x00000008   Code   RO          446    i.HAL_PCD_ISOOUTIncompleteCallback  usbd_conf.o
    0x08001e94   0x08001e94   0x00000020   Code   RO          449    i.HAL_PCD_ResetCallback  usbd_conf.o
    0x08001eb4   0x08001eb4   0x00000008   Code   RO          450    i.HAL_PCD_ResumeCallback  usbd_conf.o
    0x08001ebc   0x08001ebc   0x00000008   Code   RO          451    i.HAL_PCD_SOFCallback  usbd_conf.o
    0x08001ec4   0x08001ec4   0x00000024   Code   RO         2576    i.HAL_PCD_SetAddress  stm32f4xx_hal_pcd.o
    0x08001ee8   0x08001ee8   0x0000000e   Code   RO          452    i.HAL_PCD_SetupStageCallback  usbd_conf.o
    0x08001ef6   0x08001ef6   0x00000002   PAD
    0x08001ef8   0x08001ef8   0x00000030   Code   RO          453    i.HAL_PCD_SuspendCallback  usbd_conf.o
    0x08001f28   0x08001f28   0x0000017c   Code   RO         2321    i.HAL_RCC_ClockConfig  stm32f4xx_hal_rcc.o
    0x080020a4   0x080020a4   0x0000000c   Code   RO         2326    i.HAL_RCC_GetHCLKFreq  stm32f4xx_hal_rcc.o
    0x080020b0   0x080020b0   0x00000030   Code   RO         2328    i.HAL_RCC_GetPCLK1Freq  stm32f4xx_hal_rcc.o
    0x080020e0   0x080020e0   0x00000030   Code   RO         2329    i.HAL_RCC_GetPCLK2Freq  stm32f4xx_hal_rcc.o
    0x08002110   0x08002110   0x00000070   Code   RO         2330    i.HAL_RCC_GetSysClockFreq  stm32f4xx_hal_rcc.o
    0x08002180   0x08002180   0x000002e4   Code   RO         2333    i.HAL_RCC_OscConfig  stm32f4xx_hal_rcc.o
    0x08002464   0x08002464   0x00000018   Code   RO         4583    i.HAL_SYSTICK_CLKSourceConfig  stm32f4xx_hal_cortex.o
    0x0800247c   0x0800247c   0x00000028   Code   RO         4585    i.HAL_SYSTICK_Config  stm32f4xx_hal_cortex.o
    0x080024a4   0x080024a4   0x00000002   Code   RO         3260    i.HAL_TIMEx_BreakCallback  stm32f4xx_hal_tim_ex.o
    0x080024a6   0x080024a6   0x00000002   Code   RO         3261    i.HAL_TIMEx_CommutationCallback  stm32f4xx_hal_tim_ex.o
    0x080024a8   0x080024a8   0x00000002   Code   RO         3875    i.HAL_TIM_IC_CaptureCallback  stm32f4xx_hal_tim.o
    0x080024aa   0x080024aa   0x00000166   Code   RO         3888    i.HAL_TIM_IRQHandler  stm32f4xx_hal_tim.o
    0x08002610   0x08002610   0x00000094   Code   RO         1160    i.HAL_TIM_MspPostInit  tim.o
    0x080026a4   0x080026a4   0x00000002   Code   RO         3891    i.HAL_TIM_OC_DelayElapsedCallback  stm32f4xx_hal_tim.o
    0x080026a6   0x080026a6   0x000000d0   Code   RO         3912    i.HAL_TIM_PWM_ConfigChannel  stm32f4xx_hal_tim.o
    0x08002776   0x08002776   0x00000036   Code   RO         3915    i.HAL_TIM_PWM_Init  stm32f4xx_hal_tim.o
    0x080027ac   0x080027ac   0x00000060   Code   RO         1161    i.HAL_TIM_PWM_MspInit  tim.o
    0x0800280c   0x0800280c   0x00000002   Code   RO         3918    i.HAL_TIM_PWM_PulseFinishedCallback  stm32f4xx_hal_tim.o
    0x0800280e   0x0800280e   0x00000002   PAD
    0x08002810   0x08002810   0x00000038   Code   RO         3919    i.HAL_TIM_PWM_Start  stm32f4xx_hal_tim.o
    0x08002848   0x08002848   0x00000002   Code   RO         1162    i.HAL_TIM_PeriodElapsedCallback  tim.o
    0x0800284a   0x0800284a   0x00000002   Code   RO         3929    i.HAL_TIM_TriggerCallback  stm32f4xx_hal_tim.o
    0x0800284c   0x0800284c   0x00000002   Code   RO         5792    i.HAL_UART_ErrorCallback  stm32f4xx_hal_uart.o
    0x0800284e   0x0800284e   0x00000062   Code   RO         5796    i.HAL_UART_Init     stm32f4xx_hal_uart.o
    0x080028b0   0x080028b0   0x00000308   Code   RO         1238    i.HAL_UART_MspInit  usart.o
    0x08002bb8   0x08002bb8   0x00000090   Code   RO         5800    i.HAL_UART_Receive_DMA  stm32f4xx_hal_uart.o
    0x08002c48   0x08002c48   0x00000002   Code   RO         5802    i.HAL_UART_RxCpltCallback  stm32f4xx_hal_uart.o
    0x08002c4a   0x08002c4a   0x00000002   Code   RO         5803    i.HAL_UART_RxHalfCpltCallback  stm32f4xx_hal_uart.o
    0x08002c4c   0x08002c4c   0x00000002   Code   RO          328    i.HardFault_Handler  stm32f4xx_it.o
    0x08002c4e   0x08002c4e   0x00000002   PAD
    0x08002c50   0x08002c50   0x0000015c   Code   RO         1753    i.Judge_Receive     judg_info.o
    0x08002dac   0x08002dac   0x000000f4   Code   RO         1965    i.Kalman_Filter     bsp_can.o
    0x08002ea0   0x08002ea0   0x00000068   Code   RO         1032    i.MX_CAN1_Init      can.o
    0x08002f08   0x08002f08   0x00000068   Code   RO         1033    i.MX_CAN2_Init      can.o
    0x08002f70   0x08002f70   0x00000094   Code   RO          993    i.MX_FREERTOS_Init  freertos.o
    0x08003004   0x08003004   0x00000128   Code   RO         1362    i.MX_GPIO_Init      gpio.o
    0x0800312c   0x0800312c   0x00000050   Code   RO         1163    i.MX_TIM4_Init      tim.o
    0x0800317c   0x0800317c   0x00000060   Code   RO         1165    i.MX_TIM9_Init      tim.o
    0x080031dc   0x080031dc   0x00000038   Code   RO         1239    i.MX_USART1_UART_Init  usart.o
    0x08003214   0x08003214   0x00000060   Code   RO         1240    i.MX_USART2_UART_Init  usart.o
    0x08003274   0x08003274   0x0000004c   Code   RO         1241    i.MX_USART3_UART_Init  usart.o
    0x080032c0   0x080032c0   0x00000038   Code   RO         1242    i.MX_USART4_UART_Init  usart.o
    0x080032f8   0x080032f8   0x00000050   Code   RO         1243    i.MX_USART6_UART_Init  usart.o
    0x08003348   0x08003348   0x00000002   Code   RO          329    i.MemManage_Handler  stm32f4xx_it.o
    0x0800334a   0x0800334a   0x00000002   Code   RO          330    i.NMI_Handler       stm32f4xx_it.o
    0x0800334c   0x0800334c   0x00000020   Code   RO         4587    i.NVIC_SetPriority  stm32f4xx_hal_cortex.o
    0x0800336c   0x0800336c   0x00000098   Code   RO         1822    i.Ni_Ming           ni_ming.o
    0x08003404   0x08003404   0x0000000c   Code   RO          331    i.OTG_FS_IRQHandler  stm32f4xx_it.o
    0x08003410   0x08003410   0x00000088   Code   RO         2581    i.PCD_WriteEmptyTxFifo  stm32f4xx_hal_pcd.o
    0x08003498   0x08003498   0x00000044   Code   RO         8334    i.PID_struct_init   pid.o
    0x080034dc   0x080034dc   0x00000008   Code   RO          994    i.StartDefaultTask  freertos.o
    0x080034e4   0x080034e4   0x0000000e   Code   RO          332    i.SysTick_Handler   stm32f4xx_it.o
    0x080034f2   0x080034f2   0x00000002   PAD
    0x080034f4   0x080034f4   0x000000a0   Code   RO          689    i.SystemClock_Config  main.o
    0x08003594   0x08003594   0x00000054   Code   RO         2077    i.SystemInit        system_stm32f4xx.o
    0x080035e8   0x080035e8   0x0000000c   Code   RO         1166    i.TIM5_IRQHandler   tim.o
    0x080035f4   0x080035f4   0x000000c0   Code   RO         3930    i.TIM_Base_SetConfig  stm32f4xx_hal_tim.o
    0x080036b4   0x080036b4   0x00000016   Code   RO         3931    i.TIM_CCxChannelCmd  stm32f4xx_hal_tim.o
    0x080036ca   0x080036ca   0x00000002   PAD
    0x080036cc   0x080036cc   0x00000058   Code   RO         3939    i.TIM_OC1_SetConfig  stm32f4xx_hal_tim.o
    0x08003724   0x08003724   0x00000064   Code   RO         3940    i.TIM_OC2_SetConfig  stm32f4xx_hal_tim.o
    0x08003788   0x08003788   0x00000060   Code   RO         3941    i.TIM_OC3_SetConfig  stm32f4xx_hal_tim.o
    0x080037e8   0x080037e8   0x00000050   Code   RO         3942    i.TIM_OC4_SetConfig  stm32f4xx_hal_tim.o
    0x08003838   0x08003838   0x00000064   Code   RO         1244    i.UART4_IRQHandler  usart.o
    0x0800389c   0x0800389c   0x0000004a   Code   RO         5810    i.UART_DMAError     stm32f4xx_hal_uart.o
    0x080038e6   0x080038e6   0x0000003c   Code   RO         5811    i.UART_DMAReceiveCplt  stm32f4xx_hal_uart.o
    0x08003922   0x08003922   0x0000000a   Code   RO         5812    i.UART_DMARxHalfCplt  stm32f4xx_hal_uart.o
    0x0800392c   0x0800392c   0x0000001c   Code   RO         5815    i.UART_EndRxTransfer  stm32f4xx_hal_uart.o
    0x08003948   0x08003948   0x00000012   Code   RO         5816    i.UART_EndTxTransfer  stm32f4xx_hal_uart.o
    0x0800395a   0x0800395a   0x00000002   PAD
    0x0800395c   0x0800395c   0x000002ac   Code   RO         5818    i.UART_SetConfig    stm32f4xx_hal_uart.o
    0x08003c08   0x08003c08   0x00000088   Code   RO         1245    i.USART2_IRQHandler  usart.o
    0x08003c90   0x08003c90   0x0000007c   Code   RO         1246    i.USART3_IRQHandler  usart.o
    0x08003d0c   0x08003d0c   0x0000005c   Code   RO         1247    i.USART6_IRQHandler  usart.o
    0x08003d68   0x08003d68   0x0000000e   Code   RO         8163    i.USBD_ClrClassConfig  usbd_core.o
    0x08003d76   0x08003d76   0x00000010   Code   RO         8103    i.USBD_CtlContinueRx  usbd_ioreq.o
    0x08003d86   0x08003d86   0x00000010   Code   RO         8104    i.USBD_CtlContinueSendData  usbd_ioreq.o
    0x08003d96   0x08003d96   0x00000016   Code   RO         7932    i.USBD_CtlError     usbd_ctlreq.o
    0x08003dac   0x08003dac   0x00000016   Code   RO         8106    i.USBD_CtlReceiveStatus  usbd_ioreq.o
    0x08003dc2   0x08003dc2   0x0000001a   Code   RO         8107    i.USBD_CtlSendData  usbd_ioreq.o
    0x08003ddc   0x08003ddc   0x00000016   Code   RO         8108    i.USBD_CtlSendStatus  usbd_ioreq.o
    0x08003df2   0x08003df2   0x000000e0   Code   RO         7933    i.USBD_GetDescriptor  usbd_ctlreq.o
    0x08003ed2   0x08003ed2   0x0000000e   Code   RO          454    i.USBD_LL_ClearStallEP  usbd_conf.o
    0x08003ee0   0x08003ee0   0x000000aa   Code   RO         8166    i.USBD_LL_DataInStage  usbd_core.o
    0x08003f8a   0x08003f8a   0x0000006a   Code   RO         8167    i.USBD_LL_DataOutStage  usbd_core.o
    0x08003ff4   0x08003ff4   0x00000004   Code   RO         8168    i.USBD_LL_DevConnected  usbd_core.o
    0x08003ff8   0x08003ff8   0x00000016   Code   RO         8169    i.USBD_LL_DevDisconnected  usbd_core.o
    0x0800400e   0x0800400e   0x00000020   Code   RO          461    i.USBD_LL_IsStallEP  usbd_conf.o
    0x0800402e   0x0800402e   0x00000004   Code   RO         8170    i.USBD_LL_IsoINIncomplete  usbd_core.o
    0x08004032   0x08004032   0x00000004   Code   RO         8171    i.USBD_LL_IsoOUTIncomplete  usbd_core.o
    0x08004036   0x08004036   0x00000014   Code   RO          462    i.USBD_LL_OpenEP    usbd_conf.o
    0x0800404a   0x0800404a   0x0000000e   Code   RO          463    i.USBD_LL_PrepareReceive  usbd_conf.o
    0x08004058   0x08004058   0x0000003e   Code   RO         8172    i.USBD_LL_Reset     usbd_core.o
    0x08004096   0x08004096   0x0000000c   Code   RO         8173    i.USBD_LL_Resume    usbd_core.o
    0x080040a2   0x080040a2   0x00000018   Code   RO         8174    i.USBD_LL_SOF       usbd_core.o
    0x080040ba   0x080040ba   0x00000006   Code   RO         8175    i.USBD_LL_SetSpeed  usbd_core.o
    0x080040c0   0x080040c0   0x0000000e   Code   RO          464    i.USBD_LL_SetUSBAddress  usbd_conf.o
    0x080040ce   0x080040ce   0x0000005a   Code   RO         8176    i.USBD_LL_SetupStage  usbd_core.o
    0x08004128   0x08004128   0x0000000e   Code   RO          465    i.USBD_LL_StallEP   usbd_conf.o
    0x08004136   0x08004136   0x00000012   Code   RO         8177    i.USBD_LL_Suspend   usbd_core.o
    0x08004148   0x08004148   0x0000000e   Code   RO          468    i.USBD_LL_Transmit  usbd_conf.o
    0x08004156   0x08004156   0x00000028   Code   RO         7935    i.USBD_ParseSetupRequest  usbd_ctlreq.o
    0x0800417e   0x0800417e   0x00000016   Code   RO         8180    i.USBD_SetClassConfig  usbd_core.o
    0x08004194   0x08004194   0x00000074   Code   RO         7936    i.USBD_SetConfig    usbd_ctlreq.o
    0x08004208   0x08004208   0x000000f2   Code   RO         7937    i.USBD_StdDevReq    usbd_ctlreq.o
    0x080042fa   0x080042fa   0x000000dc   Code   RO         7938    i.USBD_StdEPReq     usbd_ctlreq.o
    0x080043d6   0x080043d6   0x00000034   Code   RO         7939    i.USBD_StdItfReq    usbd_ctlreq.o
    0x0800440a   0x0800440a   0x00000002   PAD
    0x0800440c   0x0800440c   0x00000080   Code   RO         2765    i.USB_ActivateEndpoint  stm32f4xx_ll_usb.o
    0x0800448c   0x0800448c   0x00000034   Code   RO         2766    i.USB_ActivateSetup  stm32f4xx_ll_usb.o
    0x080044c0   0x080044c0   0x00000140   Code   RO         2778    i.USB_EP0StartXfer  stm32f4xx_ll_usb.o
    0x08004600   0x08004600   0x0000003e   Code   RO         2779    i.USB_EP0_OutStart  stm32f4xx_ll_usb.o
    0x0800463e   0x0800463e   0x00000064   Code   RO         2780    i.USB_EPClearStall  stm32f4xx_ll_usb.o
    0x080046a2   0x080046a2   0x0000005e   Code   RO         2781    i.USB_EPSetStall    stm32f4xx_ll_usb.o
    0x08004700   0x08004700   0x0000021c   Code   RO         2782    i.USB_EPStartXfer   stm32f4xx_ll_usb.o
    0x0800491c   0x0800491c   0x00000024   Code   RO         2785    i.USB_FlushTxFifo   stm32f4xx_ll_usb.o
    0x08004940   0x08004940   0x0000003c   Code   RO         2787    i.USB_GetDevSpeed   stm32f4xx_ll_usb.o
    0x0800497c   0x0800497c   0x00000008   Code   RO         2789    i.USB_GetMode       stm32f4xx_ll_usb.o
    0x08004984   0x08004984   0x0000000e   Code   RO         2796    i.USB_ReadDevAllInEpInterrupt  stm32f4xx_ll_usb.o
    0x08004992   0x08004992   0x0000000e   Code   RO         2797    i.USB_ReadDevAllOutEpInterrupt  stm32f4xx_ll_usb.o
    0x080049a0   0x080049a0   0x0000001e   Code   RO         2798    i.USB_ReadDevInEPInterrupt  stm32f4xx_ll_usb.o
    0x080049be   0x080049be   0x00000010   Code   RO         2799    i.USB_ReadDevOutEPInterrupt  stm32f4xx_ll_usb.o
    0x080049ce   0x080049ce   0x00000008   Code   RO         2800    i.USB_ReadInterrupts  stm32f4xx_ll_usb.o
    0x080049d6   0x080049d6   0x00000020   Code   RO         2801    i.USB_ReadPacket    stm32f4xx_ll_usb.o
    0x080049f6   0x080049f6   0x00000022   Code   RO         2804    i.USB_SetDevAddress  stm32f4xx_ll_usb.o
    0x08004a18   0x08004a18   0x00000028   Code   RO         2808    i.USB_WritePacket   stm32f4xx_ll_usb.o
    0x08004a40   0x08004a40   0x00000002   Code   RO          333    i.UsageFault_Handler  stm32f4xx_it.o
    0x08004a42   0x08004a42   0x00000002   PAD
    0x08004a44   0x08004a44   0x0000003c   Code   RO         1754    i.Verify_CRC16_Check_Sum_1  judg_info.o
    0x08004a80   0x08004a80   0x00000030   Code   RO         8811    i.__ARM_fpclassify  m_wm.l(fpclassify.o)
    0x08004ab0   0x08004ab0   0x000000c8   Code   RO         8401    i.__hardfp_cos      m_wm.l(cos.o)
    0x08004b78   0x08004b78   0x000000c8   Code   RO         8413    i.__hardfp_sin      m_wm.l(sin.o)
    0x08004c40   0x08004c40   0x00000438   Code   RO         8752    i.__ieee754_rem_pio2  m_wm.l(rred.o)
    0x08005078   0x08005078   0x00000170   Code   RO         8735    i.__kernel_cos      m_wm.l(cos_i.o)
    0x080051e8   0x080051e8   0x000000f8   Code   RO         8813    i.__kernel_poly     m_wm.l(poly.o)
    0x080052e0   0x080052e0   0x00000130   Code   RO         8757    i.__kernel_sin      m_wm.l(sin_i.o)
    0x08005410   0x08005410   0x00000014   Code   RO         8739    i.__mathlib_dbl_infnan  m_wm.l(dunder.o)
    0x08005424   0x08005424   0x00000004   PAD
    0x08005428   0x08005428   0x00000020   Code   RO         8741    i.__mathlib_dbl_invalid  m_wm.l(dunder.o)
    0x08005448   0x08005448   0x00000020   Code   RO         8744    i.__mathlib_dbl_underflow  m_wm.l(dunder.o)
    0x08005468   0x08005468   0x0000000e   Code   RO         8825    i.__scatterload_copy  mc_w.l(handlers.o)
    0x08005476   0x08005476   0x00000002   Code   RO         8826    i.__scatterload_null  mc_w.l(handlers.o)
    0x08005478   0x08005478   0x0000000e   Code   RO         8827    i.__scatterload_zeroinit  mc_w.l(handlers.o)
    0x08005486   0x08005486   0x00000002   PAD
    0x08005488   0x08005488   0x0000000c   Code   RO         8789    i.__set_errno       mc_w.l(errno.o)
    0x08005494   0x08005494   0x0000002a   Code   RO         8335    i.abs_limit         pid.o
    0x080054be   0x080054be   0x00000002   PAD
    0x080054c0   0x080054c0   0x00000048   Code   RO         1717    i.can_msg_send_task  comm_task.o
    0x08005508   0x08005508   0x00000020   Code   RO         1967    i.can_receive_start  bsp_can.o
    0x08005528   0x08005528   0x0000009c   Code   RO         1611    i.chassis_param_init  chassis_task.o
    0x080055c4   0x080055c4   0x00000100   Code   RO         8336    i.chassis_pid_calc  pid.o
    0x080056c4   0x080056c4   0x00000228   Code   RO         1612    i.chassis_task      chassis_task.o
    0x080058ec   0x080058ec   0x000000bc   Code   RO         1968    i.encoder_data_handler  bsp_can.o
    0x080059a8   0x080059a8   0x000000c0   Code   RO         1969    i.encoder_data_handler1  bsp_can.o
    0x08005a68   0x08005a68   0x00000078   Code   RO         1970    i.encoder_data_handler2  bsp_can.o
    0x08005ae0   0x08005ae0   0x00000018   Code   RO         8807    i.fabs              m_wm.l(fabs.o)
    0x08005af8   0x08005af8   0x00000090   Code   RO         1849    i.get_chassis_info  info_interactive.o
    0x08005b88   0x08005b88   0x00000020   Code   RO         1850    i.get_gimbal_info   info_interactive.o
    0x08005ba8   0x08005ba8   0x00000070   Code   RO         1920    i.get_main_ctrl_mode  modeswitch_task.o
    0x08005c18   0x08005c18   0x0000000c   Code   RO         1971    i.get_moto_offset   bsp_can.o
    0x08005c24   0x08005c24   0x00000018   Code   RO         1649    i.gimbal_param_init  gimbal_task.o
    0x08005c3c   0x08005c3c   0x00000040   Code   RO         1650    i.gimbal_task       gimbal_task.o
    0x08005c7c   0x08005c7c   0x0000000c   Code   RO         7255    i.inHandlerMode     cmsis_os.o
    0x08005c88   0x08005c88   0x00000084   Code   RO         1689    i.info_get_task     info_get_task.o
    0x08005d0c   0x08005d0c   0x00000128   Code   RO         1851    i.keyboard_chassis_hook  info_interactive.o
    0x08005e34   0x08005e34   0x0000004c   Code   RO         1921    i.led_flicker       modeswitch_task.o
    0x08005e80   0x08005e80   0x0000004e   Code   RO          690    i.main              main.o
    0x08005ece   0x08005ece   0x0000000c   Code   RO         7257    i.makeFreeRtosPriority  cmsis_os.o
    0x08005eda   0x08005eda   0x00000002   PAD
    0x08005edc   0x08005edc   0x0000006c   Code   RO         1922    i.mode_swtich_task  modeswitch_task.o
    0x08005f48   0x08005f48   0x0000000e   Code   RO         7258    i.osDelay           cmsis_os.o
    0x08005f56   0x08005f56   0x0000000e   Code   RO         7259    i.osDelayUntil      cmsis_os.o
    0x08005f64   0x08005f64   0x0000000a   Code   RO         7261    i.osKernelStart     cmsis_os.o
    0x08005f6e   0x08005f6e   0x00000018   Code   RO         7262    i.osKernelSysTick   cmsis_os.o
    0x08005f86   0x08005f86   0x00000002   PAD
    0x08005f88   0x08005f88   0x00000058   Code   RO         7288    i.osSignalSet       cmsis_os.o
    0x08005fe0   0x08005fe0   0x00000056   Code   RO         7289    i.osSignalWait      cmsis_os.o
    0x08006036   0x08006036   0x00000014   Code   RO         7290    i.osSystickHandler  cmsis_os.o
    0x0800604a   0x0800604a   0x00000038   Code   RO         7291    i.osThreadCreate    cmsis_os.o
    0x08006082   0x08006082   0x00000002   PAD
    0x08006084   0x08006084   0x00000024   Code   RO         7302    i.osTimerCreate     cmsis_os.o
    0x080060a8   0x080060a8   0x0000005c   Code   RO         7304    i.osTimerStart      cmsis_os.o
    0x08006104   0x08006104   0x000000e6   Code   RO         8337    i.pid_calc          pid.o
    0x080061ea   0x080061ea   0x0000000e   Code   RO         8338    i.pid_param_init    pid.o
    0x080061f8   0x080061f8   0x00000020   Code   RO         8339    i.pid_reset         pid.o
    0x08006218   0x08006218   0x00000034   Code   RO         7588    i.prvAddCurrentTaskToDelayedList  tasks.o
    0x0800624c   0x0800624c   0x00000060   Code   RO         6956    i.prvCheckForValidListAndQueue  timers.o
    0x080062ac   0x080062ac   0x00000054   Code   RO         7589    i.prvCheckTasksWaitingTermination  tasks.o
    0x08006300   0x08006300   0x00000026   Code   RO         6789    i.prvCopyDataFromQueue  queue.o
    0x08006326   0x08006326   0x0000006e   Code   RO         6790    i.prvCopyDataToQueue  queue.o
    0x08006394   0x08006394   0x0000004c   Code   RO         7065    i.prvHeapInit       heap_4.o
    0x080063e0   0x080063e0   0x00000028   Code   RO         7590    i.prvIdleTask       tasks.o
    0x08006408   0x08006408   0x0000004c   Code   RO         7066    i.prvInsertBlockIntoFreeList  heap_4.o
    0x08006454   0x08006454   0x00000038   Code   RO         6957    i.prvInsertTimerInActiveList  timers.o
    0x0800648c   0x0800648c   0x000000bc   Code   RO         6958    i.prvProcessReceivedCommands  timers.o
    0x08006548   0x08006548   0x000000b8   Code   RO         6959    i.prvProcessTimerOrBlockTask  timers.o
    0x08006600   0x08006600   0x00000020   Code   RO         7592    i.prvResetNextTaskUnblockTime  tasks.o
    0x08006620   0x08006620   0x00000028   Code   RO         6960    i.prvSampleTimeNow  timers.o
    0x08006648   0x08006648   0x0000006c   Code   RO         6961    i.prvSwitchTimerLists  timers.o
    0x080066b4   0x080066b4   0x00000014   Code   RO         7593    i.prvTaskCheckFreeStackSpace  tasks.o
    0x080066c8   0x080066c8   0x00000028   Code   RO         7115    i.prvTaskExitError  port.o
    0x080066f0   0x080066f0   0x00000024   Code   RO         6962    i.prvTimerTask      timers.o
    0x08006714   0x08006714   0x00000064   Code   RO         6791    i.prvUnlockQueue    queue.o
    0x08006778   0x08006778   0x000000d8   Code   RO         7067    i.pvPortMalloc      heap_4.o
    0x08006850   0x08006850   0x00000018   Code   RO         7595    i.pvTaskIncrementMutexHeldCount  tasks.o
    0x08006868   0x08006868   0x00000028   Code   RO         7116    i.pxPortInitialiseStack  port.o
    0x08006890   0x08006890   0x00000038   Code   RO         8301    i.ramp_calc         ramp.o
    0x080068c8   0x080068c8   0x00000008   Code   RO         8302    i.ramp_init         ramp.o
    0x080068d0   0x080068d0   0x000000c8   Code   RO         1853    i.remote_ctrl_chassis_hook  info_interactive.o
    0x08006998   0x08006998   0x00000038   Code   RO         1973    i.send_Gyro         bsp_can.o
    0x080069d0   0x080069d0   0x00000024   Code   RO         7893    i.uxListRemove      list.o
    0x080069f4   0x080069f4   0x00000010   Code   RO         7598    i.uxTaskGetStackHighWaterMark  tasks.o
    0x08006a04   0x08006a04   0x00000016   Code   RO         7894    i.vListInitialise   list.o
    0x08006a1a   0x08006a1a   0x00000006   Code   RO         7895    i.vListInitialiseItem  list.o
    0x08006a20   0x08006a20   0x00000030   Code   RO         7896    i.vListInsert       list.o
    0x08006a50   0x08006a50   0x00000018   Code   RO         7897    i.vListInsertEnd    list.o
    0x08006a68   0x08006a68   0x00000040   Code   RO         7118    i.vPortEnterCritical  port.o
    0x08006aa8   0x08006aa8   0x00000028   Code   RO         7119    i.vPortExitCritical  port.o
    0x08006ad0   0x08006ad0   0x0000005c   Code   RO         7068    i.vPortFree         heap_4.o
    0x08006b2c   0x08006b2c   0x00000020   Code   RO         7120    i.vPortSetupTimerInterrupt  port.o
    0x08006b4c   0x08006b4c   0x00000054   Code   RO         7121    i.vPortValidateInterruptPriority  port.o
    0x08006ba0   0x08006ba0   0x00000028   Code   RO         6797    i.vQueueAddToRegistry  queue.o
    0x08006bc8   0x08006bc8   0x0000003c   Code   RO         6801    i.vQueueWaitForMessageRestricted  queue.o
    0x08006c04   0x08006c04   0x00000068   Code   RO         7604    i.vTaskDelay        tasks.o
    0x08006c6c   0x08006c6c   0x000000a8   Code   RO         7605    i.vTaskDelayUntil   tasks.o
    0x08006d14   0x08006d14   0x0000000c   Code   RO         7608    i.vTaskMissedYield  tasks.o
    0x08006d20   0x08006d20   0x00000064   Code   RO         7610    i.vTaskPlaceOnEventList  tasks.o
    0x08006d84   0x08006d84   0x00000064   Code   RO         7611    i.vTaskPlaceOnEventListRestricted  tasks.o
    0x08006de8   0x08006de8   0x00000084   Code   RO         7613    i.vTaskPriorityInherit  tasks.o
    0x08006e6c   0x08006e6c   0x00000024   Code   RO         7617    i.vTaskSetTimeOutState  tasks.o
    0x08006e90   0x08006e90   0x00000070   Code   RO         7618    i.vTaskStartScheduler  tasks.o
    0x08006f00   0x08006f00   0x00000010   Code   RO         7620    i.vTaskSuspendAll   tasks.o
    0x08006f10   0x08006f10   0x0000005c   Code   RO         7621    i.vTaskSwitchContext  tasks.o
    0x08006f6c   0x08006f6c   0x000000e0   Code   RO         7122    i.xPortStartScheduler  port.o
    0x0800704c   0x0800704c   0x0000002c   Code   RO         7123    i.xPortSysTickHandler  port.o
    0x08007078   0x08007078   0x00000064   Code   RO         6803    i.xQueueGenericCreate  queue.o
    0x080070dc   0x080070dc   0x0000016c   Code   RO         6804    i.xQueueGenericReceive  queue.o
    0x08007248   0x08007248   0x00000084   Code   RO         6805    i.xQueueGenericReset  queue.o
    0x080072cc   0x080072cc   0x00000160   Code   RO         6806    i.xQueueGenericSend  queue.o
    0x0800742c   0x0800742c   0x000000b6   Code   RO         6807    i.xQueueGenericSendFromISR  queue.o
    0x080074e2   0x080074e2   0x00000002   PAD
    0x080074e4   0x080074e4   0x0000006c   Code   RO         7622    i.xTaskCheckForTimeOut  tasks.o
    0x08007550   0x08007550   0x000001bc   Code   RO         7623    i.xTaskGenericCreate  tasks.o
    0x0800770c   0x0800770c   0x000000cc   Code   RO         7624    i.xTaskGenericNotify  tasks.o
    0x080077d8   0x080077d8   0x000000ec   Code   RO         7625    i.xTaskGenericNotifyFromISR  tasks.o
    0x080078c4   0x080078c4   0x0000001c   Code   RO         7627    i.xTaskGetSchedulerState  tasks.o
    0x080078e0   0x080078e0   0x0000000c   Code   RO         7628    i.xTaskGetTickCount  tasks.o
    0x080078ec   0x080078ec   0x00000010   Code   RO         7629    i.xTaskGetTickCountFromISR  tasks.o
    0x080078fc   0x080078fc   0x000000cc   Code   RO         7630    i.xTaskIncrementTick  tasks.o
    0x080079c8   0x080079c8   0x000000b8   Code   RO         7632    i.xTaskNotifyWait   tasks.o
    0x08007a80   0x08007a80   0x00000098   Code   RO         7633    i.xTaskPriorityDisinherit  tasks.o
    0x08007b18   0x08007b18   0x00000074   Code   RO         7634    i.xTaskRemoveFromEventList  tasks.o
    0x08007b8c   0x08007b8c   0x000000c4   Code   RO         7636    i.xTaskResumeAll    tasks.o
    0x08007c50   0x08007c50   0x00000048   Code   RO         6965    i.xTimerCreate      timers.o
    0x08007c98   0x08007c98   0x0000004c   Code   RO         6966    i.xTimerCreateTimerTask  timers.o
    0x08007ce4   0x08007ce4   0x00000060   Code   RO         6967    i.xTimerGenericCommand  timers.o
    0x08007d44   0x08007d44   0x00000148   Code   RO         1977    i.zitai_data_receive  bsp_can.o
    0x08007e8c   0x08007e8c   0x00000058   Data   RO          995    .constdata          freertos.o
    0x08007ee4   0x08007ee4   0x00000300   Data   RO         1758    .constdata          judg_info.o
    0x080081e4   0x080081e4   0x00000010   Data   RO         2334    .constdata          stm32f4xx_hal_rcc.o
    0x080081f4   0x080081f4   0x00000008   Data   RO         2458    .constdata          stm32f4xx_hal_dma.o
    0x080081fc   0x080081fc   0x00000004   PAD
    0x08008200   0x08008200   0x00000030   Data   RO         8736    .constdata          m_wm.l(cos_i.o)
    0x08008230   0x08008230   0x000000c8   Data   RO         8754    .constdata          m_wm.l(rred.o)
    0x080082f8   0x080082f8   0x00000028   Data   RO         8758    .constdata          m_wm.l(sin_i.o)
    0x08008320   0x08008320   0x0000002c   Data   RO          996    .conststring        freertos.o
    0x0800834c   0x0800834c   0x00000020   Data   RO         8823    Region$$Table       anon$$obj.o


    Execution Region RW_IRAM1 (Exec base: 0x20000000, Load base: 0x0800836c, Size: 0x00005280, Max: 0x00020000, ABSOLUTE, COMPRESSED[0x00000034])

    Exec Addr    Load Addr    Size         Type   Attr      Idx    E Section Name        Object

    0x20000000   COMPRESSED   0x00000018   Data   RW          997    .data               freertos.o
    0x20000018   COMPRESSED   0x00000004   Data   RW          998    .data               freertos.o
    0x2000001c   COMPRESSED   0x00000002   Data   RW         1255    .data               usart.o
    0x2000001e   COMPRESSED   0x00000002   PAD
    0x20000020   COMPRESSED   0x00000010   Data   RW         1614    .data               chassis_task.o
    0x20000030   COMPRESSED   0x00000008   Data   RW         1652    .data               gimbal_task.o
    0x20000038   COMPRESSED   0x0000000c   Data   RW         1690    .data               info_get_task.o
    0x20000044   COMPRESSED   0x00000004   Data   RW         1719    .data               comm_task.o
    0x20000048   COMPRESSED   0x00000014   Data   RW         1759    .data               judg_info.o
    0x2000005c   COMPRESSED   0x00000034   Data   RW         1859    .data               info_interactive.o
    0x20000090   COMPRESSED   0x00000014   Data   RW         1923    .data               modeswitch_task.o
    0x200000a4   COMPRESSED   0x00000001   Data   RW         1924    .data               modeswitch_task.o
    0x200000a5   COMPRESSED   0x00000003   PAD
    0x200000a8   COMPRESSED   0x0000005c   Data   RW         1982    .data               bsp_can.o
    0x20000104   COMPRESSED   0x00000004   Data   RW         2079    .data               system_stm32f4xx.o
    0x20000108   COMPRESSED   0x00000004   Data   RW         2134    .data               stm32f4xx_hal.o
    0x2000010c   COMPRESSED   0x00000010   Data   RW         6970    .data               timers.o
    0x2000011c   COMPRESSED   0x00000018   Data   RW         7073    .data               heap_4.o
    0x20000134   COMPRESSED   0x0000000c   Data   RW         7124    .data               port.o
    0x20000140   COMPRESSED   0x00000038   Data   RW         7639    .data               tasks.o
    0x20000178   COMPRESSED   0x00000001   Data   RW         7940    .data               usbd_ctlreq.o
    0x20000179   COMPRESSED   0x00000003   PAD
    0x2000017c   COMPRESSED   0x00000004   Data   RW         8790    .data               mc_w.l(errno.o)
    0x20000180        -       0x000003b8   Zero   RW          469    .bss                usbd_conf.o
    0x20000538        -       0x00000100   Zero   RW         1034    .bss                can.o
    0x20000638        -       0x000000b4   Zero   RW         1167    .bss                tim.o
    0x200006ec        -       0x000003c6   Zero   RW         1250    .bss                usart.o
    0x20000ab2   COMPRESSED   0x00000002   PAD
    0x20000ab4        -       0x0000006c   Zero   RW         1613    .bss                chassis_task.o
    0x20000b20        -       0x00000068   Zero   RW         1651    .bss                gimbal_task.o
    0x20000b88        -       0x00000014   Zero   RW         1718    .bss                comm_task.o
    0x20000b9c        -       0x000000d2   Zero   RW         1756    .bss                judg_info.o
    0x20000c6e        -       0x00000015   Zero   RW         1823    .bss                ni_ming.o
    0x20000c83   COMPRESSED   0x00000001   PAD
    0x20000c84        -       0x0000034c   Zero   RW         1978    .bss                bsp_can.o
    0x20000fd0        -       0x00000040   Zero   RW         6813    .bss                queue.o
    0x20001010        -       0x00000028   Zero   RW         6969    .bss                timers.o
    0x20001038        -       0x00003c00   Zero   RW         7072    .bss                heap_4.o
    0x20004c38        -       0x000000f0   Zero   RW         7638    .bss                tasks.o
    0x20004d28        -       0x00000044   Zero   RW         8346    .bss                pid.o
    0x20004d6c        -       0x00000110   Zero   RW         8348    .bss                pid.o
    0x20004e7c   COMPRESSED   0x00000004   PAD
    0x20004e80        -       0x00000400   Zero   RW            1    STACK               startup_stm32f407xx.o


==============================================================================

Image component sizes


      Code (inc. data)   RO Data    RW Data    ZI Data      Debug   Object Name

      1440        108          0         92        844       8744   bsp_can.o
       456         54          0          0        256       3458   can.o
       708         88          0         16        108       2670   chassis_task.o
       464         16          0          0          0      20441   cmsis_os.o
        72          8          0          4         20       1467   comm_task.o
       156          8        132         28          0       2075   freertos.o
        88         20          0          8        104       2654   gimbal_task.o
       296         24          0          0          0       1087   gpio.o
       460         24          0         24      15360       4779   heap_4.o
       132         18          0         12          0        957   info_get_task.o
       672        112          0         52          0       3004   info_interactive.o
       452         22        768         20        210       4444   judg_info.o
       136          0          0          0          0       3546   list.o
       240         10          0          0          0      84896   main.o
       296         40          0         21          0       2475   modeswitch_task.o
       152         14          0          0         21       1421   ni_ming.o
       642         18          0          0        340       5809   pid.o
       754         84          0         12          0       9297   port.o
      1478         22          0          0         64      21421   queue.o
        64          6          0          0          0       1836   ramp.o
        36          8        392          0       1024        828   startup_stm32f407xx.o
       144         22          0          4          0       4709   stm32f4xx_hal.o
      1878         38          0          0          0       7804   stm32f4xx_hal_can.o
       218         14          0          0          0      31041   stm32f4xx_hal_cortex.o
       492         12          8          0          0       4654   stm32f4xx_hal_dma.o
       442         44          0          0          0       2520   stm32f4xx_hal_gpio.o
      1880         72          0          0          0       8507   stm32f4xx_hal_pcd.o
      1340         76         16          0          0       5911   stm32f4xx_hal_rcc.o
      1262         88          0          0          0      11098   stm32f4xx_hal_tim.o
         4          0          0          0          0       1610   stm32f4xx_hal_tim_ex.o
      1122         20          0          0          0       7452   stm32f4xx_hal_uart.o
        38          6          0          0          0      18743   stm32f4xx_it.o
      1588         20          0          0          0      13544   stm32f4xx_ll_usb.o
         0          0          0          0          0       1472   syscall.o
        84         18          0          4          0       1345   system_stm32f4xx.o
      3040        250          0         56        240      29368   tasks.o
       434         70          0          0        180       3964   tim.o
       952         82          0         16         40      15906   timers.o
      1760        178          0          2        966      10924   usart.o
         0          0          0          0          0     334748   usbd_cdc_if.o
       302          4          0          0        952      10859   usbd_conf.o
       558          0          0          0          0       9896   usbd_core.o
       916         30          0          1          0       7123   usbd_ctlreq.o
       102          0          0          0          0       3808   usbd_ioreq.o

    ----------------------------------------------------------------------
     27790       1748       1352        380      20736     734315   Object Totals
         0          0         32          0          0          0   (incl. Generated)
        40          0          4          8          7          0   (incl. Padding)

    ----------------------------------------------------------------------

      Code (inc. data)   RO Data    RW Data    ZI Data      Debug   Library Member Name

       200         20          0          0          0        164   cos.o
       368         46         48          0          0        200   cos_i.o
        84         16          0          0          0        372   dunder.o
        24          0          0          0          0        124   fabs.o
        48          0          0          0          0        124   fpclassify.o
       248          0          0          0          0        152   poly.o
      1080        142        200          0          0        188   rred.o
       200         20          0          0          0        164   sin.o
       304         24         40          0          0        208   sin_i.o
        86          0          0          0          0          0   __dczerorl2.o
         0          0          0          0          0          0   entry.o
         0          0          0          0          0          0   entry10a.o
         0          0          0          0          0          0   entry11a.o
         8          4          0          0          0          0   entry2.o
         4          0          0          0          0          0   entry5.o
         0          0          0          0          0          0   entry7b.o
         0          0          0          0          0          0   entry8b.o
         8          4          0          0          0          0   entry9a.o
        12          6          0          4          0         68   errno.o
        30          0          0          0          0          0   handlers.o
        36          8          0          0          0         68   init.o
         0          0          0          0          0          0   iusefp.o
        30          0          0          0          0         68   llshl.o
        36          0          0          0          0         68   llsshr.o
        32          0          0          0          0         68   llushr.o
        36          0          0          0          0         68   memcpya.o
        36          0          0          0          0        108   memseta.o
        56          0          0          0          0         88   d2f.o
       334          0          0          0          0        148   dadd.o
       222          0          0          0          0        100   ddiv.o
       186          0          0          0          0        176   depilogue.o
        62          0          0          0          0         80   dfixi.o
        34          0          0          0          0         76   dflti.o
        26          0          0          0          0         76   dfltui.o
       228          0          0          0          0         96   dmul.o
        38          0          0          0          0         68   f2d.o
       110          0          0          0          0        168   fepilogue.o

    ----------------------------------------------------------------------
      4214        290        288          4          0       3288   Library Totals
         8          0          0          0          0          0   (incl. Padding)

    ----------------------------------------------------------------------

      Code (inc. data)   RO Data    RW Data    ZI Data      Debug   Library Name

      2556        268        288          0          0       1696   m_wm.l
       354         22          0          4          0        516   mc_w.l
      1296          0          0          0          0       1076   mf_w.l

    ----------------------------------------------------------------------
      4214        290        288          4          0       3288   Library Totals

    ----------------------------------------------------------------------

==============================================================================


      Code (inc. data)   RO Data    RW Data    ZI Data      Debug   

     32004       2038       1640        384      20736     709359   Grand Totals
     32004       2038       1640         52      20736     709359   ELF Image Totals (compressed)
     32004       2038       1640         52          0          0   ROM Totals

==============================================================================

    Total RO  Size (Code + RO Data)                33644 (  32.86kB)
    Total RW  Size (RW Data + ZI Data)             21120 (  20.63kB)
    Total ROM Size (Code + RO Data + RW Data)      33696 (  32.91kB)

==============================================================================

